../Core/Src/main.c:126:6:GetAllData	72	static
../Core/Src/main.c:155:6:SendAllData	152	static
../Core/Src/main.c:214:6:WriteOnSD	64	static
../Core/Src/main.c:232:5:main	136	static
../Core/Src/main.c:358:6:SystemClock_Config	88	static
../Core/Src/main.c:404:13:MX_ADC1_Init	24	static
../Core/Src/main.c:456:13:MX_I2C1_Init	8	static
../Core/Src/main.c:490:13:MX_SPI1_Init	8	static
../Core/Src/main.c:528:13:MX_TIM2_Init	32	static
../Core/Src/main.c:573:13:MX_TIM11_Init	8	static
../Core/Src/main.c:604:13:MX_USART1_UART_Init	8	static
../Core/Src/main.c:637:13:MX_USART2_UART_Init	8	static
../Core/Src/main.c:670:13:MX_GPIO_Init	48	static
../Core/Src/main.c:714:10:FloatToBin	32	static
../Core/Src/main.c:723:7:ADC_ConvertVBat	16	static
../Core/Src/main.c:737:6:StartDefaultTask	16	static
../Core/Src/main.c:769:6:HAL_TIM_PeriodElapsedCallback	16	static
../Core/Src/main.c:786:6:Error_Handler	4	static,ignoring_inline_asm
