Archive member included to satisfy reference by file (symbol)

c:/st/stm32cubeide_1.8.0/stm32cubeide/plugins/com.st.stm32cube.ide.mcu.externaltools.gnu-tools-for-stm32.10.3-2021.10.win32_1.0.0.202111181127/tools/bin/../lib/gcc/arm-none-eabi/10.3.1/../../../../arm-none-eabi/lib/thumb/v7e-m+fp/hard\libc_nano.a(lib_a-errno.o)
                              ./Core/Src/syscalls.o (__errno)
c:/st/stm32cubeide_1.8.0/stm32cubeide/plugins/com.st.stm32cube.ide.mcu.externaltools.gnu-tools-for-stm32.10.3-2021.10.win32_1.0.0.202111181127/tools/bin/../lib/gcc/arm-none-eabi/10.3.1/../../../../arm-none-eabi/lib/thumb/v7e-m+fp/hard\libc_nano.a(lib_a-exit.o)
                              c:/st/stm32cubeide_1.8.0/stm32cubeide/plugins/com.st.stm32cube.ide.mcu.externaltools.gnu-tools-for-stm32.10.3-2021.10.win32_1.0.0.202111181127/tools/bin/../lib/gcc/arm-none-eabi/10.3.1/../../../../arm-none-eabi/lib/thumb/v7e-m+fp/hard/crt0.o (exit)
c:/st/stm32cubeide_1.8.0/stm32cubeide/plugins/com.st.stm32cube.ide.mcu.externaltools.gnu-tools-for-stm32.10.3-2021.10.win32_1.0.0.202111181127/tools/bin/../lib/gcc/arm-none-eabi/10.3.1/../../../../arm-none-eabi/lib/thumb/v7e-m+fp/hard\libc_nano.a(lib_a-impure.o)
                              c:/st/stm32cubeide_1.8.0/stm32cubeide/plugins/com.st.stm32cube.ide.mcu.externaltools.gnu-tools-for-stm32.10.3-2021.10.win32_1.0.0.202111181127/tools/bin/../lib/gcc/arm-none-eabi/10.3.1/../../../../arm-none-eabi/lib/thumb/v7e-m+fp/hard\libc_nano.a(lib_a-exit.o) (_global_impure_ptr)
c:/st/stm32cubeide_1.8.0/stm32cubeide/plugins/com.st.stm32cube.ide.mcu.externaltools.gnu-tools-for-stm32.10.3-2021.10.win32_1.0.0.202111181127/tools/bin/../lib/gcc/arm-none-eabi/10.3.1/../../../../arm-none-eabi/lib/thumb/v7e-m+fp/hard\libc_nano.a(lib_a-init.o)
                              c:/st/stm32cubeide_1.8.0/stm32cubeide/plugins/com.st.stm32cube.ide.mcu.externaltools.gnu-tools-for-stm32.10.3-2021.10.win32_1.0.0.202111181127/tools/bin/../lib/gcc/arm-none-eabi/10.3.1/../../../../arm-none-eabi/lib/thumb/v7e-m+fp/hard/crt0.o (__libc_init_array)
c:/st/stm32cubeide_1.8.0/stm32cubeide/plugins/com.st.stm32cube.ide.mcu.externaltools.gnu-tools-for-stm32.10.3-2021.10.win32_1.0.0.202111181127/tools/bin/../lib/gcc/arm-none-eabi/10.3.1/../../../../arm-none-eabi/lib/thumb/v7e-m+fp/hard\libc_nano.a(lib_a-memset.o)
                              c:/st/stm32cubeide_1.8.0/stm32cubeide/plugins/com.st.stm32cube.ide.mcu.externaltools.gnu-tools-for-stm32.10.3-2021.10.win32_1.0.0.202111181127/tools/bin/../lib/gcc/arm-none-eabi/10.3.1/../../../../arm-none-eabi/lib/thumb/v7e-m+fp/hard/crt0.o (memset)
c:/st/stm32cubeide_1.8.0/stm32cubeide/plugins/com.st.stm32cube.ide.mcu.externaltools.gnu-tools-for-stm32.10.3-2021.10.win32_1.0.0.202111181127/tools/bin/../lib/gcc/arm-none-eabi/10.3.1/../../../../arm-none-eabi/lib/thumb/v7e-m+fp/hard\libc_nano.a(lib_a-sprintf.o)
                              ./Core/Src/main.o (sprintf)
c:/st/stm32cubeide_1.8.0/stm32cubeide/plugins/com.st.stm32cube.ide.mcu.externaltools.gnu-tools-for-stm32.10.3-2021.10.win32_1.0.0.202111181127/tools/bin/../lib/gcc/arm-none-eabi/10.3.1/../../../../arm-none-eabi/lib/thumb/v7e-m+fp/hard\libc_nano.a(lib_a-nano-svfprintf.o)
                              c:/st/stm32cubeide_1.8.0/stm32cubeide/plugins/com.st.stm32cube.ide.mcu.externaltools.gnu-tools-for-stm32.10.3-2021.10.win32_1.0.0.202111181127/tools/bin/../lib/gcc/arm-none-eabi/10.3.1/../../../../arm-none-eabi/lib/thumb/v7e-m+fp/hard\libc_nano.a(lib_a-sprintf.o) (_svfprintf_r)
c:/st/stm32cubeide_1.8.0/stm32cubeide/plugins/com.st.stm32cube.ide.mcu.externaltools.gnu-tools-for-stm32.10.3-2021.10.win32_1.0.0.202111181127/tools/bin/../lib/gcc/arm-none-eabi/10.3.1/../../../../arm-none-eabi/lib/thumb/v7e-m+fp/hard\libc_nano.a(lib_a-nano-vfprintf_i.o)
                              c:/st/stm32cubeide_1.8.0/stm32cubeide/plugins/com.st.stm32cube.ide.mcu.externaltools.gnu-tools-for-stm32.10.3-2021.10.win32_1.0.0.202111181127/tools/bin/../lib/gcc/arm-none-eabi/10.3.1/../../../../arm-none-eabi/lib/thumb/v7e-m+fp/hard\libc_nano.a(lib_a-nano-svfprintf.o) (_printf_i)
c:/st/stm32cubeide_1.8.0/stm32cubeide/plugins/com.st.stm32cube.ide.mcu.externaltools.gnu-tools-for-stm32.10.3-2021.10.win32_1.0.0.202111181127/tools/bin/../lib/gcc/arm-none-eabi/10.3.1/../../../../arm-none-eabi/lib/thumb/v7e-m+fp/hard\libc_nano.a(lib_a-memchr.o)
                              c:/st/stm32cubeide_1.8.0/stm32cubeide/plugins/com.st.stm32cube.ide.mcu.externaltools.gnu-tools-for-stm32.10.3-2021.10.win32_1.0.0.202111181127/tools/bin/../lib/gcc/arm-none-eabi/10.3.1/../../../../arm-none-eabi/lib/thumb/v7e-m+fp/hard\libc_nano.a(lib_a-nano-svfprintf.o) (memchr)
c:/st/stm32cubeide_1.8.0/stm32cubeide/plugins/com.st.stm32cube.ide.mcu.externaltools.gnu-tools-for-stm32.10.3-2021.10.win32_1.0.0.202111181127/tools/bin/../lib/gcc/arm-none-eabi/10.3.1/../../../../arm-none-eabi/lib/thumb/v7e-m+fp/hard\libc_nano.a(lib_a-memcpy-stub.o)
[...]
Memory Configuration

Name             Origin             Length             Attributes
RAM              0x0000000020000000 0x0000000000010000 xrw
FLASH            0x0000000008000000 0x0000000000040000 xr
*default*        0x0000000000000000 0xffffffffffffffff

Linker script and memory map

LOAD c:/st/stm32cubeide_1.8.0/stm32cubeide/plugins/com.st.stm32cube.ide.mcu.externaltools.gnu-tools-for-stm32.10.3-2021.10.win32_1.0.0.202111181127/tools/bin/../lib/gcc/arm-none-eabi/10.3.1/thumb/v7e-m+fp/hard/crti.o
LOAD c:/st/stm32cubeide_1.8.0/stm32cubeide/plugins/com.st.stm32cube.ide.mcu.externaltools.gnu-tools-for-stm32.10.3-2021.10.win32_1.0.0.202111181127/tools/bin/../lib/gcc/arm-none-eabi/10.3.1/thumb/v7e-m+fp/hard/crtbegin.o
LOAD c:/st/stm32cubeide_1.8.0/stm32cubeide/plugins/com.st.stm32cube.ide.mcu.externaltools.gnu-tools-for-stm32.10.3-2021.10.win32_1.0.0.202111181127/tools/bin/../lib/gcc/arm-none-eabi/10.3.1/../../../../arm-none-eabi/lib/thumb/v7e-m+fp/hard/crt0.o
LOAD ./Core/Src/fatfs_sd.o
LOAD ./Core/Src/main.o
LOAD ./Core/Src/stm32f4xx_hal_msp.o
LOAD ./Core/Src/stm32f4xx_it.o
LOAD ./Core/Src/syscalls.o
LOAD ./Core/Src/sysmem.o
LOAD ./Core/Src/system_stm32f4xx.o
LOAD ./Core/Startup/startup_stm32f401ccux.o
LOAD ./Drivers/DS18B20/DS18B20.o
LOAD ./Drivers/DS18B20/DS18B20_port.o
LOAD ./Drivers/LSM6DS3/LSM6DS3.o
LOAD ./Drivers/LSM6DS3/LSM6DS3_port.o
LOAD ./Drivers/MS5607/MS5607.o
LOAD ./Drivers/MS5607/MS5607_port.o
LOAD ./Drivers/QMC5883L/QMC5883L.o
LOAD ./Drivers/QMC5883L/QMC5883L_port.o
LOAD ./Drivers/RadioTransmit/Transmitter.o
LOAD ./Drivers/SMA_Filter/SMA_filter_lib.o
LOAD ./Drivers/STM32F4xx_HAL_Driver/Src/stm32f4xx_hal.o
LOAD ./Drivers/STM32F4xx_HAL_Driver/Src/stm32f4xx_hal_adc.o
LOAD ./Drivers/STM32F4xx_HAL_Driver/Src/stm32f4xx_hal_adc_ex.o
LOAD ./Drivers/STM32F4xx_HAL_Driver/Src/stm32f4xx_hal_cortex.o
LOAD ./Drivers/STM32F4xx_HAL_Driver/Src/stm32f4xx_hal_dma.o
LOAD ./Drivers/STM32F4xx_HAL_Driver/Src/stm32f4xx_hal_dma_ex.o
LOAD ./Drivers/STM32F4xx_HAL_Driver/Src/stm32f4xx_hal_exti.o
LOAD ./Drivers/STM32F4xx_HAL_Driver/Src/stm32f4xx_hal_flash.o
LOAD ./Drivers/STM32F4xx_HAL_Driver/Src/stm32f4xx_hal_flash_ex.o
LOAD ./Drivers/STM32F4xx_HAL_Driver/Src/stm32f4xx_hal_flash_ramfunc.o
LOAD ./Drivers/STM32F4xx_HAL_Driver/Src/stm32f4xx_hal_gpio.o
LOAD ./Drivers/STM32F4xx_HAL_Driver/Src/stm32f4xx_hal_i2c.o
LOAD ./Drivers/STM32F4xx_HAL_Driver/Src/stm32f4xx_hal_i2c_ex.o
LOAD ./Drivers/STM32F4xx_HAL_Driver/Src/stm32f4xx_hal_pwr.o
LOAD ./Drivers/STM32F4xx_HAL_Driver/Src/stm32f4xx_hal_pwr_ex.o
LOAD ./Drivers/STM32F4xx_HAL_Driver/Src/stm32f4xx_hal_rcc.o
LOAD ./Drivers/STM32F4xx_HAL_Driver/Src/stm32f4xx_hal_rcc_ex.o
LOAD ./Drivers/STM32F4xx_HAL_Driver/Src/stm32f4xx_hal_spi.o
LOAD ./Drivers/STM32F4xx_HAL_Driver/Src/stm32f4xx_hal_tim.o
LOAD ./Drivers/STM32F4xx_HAL_Driver/Src/stm32f4xx_hal_tim_ex.o
LOAD ./Drivers/STM32F4xx_HAL_Driver/Src/stm32f4xx_hal_uart.o
LOAD ./Drivers/STM32F4xx_HAL_Driver/Src/stm32f4xx_ll_adc.o
LOAD ./Drivers/UCAM3/UCAM3.o
LOAD ./Drivers/UCAM3/UCAM3_port.o
LOAD ./FATFS/App/fatfs.o
LOAD ./FATFS/Target/user_diskio.o
LOAD ./Middlewares/Third_Party/FatFs/src/diskio.o
LOAD ./Middlewares/Third_Party/FatFs/src/ff.o
LOAD ./Middlewares/Third_Party/FatFs/src/ff_gen_drv.o
LOAD ./Middlewares/Third_Party/FatFs/src/option/ccsbcs.o
LOAD ./Middlewares/Third_Party/FatFs/src/option/syscall.o
START GROUP
LOAD c:/st/stm32cubeide_1.8.0/stm32cubeide/plugins/com.st.stm32cube.ide.mcu.externaltools.gnu-tools-for-stm32.10.3-2021.10.win32_1.0.0.202111181127/tools/bin/../lib/gcc/arm-none-eabi/10.3.1/../../../../arm-none-eabi/lib/thumb/v7e-m+fp/hard\libc_nano.a
LOAD c:/st/stm32cubeide_1.8.0/stm32cubeide/plugins/com.st.stm32cube.ide.mcu.externaltools.gnu-tools-for-stm32.10.3-2021.10.win32_1.0.0.202111181127/tools/bin/../lib/gcc/arm-none-eabi/10.3.1/../../../../arm-none-eabi/lib/thumb/v7e-m+fp/hard\libm.a
END GROUP
START GROUP
LOAD c:/st/stm32cubeide_1.8.0/stm32cubeide/plugins/com.st.stm32cube.ide.mcu.externaltools.gnu-tools-for-stm32.10.3-2021.10.win32_1.0.0.202111181127/tools/bin/../lib/gcc/arm-none-eabi/10.3.1/thumb/v7e-m+fp/hard\libgcc.a
LOAD c:/st/stm32cubeide_1.8.0/stm32cubeide/plugins/com.st.stm32cube.ide.mcu.externaltools.gnu-tools-for-stm32.10.3-2021.10.win32_1.0.0.202111181127/tools/bin/../lib/gcc/arm-none-eabi/10.3.1/../../../../arm-none-eabi/lib/thumb/v7e-m+fp/hard\libc_nano.a
END GROUP
START GROUP
LOAD c:/st/stm32cubeide_1.8.0/stm32cubeide/plugins/com.st.stm32cube.ide.mcu.externaltools.gnu-tools-for-stm32.10.3-2021.10.win32_1.0.0.202111181127/tools/bin/../lib/gcc/arm-none-eabi/10.3.1/thumb/v7e-m+fp/hard\libgcc.a
LOAD c:/st/stm32cubeide_1.8.0/stm32cubeide/plugins/com.st.stm32cube.ide.mcu.externaltools.gnu-tools-for-stm32.10.3-2021.10.win32_1.0.0.202111181127/tools/bin/../lib/gcc/arm-none-eabi/10.3.1/../../../../arm-none-eabi/lib/thumb/v7e-m+fp/hard\libc_nano.a
LOAD c:/st/stm32cubeide_1.8.0/stm32cubeide/plugins/com.st.stm32cube.ide.mcu.externaltools.gnu-tools-for-stm32.10.3-2021.10.win32_1.0.0.202111181127/tools/bin/../lib/gcc/arm-none-eabi/10.3.1/../../../../arm-none-eabi/lib/thumb/v7e-m+fp/hard\libnosys.a
END GROUP
START GROUP
LOAD c:/st/stm32cubeide_1.8.0/stm32cubeide/plugins/com.st.stm32cube.ide.mcu.externaltools.gnu-tools-for-stm32.10.3-2021.10.win32_1.0.0.202111181127/tools/bin/../lib/gcc/arm-none-eabi/10.3.1/thumb/v7e-m+fp/hard\libgcc.a
LOAD c:/st/stm32cubeide_1.8.0/stm32cubeide/plugins/com.st.stm32cube.ide.mcu.externaltools.gnu-tools-for-stm32.10.3-2021.10.win32_1.0.0.202111181127/tools/bin/../lib/gcc/arm-none-eabi/10.3.1/../../../../arm-none-eabi/lib/thumb/v7e-m+fp/hard\libc_nano.a
LOAD c:/st/stm32cubeide_1.8.0/stm32cubeide/plugins/com.st.stm32cube.ide.mcu.externaltools.gnu-tools-for-stm32.10.3-2021.10.win32_1.0.0.202111181127/tools/bin/../lib/gcc/arm-none-eabi/10.3.1/../../../../arm-none-eabi/lib/thumb/v7e-m+fp/hard\libnosys.a
END GROUP
LOAD c:/st/stm32cubeide_1.8.0/stm32cubeide/plugins/com.st.stm32cube.ide.mcu.externaltools.gnu-tools-for-stm32.10.3-2021.10.win32_1.0.0.202111181127/tools/bin/../lib/gcc/arm-none-eabi/10.3.1/thumb/v7e-m+fp/hard/crtend.o
LOAD c:/st/stm32cubeide_1.8.0/stm32cubeide/plugins/com.st.stm32cube.ide.mcu.externaltools.gnu-tools-for-stm32.10.3-2021.10.win32_1.0.0.202111181127/tools/bin/../lib/gcc/arm-none-eabi/10.3.1/thumb/v7e-m+fp/hard/crtn.o
                0x0000000020010000                _estack = (ORIGIN (RAM) + LENGTH (RAM))
                0x0000000000000200                _Min_Heap_Size = 0x200
                0x0000000000000400                _Min_Stack_Size = 0x400

.isr_vector     0x0000000008000000      0x194
                0x0000000008000000                . = ALIGN (0x4)
 *(.isr_vector)
 .isr_vector    0x0000000008000000      0x194 ./Core/Startup/startup_stm32f401ccux.o
                0x0000000008000000                g_pfnVectors
                0x0000000008000194                . = ALIGN (0x4)

.text           0x00000000080001a0     0xb9ac
                0x00000000080001a0                . = ALIGN (0x4)
 *(.text)
 .text          0x00000000080001a0       0x40 c:/st/stm32cubeide_1.8.0/stm32cubeide/plugins/com.st.stm32cube.ide.mcu.externaltools.gnu-tools-for-stm32.10.3-2021.10.win32_1.0.0.202111181127/tools/bin/../lib/gcc/arm-none-eabi/10.3.1/thumb/v7e-m+fp/hard/crtbegin.o
 .text          0x00000000080001e0       0xa0 c:/st/stm32cubeide_1.8.0/stm32cubeide/plugins/com.st.stm32cube.ide.mcu.externaltools.gnu-tools-for-stm32.10.3-2021.10.win32_1.0.0.202111181127/tools/bin/../lib/gcc/arm-none-eabi/10.3.1/../../../../arm-none-eabi/lib/thumb/v7e-m+fp/hard\libc_nano.a(lib_a-memchr.o)
                0x00000000080001e0                memchr
 .text          0x0000000008000280       0x30 c:/st/stm32cubeide_1.8.0/stm32cubeide/plugins/com.st.stm32cube.ide.mcu.externaltools.gnu-tools-for-stm32.10.3-2021.10.win32_1.0.0.202111181127/tools/bin/../lib/gcc/arm-none-eabi/10.3.1/thumb/v7e-m+fp/hard\libgcc.a(_aeabi_uldivmod.o)
                0x0000000008000280                __aeabi_uldivmod
 .text          0x00000000080002b0      0x2d0 c:/st/stm32cubeide_1.8.0/stm32cubeide/plugins/com.st.stm32cube.ide.mcu.externaltools.gnu-tools-for-stm32.10.3-2021.10.win32_1.0.0.202111181127/tools/bin/../lib/gcc/arm-none-eabi/10.3.1/thumb/v7e-m+fp/hard\libgcc.a(_udivmoddi4.o)
                0x00000000080002b0                __udivmoddi4
 .text          0x0000000008000580        0x4 c:/st/stm32cubeide_1.8.0/stm32cubeide/plugins/com.st.stm32cube.ide.mcu.externaltools.gnu-tools-for-stm32.10.3-2021.10.win32_1.0.0.202111181127/tools/bin/../lib/gcc/arm-none-eabi/10.3.1/thumb/v7e-m+fp/hard\libgcc.a(_dvmd_tls.o)
                0x0000000008000580                __aeabi_idiv0
                0x0000000008000580                __aeabi_ldiv0
 *(.text*)
 .text.SELECT   0x0000000008000584       0x20 ./Core/Src/fatfs_sd.o
 .text.DESELECT
                0x00000000080005a4       0x20 ./Core/Src/fatfs_sd.o
 .text.SPI_TxByte
                0x00000000080005c4       0x34 ./Core/Src/fatfs_sd.o
 .text.SPI_TxBuffer
                0x00000000080005f8       0x34 ./Core/Src/fatfs_sd.o
 .text.SPI_RxByte
                0x000000000800062c       0x38 ./Core/Src/fatfs_sd.o
 .text.SPI_RxBytePtr
                0x0000000008000664       0x1c ./Core/Src/fatfs_sd.o
 .text.SD_ReadyWait
                0x0000000008000680       0x34 ./Core/Src/fatfs_sd.o
 .text.SD_PowerOn
                0x00000000080006b4       0x84 ./Core/Src/fatfs_sd.o
 .text.SD_PowerOff
                0x0000000008000738       0x18 ./Core/Src/fatfs_sd.o
 .text.SD_CheckPower
                0x0000000008000750       0x18 ./Core/Src/fatfs_sd.o
 .text.SD_RxDataBlock
                0x0000000008000768       0x60 ./Core/Src/fatfs_sd.o
 .text.SD_TxDataBlock
                0x00000000080007c8       0x86 ./Core/Src/fatfs_sd.o
 .text.SD_SendCmd
                0x000000000800084e       0xa8 ./Core/Src/fatfs_sd.o
 *fill*         0x00000000080008f6        0x2 
 .text.SD_disk_initialize
                0x00000000080008f8      0x1d8 ./Core/Src/fatfs_sd.o
                0x00000000080008f8                SD_disk_initialize
 .text.SD_disk_status
                0x0000000008000ad0       0x2c ./Core/Src/fatfs_sd.o
                0x0000000008000ad0                SD_disk_status
 .text.SD_disk_read
                0x0000000008000afc       0xd4 ./Core/Src/fatfs_sd.o
                0x0000000008000afc                SD_disk_read
 .text.SD_disk_write
                0x0000000008000bd0      0x108 ./Core/Src/fatfs_sd.o
                0x0000000008000bd0                SD_disk_write
 .text.SD_disk_ioctl
                0x0000000008000cd8      0x258 ./Core/Src/fatfs_sd.o
                0x0000000008000cd8                SD_disk_ioctl
 .text.Delay_us
                0x0000000008000f30       0x34 ./Core/Src/main.o
                0x0000000008000f30                Delay_us
 .text.StructsInit
                0x0000000008000f64        0xe ./Core/Src/main.o
                0x0000000008000f64                StructsInit
 *fill*         0x0000000008000f72        0x2 
 .text.TransmitRadio
                0x0000000008000f74       0x64 ./Core/Src/main.o
                0x0000000008000f74                TransmitRadio
 .text.GetAllGPS
                0x0000000008000fd8      0x10c ./Core/Src/main.o
                0x0000000008000fd8                GetAllGPS
 .text.HealthMonitor
                0x00000000080010e4       0x98 ./Core/Src/main.o
                0x00000000080010e4                HealthMonitor
 .text.GetData  0x000000000800117c      0x154 ./Core/Src/main.o
                0x000000000800117c                GetData
 .text.SendData
                0x00000000080012d0       0x94 ./Core/Src/main.o
                0x00000000080012d0                SendData
 .text.CheckForFiles
                0x0000000008001364      0x144 ./Core/Src/main.o
                0x0000000008001364                CheckForFiles
 .text.WriteOnSD
                0x00000000080014a8       0xc4 ./Core/Src/main.o
                0x00000000080014a8                WriteOnSD
 .text.main     0x000000000800156c       0xc8 ./Core/Src/main.o
                0x000000000800156c                main
 .text.SystemClock_Config
                0x0000000008001634       0xd4 ./Core/Src/main.o
                0x0000000008001634                SystemClock_Config
 .text.MX_ADC1_Init
                0x0000000008001708       0xdc ./Core/Src/main.o
 .text.MX_I2C1_Init
                0x00000000080017e4       0x5c ./Core/Src/main.o
 .text.MX_SPI1_Init
                0x0000000008001840       0x6c ./Core/Src/main.o
 .text.MX_TIM2_Init
                0x00000000080018ac       0x98 ./Core/Src/main.o
 .text.MX_TIM11_Init
                0x0000000008001944       0x48 ./Core/Src/main.o
 .text.MX_USART2_UART_Init
                0x000000000800198c       0x54 ./Core/Src/main.o
 .text.MX_DMA_Init
                0x00000000080019e0       0x40 ./Core/Src/main.o
 .text.MX_GPIO_Init
                0x0000000008001a20      0x138 ./Core/Src/main.o
 .text.HAL_SYSTICK_Callback
                0x0000000008001b58       0x80 ./Core/Src/main.o
                0x0000000008001b58                HAL_SYSTICK_Callback
 .text.Error_Handler
                0x0000000008001bd8        0xa ./Core/Src/main.o
                0x0000000008001bd8                Error_Handler
 *fill*         0x0000000008001be2        0x2 
 .text.HAL_MspInit
                0x0000000008001be4       0x50 ./Core/Src/stm32f4xx_hal_msp.o
                0x0000000008001be4                HAL_MspInit
 .text.HAL_ADC_MspInit
                0x0000000008001c34      0x128 ./Core/Src/stm32f4xx_hal_msp.o
                0x0000000008001c34                HAL_ADC_MspInit
 .text.HAL_I2C_MspInit
                0x0000000008001d5c       0x90 ./Core/Src/stm32f4xx_hal_msp.o
                0x0000000008001d5c                HAL_I2C_MspInit
 .text.HAL_SPI_MspInit
                0x0000000008001dec       0x90 ./Core/Src/stm32f4xx_hal_msp.o
                0x0000000008001dec                HAL_SPI_MspInit
 .text.HAL_TIM_Base_MspInit
                0x0000000008001e7c       0x6c ./Core/Src/stm32f4xx_hal_msp.o
                0x0000000008001e7c                HAL_TIM_Base_MspInit
 .text.HAL_UART_MspInit
                0x0000000008001ee8       0x90 ./Core/Src/stm32f4xx_hal_msp.o
                0x0000000008001ee8                HAL_UART_MspInit
 .text.SDTimer_Handler
                0x0000000008001f78       0x48 ./Core/Src/stm32f4xx_it.o
                0x0000000008001f78                SDTimer_Handler
 .text.NMI_Handler
                0x0000000008001fc0        0x6 ./Core/Src/stm32f4xx_it.o
                0x0000000008001fc0                NMI_Handler
 .text.HardFault_Handler
                0x0000000008001fc6        0x6 ./Core/Src/stm32f4xx_it.o
                0x0000000008001fc6                HardFault_Handler
 .text.MemManage_Handler
                0x0000000008001fcc        0x6 ./Core/Src/stm32f4xx_it.o
                0x0000000008001fcc                MemManage_Handler
 .text.BusFault_Handler
                0x0000000008001fd2        0x6 ./Core/Src/stm32f4xx_it.o
                0x0000000008001fd2                BusFault_Handler
 .text.UsageFault_Handler
                0x0000000008001fd8        0x6 ./Core/Src/stm32f4xx_it.o
                0x0000000008001fd8                UsageFault_Handler
 .text.SVC_Handler
                0x0000000008001fde        0xe ./Core/Src/stm32f4xx_it.o
                0x0000000008001fde                SVC_Handler
 .text.DebugMon_Handler
                0x0000000008001fec        0xe ./Core/Src/stm32f4xx_it.o
                0x0000000008001fec                DebugMon_Handler
 .text.PendSV_Handler
                0x0000000008001ffa        0xe ./Core/Src/stm32f4xx_it.o
                0x0000000008001ffa                PendSV_Handler
 .text.SysTick_Handler
                0x0000000008002008       0x38 ./Core/Src/stm32f4xx_it.o
                0x0000000008002008                SysTick_Handler
 .text.DMA2_Stream0_IRQHandler
                0x0000000008002040       0x14 ./Core/Src/stm32f4xx_it.o
                0x0000000008002040                DMA2_Stream0_IRQHandler
 .text._sbrk    0x0000000008002054       0x6c ./Core/Src/sysmem.o
                0x0000000008002054                _sbrk
 .text.SystemInit
                0x00000000080020c0       0x24 ./Core/Src/system_stm32f4xx.o
                0x00000000080020c0                SystemInit
 .text.Reset_Handler
                0x00000000080020e4       0x50 ./Core/Startup/startup_stm32f401ccux.o
                0x00000000080020e4                Reset_Handler
 .text.Default_Handler
                0x0000000008002134        0x2 ./Core/Startup/startup_stm32f401ccux.o
                0x0000000008002134                RTC_Alarm_IRQHandler
                0x0000000008002134                EXTI2_IRQHandler
                0x0000000008002134                SPI4_IRQHandler
                0x0000000008002134                TIM1_CC_IRQHandler
                0x0000000008002134                DMA2_Stream5_IRQHandler
                0x0000000008002134                DMA1_Stream5_IRQHandler
                0x0000000008002134                PVD_IRQHandler
                0x0000000008002134                SDIO_IRQHandler
                0x0000000008002134                TAMP_STAMP_IRQHandler
                0x0000000008002134                EXTI3_IRQHandler
                0x0000000008002134                TIM1_UP_TIM10_IRQHandler
                0x0000000008002134                I2C3_ER_IRQHandler
                0x0000000008002134                EXTI0_IRQHandler
                0x0000000008002134                I2C2_EV_IRQHandler
                0x0000000008002134                DMA1_Stream2_IRQHandler
                0x0000000008002134                FPU_IRQHandler
                0x0000000008002134                DMA2_Stream2_IRQHandler
                0x0000000008002134                SPI1_IRQHandler
                0x0000000008002134                TIM1_BRK_TIM9_IRQHandler
                0x0000000008002134                DMA2_Stream3_IRQHandler
                0x0000000008002134                USART6_IRQHandler
                0x0000000008002134                TIM4_IRQHandler
                0x0000000008002134                I2C1_EV_IRQHandler
                0x0000000008002134                DMA1_Stream6_IRQHandler
                0x0000000008002134                DMA1_Stream1_IRQHandler
                0x0000000008002134                TIM3_IRQHandler
                0x0000000008002134                RCC_IRQHandler
                0x0000000008002134                Default_Handler
                0x0000000008002134                EXTI15_10_IRQHandler
                0x0000000008002134                ADC_IRQHandler
                0x0000000008002134                DMA1_Stream7_IRQHandler
                0x0000000008002134                TIM5_IRQHandler
                0x0000000008002134                DMA2_Stream7_IRQHandler
                0x0000000008002134                I2C3_EV_IRQHandler
                0x0000000008002134                EXTI9_5_IRQHandler
                0x0000000008002134                RTC_WKUP_IRQHandler
                0x0000000008002134                SPI2_IRQHandler
                0x0000000008002134                DMA1_Stream0_IRQHandler
                0x0000000008002134                EXTI4_IRQHandler
                0x0000000008002134                WWDG_IRQHandler
                0x0000000008002134                TIM2_IRQHandler
                0x0000000008002134                OTG_FS_WKUP_IRQHandler
                0x0000000008002134                TIM1_TRG_COM_TIM11_IRQHandler
                0x0000000008002134                EXTI1_IRQHandler
                0x0000000008002134                USART2_IRQHandler
                0x0000000008002134                I2C2_ER_IRQHandler
                0x0000000008002134                DMA2_Stream1_IRQHandler
                0x0000000008002134                FLASH_IRQHandler
                0x0000000008002134                DMA2_Stream4_IRQHandler
                0x0000000008002134                USART1_IRQHandler
                0x0000000008002134                OTG_FS_IRQHandler
                0x0000000008002134                SPI3_IRQHandler
                0x0000000008002134                DMA1_Stream4_IRQHandler
                0x0000000008002134                I2C1_ER_IRQHandler
                0x0000000008002134                DMA2_Stream6_IRQHandler
                0x0000000008002134                DMA1_Stream3_IRQHandler
 .text.DS18_Init
                0x0000000008002136       0x6c ./Drivers/DS18B20/DS18B20.o
                0x0000000008002136                DS18_Init
 .text.DS18_StartConv
                0x00000000080021a2       0x30 ./Drivers/DS18B20/DS18B20.o
                0x00000000080021a2                DS18_StartConv
 .text.DS18_GetData
                0x00000000080021d2       0x6c ./Drivers/DS18B20/DS18B20.o
                0x00000000080021d2                DS18_GetData
 .text.DS18_WriteBit
                0x000000000800223e       0x3e ./Drivers/DS18B20/DS18B20.o
                0x000000000800223e                DS18_WriteBit
 .text.DS18_WriteByte
                0x000000000800227c       0x42 ./Drivers/DS18B20/DS18B20.o
                0x000000000800227c                DS18_WriteByte
 .text.DS18_ReadBit
                0x00000000080022be       0x22 ./Drivers/DS18B20/DS18B20.o
                0x00000000080022be                DS18_ReadBit
 .text.DS18_ReadByte
                0x00000000080022e0       0x42 ./Drivers/DS18B20/DS18B20.o
                0x00000000080022e0                DS18_ReadByte
 .text.DS18_ResetPulse_sens_detect
                0x0000000008002322       0x46 ./Drivers/DS18B20/DS18B20.o
                0x0000000008002322                DS18_ResetPulse_sens_detect
 .text.DS18_USER_GPIO_HIZ_IN
                0x0000000008002368       0x24 ./Drivers/DS18B20/DS18B20_port.o
                0x0000000008002368                DS18_USER_GPIO_HIZ_IN
 .text.DS18_USER_GPIO_ToGround
                0x000000000800238c       0x18 ./Drivers/DS18B20/DS18B20_port.o
                0x000000000800238c                DS18_USER_GPIO_ToGround
 .text.DS18_USER_DelayMicroSec
                0x00000000080023a4       0x30 ./Drivers/DS18B20/DS18B20_port.o
                0x00000000080023a4                DS18_USER_DelayMicroSec
 .text.DS18_USER_SysInit
                0x00000000080023d4       0x8c ./Drivers/DS18B20/DS18B20_port.o
                0x00000000080023d4                DS18_USER_SysInit
 .text.LSM6DS3_CS_Prepare
                0x0000000008002460        0xc ./Drivers/LSM6DS3/LSM6DS3.o
                0x0000000008002460                LSM6DS3_CS_Prepare
 .text.LSM6DS3_Init
                0x000000000800246c       0x4c ./Drivers/LSM6DS3/LSM6DS3.o
                0x000000000800246c                LSM6DS3_Init
 .text.LSM6DS3_GetData
                0x00000000080024b8      0x15e ./Drivers/LSM6DS3/LSM6DS3.o
                0x00000000080024b8                LSM6DS3_GetData
 .text.LSM6DS3_ReadRegister
                0x0000000008002616       0x28 ./Drivers/LSM6DS3/LSM6DS3.o
                0x0000000008002616                LSM6DS3_ReadRegister
 .text.LSM6DS3_WriteRegister
                0x000000000800263e       0x2e ./Drivers/LSM6DS3/LSM6DS3.o
                0x000000000800263e                LSM6DS3_WriteRegister
 .text.LSM6DS3_USER_CS_Activate
                0x000000000800266c       0x18 ./Drivers/LSM6DS3/LSM6DS3_port.o
                0x000000000800266c                LSM6DS3_USER_CS_Activate
 .text.LSM6DS3_USER_CS_Deactivate
                0x0000000008002684       0x18 ./Drivers/LSM6DS3/LSM6DS3_port.o
                0x0000000008002684                LSM6DS3_USER_CS_Deactivate
 .text.LSM6DS3_USER_SPI_RxTx
                0x000000000800269c       0x30 ./Drivers/LSM6DS3/LSM6DS3_port.o
                0x000000000800269c                LSM6DS3_USER_SPI_RxTx
 .text.MS5607_Init
                0x00000000080026cc       0x44 ./Drivers/MS5607/MS5607.o
                0x00000000080026cc                MS5607_Init
 .text.MS5607_GetPres
                0x0000000008002710       0x68 ./Drivers/MS5607/MS5607.o
                0x0000000008002710                MS5607_GetPres
 .text.MS5607_Delay
                0x0000000008002778       0x1a ./Drivers/MS5607/MS5607_port.o
                0x0000000008002778                MS5607_Delay
 .text.QMC5883L_Init
                0x0000000008002792       0x5c ./Drivers/QMC5883L/QMC5883L.o
                0x0000000008002792                QMC5883L_Init
 .text.QMC5883L_Read_Mag_Data
                0x00000000080027ee       0x6e ./Drivers/QMC5883L/QMC5883L.o
                0x00000000080027ee                QMC5883L_Read_Mag_Data
 .text._QMC5883L_Reg_Write
                0x000000000800285c       0x38 ./Drivers/QMC5883L/QMC5883L_port.o
                0x000000000800285c                _QMC5883L_Reg_Write
 .text._QMC5883L_Reg_Read
                0x0000000008002894       0x38 ./Drivers/QMC5883L/QMC5883L_port.o
                0x0000000008002894                _QMC5883L_Reg_Read
 .text.FloatToBin
                0x00000000080028cc       0x26 ./Drivers/RadioTransmit/Transmitter.o
                0x00000000080028cc                FloatToBin
 *fill*         0x00000000080028f2        0x2 
 .text.SetRadioData
                0x00000000080028f4      0x158 ./Drivers/RadioTransmit/Transmitter.o
                0x00000000080028f4                SetRadioData
 .text.SetAllData
                0x0000000008002a4c      0x2c4 ./Drivers/RadioTransmit/Transmitter.o
                0x0000000008002a4c                SetAllData
 .text.HAL_Init
                0x0000000008002d10       0x44 ./Drivers/STM32F4xx_HAL_Driver/Src/stm32f4xx_hal.o
                0x0000000008002d10                HAL_Init
 .text.HAL_InitTick
                0x0000000008002d54       0x60 ./Drivers/STM32F4xx_HAL_Driver/Src/stm32f4xx_hal.o
                0x0000000008002d54                HAL_InitTick
 .text.HAL_IncTick
                0x0000000008002db4       0x28 ./Drivers/STM32F4xx_HAL_Driver/Src/stm32f4xx_hal.o
                0x0000000008002db4                HAL_IncTick
 .text.HAL_GetTick
                0x0000000008002ddc       0x18 ./Drivers/STM32F4xx_HAL_Driver/Src/stm32f4xx_hal.o
                0x0000000008002ddc                HAL_GetTick
 .text.HAL_Delay
                0x0000000008002df4       0x48 ./Drivers/STM32F4xx_HAL_Driver/Src/stm32f4xx_hal.o
                0x0000000008002df4                HAL_Delay
 .text.HAL_ADC_Init
                0x0000000008002e3c       0x86 ./Drivers/STM32F4xx_HAL_Driver/Src/stm32f4xx_hal_adc.o
                0x0000000008002e3c                HAL_ADC_Init
 *fill*         0x0000000008002ec2        0x2 
 .text.HAL_ADC_Start_DMA
                0x0000000008002ec4      0x1e0 ./Drivers/STM32F4xx_HAL_Driver/Src/stm32f4xx_hal_adc.o
                0x0000000008002ec4                HAL_ADC_Start_DMA
 .text.HAL_ADC_ConvCpltCallback
                0x00000000080030a4       0x14 ./Drivers/STM32F4xx_HAL_Driver/Src/stm32f4xx_hal_adc.o
                0x00000000080030a4                HAL_ADC_ConvCpltCallback
 .text.HAL_ADC_ConvHalfCpltCallback
                0x00000000080030b8       0x14 ./Drivers/STM32F4xx_HAL_Driver/Src/stm32f4xx_hal_adc.o
                0x00000000080030b8                HAL_ADC_ConvHalfCpltCallback
 .text.HAL_ADC_ErrorCallback
                0x00000000080030cc       0x14 ./Drivers/STM32F4xx_HAL_Driver/Src/stm32f4xx_hal_adc.o
                0x00000000080030cc                HAL_ADC_ErrorCallback
 .text.HAL_ADC_ConfigChannel
                0x00000000080030e0      0x244 ./Drivers/STM32F4xx_HAL_Driver/Src/stm32f4xx_hal_adc.o
                0x00000000080030e0                HAL_ADC_ConfigChannel
 .text.ADC_Init
                0x0000000008003324      0x1f8 ./Drivers/STM32F4xx_HAL_Driver/Src/stm32f4xx_hal_adc.o
 .text.ADC_DMAConvCplt
                0x000000000800351c       0xba ./Drivers/STM32F4xx_HAL_Driver/Src/stm32f4xx_hal_adc.o
 .text.ADC_DMAHalfConvCplt
                0x00000000080035d6       0x1c ./Drivers/STM32F4xx_HAL_Driver/Src/stm32f4xx_hal_adc.o
 .text.ADC_DMAError
                0x00000000080035f2       0x2e ./Drivers/STM32F4xx_HAL_Driver/Src/stm32f4xx_hal_adc.o
 .text.__NVIC_SetPriorityGrouping
                0x0000000008003620       0x48 ./Drivers/STM32F4xx_HAL_Driver/Src/stm32f4xx_hal_cortex.o
 .text.__NVIC_GetPriorityGrouping
                0x0000000008003668       0x1c ./Drivers/STM32F4xx_HAL_Driver/Src/stm32f4xx_hal_cortex.o
 .text.__NVIC_EnableIRQ
                0x0000000008003684       0x3c ./Drivers/STM32F4xx_HAL_Driver/Src/stm32f4xx_hal_cortex.o
 .text.__NVIC_SetPriority
                0x00000000080036c0       0x54 ./Drivers/STM32F4xx_HAL_Driver/Src/stm32f4xx_hal_cortex.o
 .text.NVIC_EncodePriority
                0x0000000008003714       0x66 ./Drivers/STM32F4xx_HAL_Driver/Src/stm32f4xx_hal_cortex.o
 *fill*         0x000000000800377a        0x2 
 .text.SysTick_Config
                0x000000000800377c       0x44 ./Drivers/STM32F4xx_HAL_Driver/Src/stm32f4xx_hal_cortex.o
 .text.HAL_NVIC_SetPriorityGrouping
                0x00000000080037c0       0x16 ./Drivers/STM32F4xx_HAL_Driver/Src/stm32f4xx_hal_cortex.o
                0x00000000080037c0                HAL_NVIC_SetPriorityGrouping
 .text.HAL_NVIC_SetPriority
                0x00000000080037d6       0x38 ./Drivers/STM32F4xx_HAL_Driver/Src/stm32f4xx_hal_cortex.o
                0x00000000080037d6                HAL_NVIC_SetPriority
 .text.HAL_NVIC_EnableIRQ
                0x000000000800380e       0x1c ./Drivers/STM32F4xx_HAL_Driver/Src/stm32f4xx_hal_cortex.o
                0x000000000800380e                HAL_NVIC_EnableIRQ
 .text.HAL_SYSTICK_Config
                0x000000000800382a       0x18 ./Drivers/STM32F4xx_HAL_Driver/Src/stm32f4xx_hal_cortex.o
                0x000000000800382a                HAL_SYSTICK_Config
 *fill*         0x0000000008003842        0x2 
 .text.HAL_DMA_Init
                0x0000000008003844      0x15c ./Drivers/STM32F4xx_HAL_Driver/Src/stm32f4xx_hal_dma.o
                0x0000000008003844                HAL_DMA_Init
 .text.HAL_DMA_Start_IT
                0x00000000080039a0       0xb0 ./Drivers/STM32F4xx_HAL_Driver/Src/stm32f4xx_hal_dma.o
                0x00000000080039a0                HAL_DMA_Start_IT
 .text.HAL_DMA_IRQHandler
                0x0000000008003a50      0x314 ./Drivers/STM32F4xx_HAL_Driver/Src/stm32f4xx_hal_dma.o
                0x0000000008003a50                HAL_DMA_IRQHandler
 .text.DMA_SetConfig
                0x0000000008003d64       0x5c ./Drivers/STM32F4xx_HAL_Driver/Src/stm32f4xx_hal_dma.o
 .text.DMA_CalcBaseAndBitshift
                0x0000000008003dc0       0x6c ./Drivers/STM32F4xx_HAL_Driver/Src/stm32f4xx_hal_dma.o
 .text.DMA_CheckFifoParam
                0x0000000008003e2c       0xf8 ./Drivers/STM32F4xx_HAL_Driver/Src/stm32f4xx_hal_dma.o
 .text.HAL_GPIO_Init
                0x0000000008003f24      0x308 ./Drivers/STM32F4xx_HAL_Driver/Src/stm32f4xx_hal_gpio.o
                0x0000000008003f24                HAL_GPIO_Init
 .text.HAL_GPIO_ReadPin
                0x000000000800422c       0x30 ./Drivers/STM32F4xx_HAL_Driver/Src/stm32f4xx_hal_gpio.o
                0x000000000800422c                HAL_GPIO_ReadPin
 .text.HAL_GPIO_WritePin
                0x000000000800425c       0x32 ./Drivers/STM32F4xx_HAL_Driver/Src/stm32f4xx_hal_gpio.o
                0x000000000800425c                HAL_GPIO_WritePin
 *fill*         0x000000000800428e        0x2 
 .text.HAL_I2C_Init
                0x0000000008004290      0x288 ./Drivers/STM32F4xx_HAL_Driver/Src/stm32f4xx_hal_i2c.o
                0x0000000008004290                HAL_I2C_Init
 .text.HAL_I2C_Master_Transmit
                0x0000000008004518      0x1fc ./Drivers/STM32F4xx_HAL_Driver/Src/stm32f4xx_hal_i2c.o
                0x0000000008004518                HAL_I2C_Master_Transmit
 .text.HAL_I2C_Master_Receive
                0x0000000008004714      0x44c ./Drivers/STM32F4xx_HAL_Driver/Src/stm32f4xx_hal_i2c.o
                0x0000000008004714                HAL_I2C_Master_Receive
 .text.HAL_I2C_Mem_Write
                0x0000000008004b60      0x1f4 ./Drivers/STM32F4xx_HAL_Driver/Src/stm32f4xx_hal_i2c.o
                0x0000000008004b60                HAL_I2C_Mem_Write
 .text.HAL_I2C_Mem_Read
                0x0000000008004d54      0x44c ./Drivers/STM32F4xx_HAL_Driver/Src/stm32f4xx_hal_i2c.o
                0x0000000008004d54                HAL_I2C_Mem_Read
 .text.I2C_MasterRequestWrite
                0x00000000080051a0      0x104 ./Drivers/STM32F4xx_HAL_Driver/Src/stm32f4xx_hal_i2c.o
 .text.I2C_MasterRequestRead
                0x00000000080052a4      0x19c ./Drivers/STM32F4xx_HAL_Driver/Src/stm32f4xx_hal_i2c.o
 .text.I2C_RequestMemoryWrite
                0x0000000008005440      0x12c ./Drivers/STM32F4xx_HAL_Driver/Src/stm32f4xx_hal_i2c.o
 .text.I2C_RequestMemoryRead
                0x000000000800556c      0x1d0 ./Drivers/STM32F4xx_HAL_Driver/Src/stm32f4xx_hal_i2c.o
 .text.I2C_WaitOnFlagUntilTimeout
                0x000000000800573c       0xae ./Drivers/STM32F4xx_HAL_Driver/Src/stm32f4xx_hal_i2c.o
 .text.I2C_WaitOnMasterAddressFlagUntilTimeout
                0x00000000080057ea       0xfe ./Drivers/STM32F4xx_HAL_Driver/Src/stm32f4xx_hal_i2c.o
 .text.I2C_WaitOnTXEFlagUntilTimeout
                0x00000000080058e8       0x82 ./Drivers/STM32F4xx_HAL_Driver/Src/stm32f4xx_hal_i2c.o
 .text.I2C_WaitOnBTFFlagUntilTimeout
                0x000000000800596a       0x82 ./Drivers/STM32F4xx_HAL_Driver/Src/stm32f4xx_hal_i2c.o
 .text.I2C_WaitOnRXNEFlagUntilTimeout
                0x00000000080059ec       0xac ./Drivers/STM32F4xx_HAL_Driver/Src/stm32f4xx_hal_i2c.o
 .text.I2C_IsAcknowledgeFailed
                0x0000000008005a98       0x5e ./Drivers/STM32F4xx_HAL_Driver/Src/stm32f4xx_hal_i2c.o
 *fill*         0x0000000008005af6        0x2 
 .text.HAL_RCC_OscConfig
                0x0000000008005af8      0x4f0 ./Drivers/STM32F4xx_HAL_Driver/Src/stm32f4xx_hal_rcc.o
                0x0000000008005af8                HAL_RCC_OscConfig
 .text.HAL_RCC_ClockConfig
                0x0000000008005fe8      0x1cc ./Drivers/STM32F4xx_HAL_Driver/Src/stm32f4xx_hal_rcc.o
                0x0000000008005fe8                HAL_RCC_ClockConfig
 .text.HAL_RCC_GetSysClockFreq
                0x00000000080061b4      0x18c ./Drivers/STM32F4xx_HAL_Driver/Src/stm32f4xx_hal_rcc.o
                0x00000000080061b4                HAL_RCC_GetSysClockFreq
 .text.HAL_RCC_GetHCLKFreq
                0x0000000008006340       0x18 ./Drivers/STM32F4xx_HAL_Driver/Src/stm32f4xx_hal_rcc.o
                0x0000000008006340                HAL_RCC_GetHCLKFreq
 .text.HAL_RCC_GetPCLK1Freq
                0x0000000008006358       0x28 ./Drivers/STM32F4xx_HAL_Driver/Src/stm32f4xx_hal_rcc.o
                0x0000000008006358                HAL_RCC_GetPCLK1Freq
 .text.HAL_RCC_GetPCLK2Freq
                0x0000000008006380       0x28 ./Drivers/STM32F4xx_HAL_Driver/Src/stm32f4xx_hal_rcc.o
                0x0000000008006380                HAL_RCC_GetPCLK2Freq
 .text.HAL_SPI_Init
                0x00000000080063a8      0x112 ./Drivers/STM32F4xx_HAL_Driver/Src/stm32f4xx_hal_spi.o
                0x00000000080063a8                HAL_SPI_Init
 .text.HAL_SPI_Transmit
                0x00000000080064ba      0x278 ./Drivers/STM32F4xx_HAL_Driver/Src/stm32f4xx_hal_spi.o
                0x00000000080064ba                HAL_SPI_Transmit
 .text.HAL_SPI_TransmitReceive
                0x0000000008006732      0x344 ./Drivers/STM32F4xx_HAL_Driver/Src/stm32f4xx_hal_spi.o
                0x0000000008006732                HAL_SPI_TransmitReceive
 *fill*         0x0000000008006a76        0x2 
 .text.SPI_WaitFlagStateUntilTimeout
                0x0000000008006a78      0x110 ./Drivers/STM32F4xx_HAL_Driver/Src/stm32f4xx_hal_spi.o
 .text.SPI_EndRxTxTransaction
                0x0000000008006b88       0x84 ./Drivers/STM32F4xx_HAL_Driver/Src/stm32f4xx_hal_spi.o
 .text.HAL_TIM_Base_Init
                0x0000000008006c0c       0x9e ./Drivers/STM32F4xx_HAL_Driver/Src/stm32f4xx_hal_tim.o
                0x0000000008006c0c                HAL_TIM_Base_Init
 *fill*         0x0000000008006caa        0x2 
 .text.HAL_TIM_Base_Start
                0x0000000008006cac       0xb4 ./Drivers/STM32F4xx_HAL_Driver/Src/stm32f4xx_hal_tim.o
                0x0000000008006cac                HAL_TIM_Base_Start
 .text.HAL_TIM_ConfigClockSource
                0x0000000008006d60      0x18e ./Drivers/STM32F4xx_HAL_Driver/Src/stm32f4xx_hal_tim.o
                0x0000000008006d60                HAL_TIM_ConfigClockSource
 *fill*         0x0000000008006eee        0x2 
 .text.TIM_Base_SetConfig
                0x0000000008006ef0      0x100 ./Drivers/STM32F4xx_HAL_Driver/Src/stm32f4xx_hal_tim.o
                0x0000000008006ef0                TIM_Base_SetConfig
 .text.TIM_TI1_ConfigInputStage
                0x0000000008006ff0       0x5e ./Drivers/STM32F4xx_HAL_Driver/Src/stm32f4xx_hal_tim.o
 .text.TIM_TI2_ConfigInputStage
                0x000000000800704e       0x60 ./Drivers/STM32F4xx_HAL_Driver/Src/stm32f4xx_hal_tim.o
 .text.TIM_ITRx_SetConfig
                0x00000000080070ae       0x36 ./Drivers/STM32F4xx_HAL_Driver/Src/stm32f4xx_hal_tim.o
 .text.TIM_ETR_SetConfig
                0x00000000080070e4       0x40 ./Drivers/STM32F4xx_HAL_Driver/Src/stm32f4xx_hal_tim.o
                0x00000000080070e4                TIM_ETR_SetConfig
 .text.HAL_TIMEx_MasterConfigSynchronization
                0x0000000008007124       0xdc ./Drivers/STM32F4xx_HAL_Driver/Src/stm32f4xx_hal_tim_ex.o
                0x0000000008007124                HAL_TIMEx_MasterConfigSynchronization
 .text.HAL_UART_Init
                0x0000000008007200       0x9a ./Drivers/STM32F4xx_HAL_Driver/Src/stm32f4xx_hal_uart.o
                0x0000000008007200                HAL_UART_Init
 .text.HAL_UART_Transmit
                0x000000000800729a      0x124 ./Drivers/STM32F4xx_HAL_Driver/Src/stm32f4xx_hal_uart.o
                0x000000000800729a                HAL_UART_Transmit
 .text.HAL_UART_Receive
                0x00000000080073be      0x144 ./Drivers/STM32F4xx_HAL_Driver/Src/stm32f4xx_hal_uart.o
                0x00000000080073be                HAL_UART_Receive
 .text.UART_WaitOnFlagUntilTimeout
                0x0000000008007502       0xdc ./Drivers/STM32F4xx_HAL_Driver/Src/stm32f4xx_hal_uart.o
 *fill*         0x00000000080075de        0x2 
 .text.UART_SetConfig
                0x00000000080075e0      0x4e8 ./Drivers/STM32F4xx_HAL_Driver/Src/stm32f4xx_hal_uart.o
 .text.UCAM3_Init
                0x0000000008007ac8       0x4c ./Drivers/UCAM3/UCAM3.o
                0x0000000008007ac8                UCAM3_Init
 .text.ResetCam
                0x0000000008007b14       0x28 ./Drivers/UCAM3/UCAM3.o
                0x0000000008007b14                ResetCam
 .text.UCAM3_InitPort
                0x0000000008007b3c       0x64 ./Drivers/UCAM3/UCAM3.o
                0x0000000008007b3c                UCAM3_InitPort
 .text.UCAM3_Sync
                0x0000000008007ba0       0x8c ./Drivers/UCAM3/UCAM3.o
                0x0000000008007ba0                UCAM3_Sync
 .text.UCAM3_GetPucture
                0x0000000008007c2c      0x3b4 ./Drivers/UCAM3/UCAM3.o
                0x0000000008007c2c                UCAM3_GetPucture
 .text.UCAM3_Transmit
                0x0000000008007fe0       0x28 ./Drivers/UCAM3/UCAM3_port.o
                0x0000000008007fe0                UCAM3_Transmit
 .text.UCAM3_Delay
                0x0000000008008008       0x1a ./Drivers/UCAM3/UCAM3_port.o
                0x0000000008008008                UCAM3_Delay
 *fill*         0x0000000008008022        0x2 
 .text.UCAM3_Receive
                0x0000000008008024       0x2c ./Drivers/UCAM3/UCAM3_port.o
                0x0000000008008024                UCAM3_Receive
 .text.MX_FATFS_Init
                0x0000000008008050       0x24 ./FATFS/App/fatfs.o
                0x0000000008008050                MX_FATFS_Init
 .text.get_fattime
                0x0000000008008074       0x10 ./FATFS/App/fatfs.o
                0x0000000008008074                get_fattime
 .text.USER_initialize
                0x0000000008008084       0x1c ./FATFS/Target/user_diskio.o
                0x0000000008008084                USER_initialize
 .text.USER_status
                0x00000000080080a0       0x1c ./FATFS/Target/user_diskio.o
                0x00000000080080a0                USER_status
 .text.USER_read
                0x00000000080080bc       0x26 ./FATFS/Target/user_diskio.o
                0x00000000080080bc                USER_read
 .text.USER_write
                0x00000000080080e2       0x26 ./FATFS/Target/user_diskio.o
                0x00000000080080e2                USER_write
 .text.USER_ioctl
                0x0000000008008108       0x26 ./FATFS/Target/user_diskio.o
                0x0000000008008108                USER_ioctl
 *fill*         0x000000000800812e        0x2 
 .text.disk_status
                0x0000000008008130       0x34 ./Middlewares/Third_Party/FatFs/src/diskio.o
                0x0000000008008130                disk_status
 .text.disk_initialize
                0x0000000008008164       0x4c ./Middlewares/Third_Party/FatFs/src/diskio.o
                0x0000000008008164                disk_initialize
 .text.disk_read
                0x00000000080081b0       0x40 ./Middlewares/Third_Party/FatFs/src/diskio.o
                0x00000000080081b0                disk_read
 .text.disk_write
                0x00000000080081f0       0x40 ./Middlewares/Third_Party/FatFs/src/diskio.o
                0x00000000080081f0                disk_write
 .text.disk_ioctl
                0x0000000008008230       0x3c ./Middlewares/Third_Party/FatFs/src/diskio.o
                0x0000000008008230                disk_ioctl
 .text.ld_word  0x000000000800826c       0x30 ./Middlewares/Third_Party/FatFs/src/ff.o
 .text.ld_dword
                0x000000000800829c       0x46 ./Middlewares/Third_Party/FatFs/src/ff.o
 .text.st_word  0x00000000080082e2       0x36 ./Middlewares/Third_Party/FatFs/src/ff.o
 .text.st_dword
                0x0000000008008318       0x58 ./Middlewares/Third_Party/FatFs/src/ff.o
 .text.mem_cpy  0x0000000008008370       0x42 ./Middlewares/Third_Party/FatFs/src/ff.o
 .text.mem_set  0x00000000080083b2       0x36 ./Middlewares/Third_Party/FatFs/src/ff.o
 .text.mem_cmp  0x00000000080083e8       0x4e ./Middlewares/Third_Party/FatFs/src/ff.o
 .text.chk_chr  0x0000000008008436       0x36 ./Middlewares/Third_Party/FatFs/src/ff.o
 .text.chk_lock
                0x000000000800846c       0xb8 ./Middlewares/Third_Party/FatFs/src/ff.o
 .text.enq_lock
                0x0000000008008524       0x44 ./Middlewares/Third_Party/FatFs/src/ff.o
 .text.inc_lock
                0x0000000008008568      0x11c ./Middlewares/Third_Party/FatFs/src/ff.o
 .text.dec_lock
                0x0000000008008684       0x78 ./Middlewares/Third_Party/FatFs/src/ff.o
 .text.clear_lock
                0x00000000080086fc       0x48 ./Middlewares/Third_Party/FatFs/src/ff.o
 .text.sync_window
                0x0000000008008744       0x88 ./Middlewares/Third_Party/FatFs/src/ff.o
 .text.move_window
                0x00000000080087cc       0x5a ./Middlewares/Third_Party/FatFs/src/ff.o
 *fill*         0x0000000008008826        0x2 
 .text.sync_fs  0x0000000008008828       0xe0 ./Middlewares/Third_Party/FatFs/src/ff.o
 .text.clust2sect
                0x0000000008008908       0x3e ./Middlewares/Third_Party/FatFs/src/ff.o
 .text.get_fat  0x0000000008008946      0x1a8 ./Middlewares/Third_Party/FatFs/src/ff.o
 .text.put_fat  0x0000000008008aee      0x238 ./Middlewares/Third_Party/FatFs/src/ff.o
 .text.remove_chain
                0x0000000008008d26       0xca ./Middlewares/Third_Party/FatFs/src/ff.o
 .text.create_chain
                0x0000000008008df0      0x130 ./Middlewares/Third_Party/FatFs/src/ff.o
 .text.clmt_clust
                0x0000000008008f20       0x70 ./Middlewares/Third_Party/FatFs/src/ff.o
 .text.dir_sdi  0x0000000008008f90      0x112 ./Middlewares/Third_Party/FatFs/src/ff.o
 .text.dir_next
                0x00000000080090a2      0x1ac ./Middlewares/Third_Party/FatFs/src/ff.o
 .text.dir_alloc
                0x000000000800924e       0x8e ./Middlewares/Third_Party/FatFs/src/ff.o
 .text.ld_clust
                0x00000000080092dc       0x3e ./Middlewares/Third_Party/FatFs/src/ff.o
 .text.st_clust
                0x000000000800931a       0x40 ./Middlewares/Third_Party/FatFs/src/ff.o
 *fill*         0x000000000800935a        0x2 
 .text.cmp_lfn  0x000000000800935c       0xe0 ./Middlewares/Third_Party/FatFs/src/ff.o
 .text.put_lfn  0x000000000800943c       0xd0 ./Middlewares/Third_Party/FatFs/src/ff.o
 .text.gen_numname
                0x000000000800950c      0x11c ./Middlewares/Third_Party/FatFs/src/ff.o
 .text.sum_sfn  0x0000000008009628       0x42 ./Middlewares/Third_Party/FatFs/src/ff.o
 .text.dir_find
                0x000000000800966a      0x180 ./Middlewares/Third_Party/FatFs/src/ff.o
 *fill*         0x00000000080097ea        0x2 
 .text.dir_register
                0x00000000080097ec      0x1f0 ./Middlewares/Third_Party/FatFs/src/ff.o
 .text.get_fileinfo
                0x00000000080099dc      0x1ba ./Middlewares/Third_Party/FatFs/src/ff.o
 *fill*         0x0000000008009b96        0x2 
 .text.create_name
                0x0000000008009b98      0x370 ./Middlewares/Third_Party/FatFs/src/ff.o
 .text.follow_path
                0x0000000008009f08       0xec ./Middlewares/Third_Party/FatFs/src/ff.o
 .text.get_ldnumber
                0x0000000008009ff4       0x88 ./Middlewares/Third_Party/FatFs/src/ff.o
 .text.check_fs
                0x000000000800a07c       0xac ./Middlewares/Third_Party/FatFs/src/ff.o
 .text.find_volume
                0x000000000800a128      0x50c ./Middlewares/Third_Party/FatFs/src/ff.o
 .text.validate
                0x000000000800a634       0x6a ./Middlewares/Third_Party/FatFs/src/ff.o
 *fill*         0x000000000800a69e        0x2 
 .text.f_mount  0x000000000800a6a0       0x8c ./Middlewares/Third_Party/FatFs/src/ff.o
                0x000000000800a6a0                f_mount
 .text.f_open   0x000000000800a72c      0x398 ./Middlewares/Third_Party/FatFs/src/ff.o
                0x000000000800a72c                f_open
 .text.f_write  0x000000000800aac4      0x328 ./Middlewares/Third_Party/FatFs/src/ff.o
                0x000000000800aac4                f_write
 .text.f_sync   0x000000000800adec       0xfc ./Middlewares/Third_Party/FatFs/src/ff.o
                0x000000000800adec                f_sync
 .text.f_close  0x000000000800aee8       0x54 ./Middlewares/Third_Party/FatFs/src/ff.o
                0x000000000800aee8                f_close
 .text.f_stat   0x000000000800af3c       0x72 ./Middlewares/Third_Party/FatFs/src/ff.o
                0x000000000800af3c                f_stat
 *fill*         0x000000000800afae        0x2 
 .text.FATFS_LinkDriverEx
                0x000000000800afb0       0x98 ./Middlewares/Third_Party/FatFs/src/ff_gen_drv.o
                0x000000000800afb0                FATFS_LinkDriverEx
 .text.FATFS_LinkDriver
                0x000000000800b048       0x1e ./Middlewares/Third_Party/FatFs/src/ff_gen_drv.o
                0x000000000800b048                FATFS_LinkDriver
 *fill*         0x000000000800b066        0x2 
 .text.ff_convert
                0x000000000800b068       0x78 ./Middlewares/Third_Party/FatFs/src/option/ccsbcs.o
                0x000000000800b068                ff_convert
 .text.ff_wtoupper
                0x000000000800b0e0      0x114 ./Middlewares/Third_Party/FatFs/src/option/ccsbcs.o
                0x000000000800b0e0                ff_wtoupper
 .text.__errno  0x000000000800b1f4        0xc c:/st/stm32cubeide_1.8.0/stm32cubeide/plugins/com.st.stm32cube.ide.mcu.externaltools.gnu-tools-for-stm32.10.3-2021.10.win32_1.0.0.202111181127/tools/bin/../lib/gcc/arm-none-eabi/10.3.1/../../../../arm-none-eabi/lib/thumb/v7e-m+fp/hard\libc_nano.a(lib_a-errno.o)
                0x000000000800b1f4                __errno
 .text.__libc_init_array
                0x000000000800b200       0x48 c:/st/stm32cubeide_1.8.0/stm32cubeide/plugins/com.st.stm32cube.ide.mcu.externaltools.gnu-tools-for-stm32.10.3-2021.10.win32_1.0.0.202111181127/tools/bin/../lib/gcc/arm-none-eabi/10.3.1/../../../../arm-none-eabi/lib/thumb/v7e-m+fp/hard\libc_nano.a(lib_a-init.o)
                0x000000000800b200                __libc_init_array
 .text.memset   0x000000000800b248       0x10 c:/st/stm32cubeide_1.8.0/stm32cubeide/plugins/com.st.stm32cube.ide.mcu.externaltools.gnu-tools-for-stm32.10.3-2021.10.win32_1.0.0.202111181127/tools/bin/../lib/gcc/arm-none-eabi/10.3.1/../../../../arm-none-eabi/lib/thumb/v7e-m+fp/hard\libc_nano.a(lib_a-memset.o)
                0x000000000800b248                memset
 .text.sprintf  0x000000000800b258       0x40 c:/st/stm32cubeide_1.8.0/stm32cubeide/plugins/com.st.stm32cube.ide.mcu.externaltools.gnu-tools-for-stm32.10.3-2021.10.win32_1.0.0.202111181127/tools/bin/../lib/gcc/arm-none-eabi/10.3.1/../../../../arm-none-eabi/lib/thumb/v7e-m+fp/hard\libc_nano.a(lib_a-sprintf.o)
                0x000000000800b258                siprintf
                0x000000000800b258                sprintf
 .text.__ssputs_r
                0x000000000800b298       0xb6 c:/st/stm32cubeide_1.8.0/stm32cubeide/plugins/com.st.stm32cube.ide.mcu.externaltools.gnu-tools-for-stm32.10.3-2021.10.win32_1.0.0.202111181127/tools/bin/../lib/gcc/arm-none-eabi/10.3.1/../../../../arm-none-eabi/lib/thumb/v7e-m+fp/hard\libc_nano.a(lib_a-nano-svfprintf.o)
                0x000000000800b298                __ssputs_r
 *fill*         0x000000000800b34e        0x2 
 .text._svfprintf_r
                0x000000000800b350      0x200 c:/st/stm32cubeide_1.8.0/stm32cubeide/plugins/com.st.stm32cube.ide.mcu.externaltools.gnu-tools-for-stm32.10.3-2021.10.win32_1.0.0.202111181127/tools/bin/../lib/gcc/arm-none-eabi/10.3.1/../../../../arm-none-eabi/lib/thumb/v7e-m+fp/hard\libc_nano.a(lib_a-nano-svfprintf.o)
                0x000000000800b350                _svfiprintf_r
                0x000000000800b350                _svfprintf_r
 .text._printf_common
                0x000000000800b550       0xda c:/st/stm32cubeide_1.8.0/stm32cubeide/plugins/com.st.stm32cube.ide.mcu.externaltools.gnu-tools-for-stm32.10.3-2021.10.win32_1.0.0.202111181127/tools/bin/../lib/gcc/arm-none-eabi/10.3.1/../../../../arm-none-eabi/lib/thumb/v7e-m+fp/hard\libc_nano.a(lib_a-nano-vfprintf_i.o)
                0x000000000800b550                _printf_common
 *fill*         0x000000000800b62a        0x2 
 .text._printf_i
                0x000000000800b62c      0x24c c:/st/stm32cubeide_1.8.0/stm32cubeide/plugins/com.st.stm32cube.ide.mcu.externaltools.gnu-tools-for-stm32.10.3-2021.10.win32_1.0.0.202111181127/tools/bin/../lib/gcc/arm-none-eabi/10.3.1/../../../../arm-none-eabi/lib/thumb/v7e-m+fp/hard\libc_nano.a(lib_a-nano-vfprintf_i.o)
                0x000000000800b62c                _printf_i
 .text.memcpy   0x000000000800b878       0x1c c:/st/stm32cubeide_1.8.0/stm32cubeide/plugins/com.st.stm32cube.ide.mcu.externaltools.gnu-tools-for-stm32.10.3-2021.10.win32_1.0.0.202111181127/tools/bin/../lib/gcc/arm-none-eabi/10.3.1/../../../../arm-none-eabi/lib/thumb/v7e-m+fp/hard\libc_nano.a(lib_a-memcpy-stub.o)
                0x000000000800b878                memcpy
 .text.memmove  0x000000000800b894       0x34 c:/st/stm32cubeide_1.8.0/stm32cubeide/plugins/com.st.stm32cube.ide.mcu.externaltools.gnu-tools-for-stm32.10.3-2021.10.win32_1.0.0.202111181127/tools/bin/../lib/gcc/arm-none-eabi/10.3.1/../../../../arm-none-eabi/lib/thumb/v7e-m+fp/hard\libc_nano.a(lib_a-memmove.o)
                0x000000000800b894                memmove
 .text._free_r  0x000000000800b8c8       0x98 c:/st/stm32cubeide_1.8.0/stm32cubeide/plugins/com.st.stm32cube.ide.mcu.externaltools.gnu-tools-for-stm32.10.3-2021.10.win32_1.0.0.202111181127/tools/bin/../lib/gcc/arm-none-eabi/10.3.1/../../../../arm-none-eabi/lib/thumb/v7e-m+fp/hard\libc_nano.a(lib_a-nano-freer.o)
                0x000000000800b8c8                _free_r
 .text.sbrk_aligned
                0x000000000800b960       0x40 c:/st/stm32cubeide_1.8.0/stm32cubeide/plugins/com.st.stm32cube.ide.mcu.externaltools.gnu-tools-for-stm32.10.3-2021.10.win32_1.0.0.202111181127/tools/bin/../lib/gcc/arm-none-eabi/10.3.1/../../../../arm-none-eabi/lib/thumb/v7e-m+fp/hard\libc_nano.a(lib_a-nano-mallocr.o)
 .text._malloc_r
                0x000000000800b9a0       0xe8 c:/st/stm32cubeide_1.8.0/stm32cubeide/plugins/com.st.stm32cube.ide.mcu.externaltools.gnu-tools-for-stm32.10.3-2021.10.win32_1.0.0.202111181127/tools/bin/../lib/gcc/arm-none-eabi/10.3.1/../../../../arm-none-eabi/lib/thumb/v7e-m+fp/hard\libc_nano.a(lib_a-nano-mallocr.o)
                0x000000000800b9a0                _malloc_r
 .text._realloc_r
                0x000000000800ba88       0x5e c:/st/stm32cubeide_1.8.0/stm32cubeide/plugins/com.st.stm32cube.ide.mcu.externaltools.gnu-tools-for-stm32.10.3-2021.10.win32_1.0.0.202111181127/tools/bin/../lib/gcc/arm-none-eabi/10.3.1/../../../../arm-none-eabi/lib/thumb/v7e-m+fp/hard\libc_nano.a(lib_a-nano-reallocr.o)
                0x000000000800ba88                _realloc_r
 *fill*         0x000000000800bae6        0x2 
 .text._sbrk_r  0x000000000800bae8       0x20 c:/st/stm32cubeide_1.8.0/stm32cubeide/plugins/com.st.stm32cube.ide.mcu.externaltools.gnu-tools-for-stm32.10.3-2021.10.win32_1.0.0.202111181127/tools/bin/../lib/gcc/arm-none-eabi/10.3.1/../../../../arm-none-eabi/lib/thumb/v7e-m+fp/hard\libc_nano.a(lib_a-sbrkr.o)
                0x000000000800bae8                _sbrk_r
 .text.__malloc_lock
                0x000000000800bb08        0xc c:/st/stm32cubeide_1.8.0/stm32cubeide/plugins/com.st.stm32cube.ide.mcu.externaltools.gnu-tools-for-stm32.10.3-2021.10.win32_1.0.0.202111181127/tools/bin/../lib/gcc/arm-none-eabi/10.3.1/../../../../arm-none-eabi/lib/thumb/v7e-m+fp/hard\libc_nano.a(lib_a-mlock.o)
                0x000000000800bb08                __malloc_lock
 .text.__malloc_unlock
                0x000000000800bb14        0xc c:/st/stm32cubeide_1.8.0/stm32cubeide/plugins/com.st.stm32cube.ide.mcu.externaltools.gnu-tools-for-stm32.10.3-2021.10.win32_1.0.0.202111181127/tools/bin/../lib/gcc/arm-none-eabi/10.3.1/../../../../arm-none-eabi/lib/thumb/v7e-m+fp/hard\libc_nano.a(lib_a-mlock.o)
                0x000000000800bb14                __malloc_unlock
 .text._malloc_usable_size_r
                0x000000000800bb20       0x10 c:/st/stm32cubeide_1.8.0/stm32cubeide/plugins/com.st.stm32cube.ide.mcu.externaltools.gnu-tools-for-stm32.10.3-2021.10.win32_1.0.0.202111181127/tools/bin/../lib/gcc/arm-none-eabi/10.3.1/../../../../arm-none-eabi/lib/thumb/v7e-m+fp/hard\libc_nano.a(lib_a-nano-msizer.o)
                0x000000000800bb20                _malloc_usable_size_r
 .text.__retarget_lock_acquire_recursive
                0x000000000800bb30        0x2 c:/st/stm32cubeide_1.8.0/stm32cubeide/plugins/com.st.stm32cube.ide.mcu.externaltools.gnu-tools-for-stm32.10.3-2021.10.win32_1.0.0.202111181127/tools/bin/../lib/gcc/arm-none-eabi/10.3.1/../../../../arm-none-eabi/lib/thumb/v7e-m+fp/hard\libc_nano.a(lib_a-lock.o)
                0x000000000800bb30                __retarget_lock_acquire_recursive
 .text.__retarget_lock_release_recursive
                0x000000000800bb32        0x2 c:/st/stm32cubeide_1.8.0/stm32cubeide/plugins/com.st.stm32cube.ide.mcu.externaltools.gnu-tools-for-stm32.10.3-2021.10.win32_1.0.0.202111181127/tools/bin/../lib/gcc/arm-none-eabi/10.3.1/../../../../arm-none-eabi/lib/thumb/v7e-m+fp/hard\libc_nano.a(lib_a-lock.o)
                0x000000000800bb32                __retarget_lock_release_recursive
 *(.glue_7)
 .glue_7        0x000000000800bb34        0x0 linker stubs
 *(.glue_7t)
 .glue_7t       0x000000000800bb34        0x0 linker stubs
 *(.eh_frame)
 .eh_frame      0x000000000800bb34        0x0 c:/st/stm32cubeide_1.8.0/stm32cubeide/plugins/com.st.stm32cube.ide.mcu.externaltools.gnu-tools-for-stm32.10.3-2021.10.win32_1.0.0.202111181127/tools/bin/../lib/gcc/arm-none-eabi/10.3.1/thumb/v7e-m+fp/hard/crtbegin.o
 *(.init)
 .init          0x000000000800bb34        0x4 c:/st/stm32cubeide_1.8.0/stm32cubeide/plugins/com.st.stm32cube.ide.mcu.externaltools.gnu-tools-for-stm32.10.3-2021.10.win32_1.0.0.202111181127/tools/bin/../lib/gcc/arm-none-eabi/10.3.1/thumb/v7e-m+fp/hard/crti.o
                0x000000000800bb34                _init
 .init          0x000000000800bb38        0x8 c:/st/stm32cubeide_1.8.0/stm32cubeide/plugins/com.st.stm32cube.ide.mcu.externaltools.gnu-tools-for-stm32.10.3-2021.10.win32_1.0.0.202111181127/tools/bin/../lib/gcc/arm-none-eabi/10.3.1/thumb/v7e-m+fp/hard/crtn.o
 *(.fini)
 .fini          0x000000000800bb40        0x4 c:/st/stm32cubeide_1.8.0/stm32cubeide/plugins/com.st.stm32cube.ide.mcu.externaltools.gnu-tools-for-stm32.10.3-2021.10.win32_1.0.0.202111181127/tools/bin/../lib/gcc/arm-none-eabi/10.3.1/thumb/v7e-m+fp/hard/crti.o
                0x000000000800bb40                _fini
 .fini          0x000000000800bb44        0x8 c:/st/stm32cubeide_1.8.0/stm32cubeide/plugins/com.st.stm32cube.ide.mcu.externaltools.gnu-tools-for-stm32.10.3-2021.10.win32_1.0.0.202111181127/tools/bin/../lib/gcc/arm-none-eabi/10.3.1/thumb/v7e-m+fp/hard/crtn.o
                0x000000000800bb4c                . = ALIGN (0x4)
                0x000000000800bb4c                _etext = .

.vfp11_veneer   0x000000000800bb4c        0x0
 .vfp11_veneer  0x000000000800bb4c        0x0 linker stubs

.v4_bx          0x000000000800bb4c        0x0
 .v4_bx         0x000000000800bb4c        0x0 linker stubs

.iplt           0x000000000800bb4c        0x0
 .iplt          0x000000000800bb4c        0x0 c:/st/stm32cubeide_1.8.0/stm32cubeide/plugins/com.st.stm32cube.ide.mcu.externaltools.gnu-tools-for-stm32.10.3-2021.10.win32_1.0.0.202111181127/tools/bin/../lib/gcc/arm-none-eabi/10.3.1/thumb/v7e-m+fp/hard/crtbegin.o

.rodata         0x000000000800bb4c      0x538
                0x000000000800bb4c                . = ALIGN (0x4)
 *(.rodata)
 .rodata        0x000000000800bb4c       0x29 ./Core/Src/main.o
 *fill*         0x000000000800bb75        0x3 
 .rodata        0x000000000800bb78       0x2e ./Drivers/UCAM3/UCAM3.o
 *fill*         0x000000000800bba6        0x2 
 .rodata        0x000000000800bba8       0x48 ./Middlewares/Third_Party/FatFs/src/ff.o
 *(.rodata*)
 .rodata.AHBPrescTable
                0x000000000800bbf0       0x10 ./Core/Src/system_stm32f4xx.o
                0x000000000800bbf0                AHBPrescTable
 .rodata.APBPrescTable
                0x000000000800bc00        0x8 ./Core/Src/system_stm32f4xx.o
                0x000000000800bc00                APBPrescTable
 .rodata.flagBitshiftOffset.0
                0x000000000800bc08        0x8 ./Drivers/STM32F4xx_HAL_Driver/Src/stm32f4xx_hal_dma.o
 .rodata.ExCvt  0x000000000800bc10       0x80 ./Middlewares/Third_Party/FatFs/src/ff.o
 .rodata.LfnOfs
                0x000000000800bc90        0xd ./Middlewares/Third_Party/FatFs/src/ff.o
 *fill*         0x000000000800bc9d        0x3 
 .rodata.Tbl    0x000000000800bca0      0x100 ./Middlewares/Third_Party/FatFs/src/option/ccsbcs.o
 .rodata.cvt1.1
                0x000000000800bda0      0x1f2 ./Middlewares/Third_Party/FatFs/src/option/ccsbcs.o
 *fill*         0x000000000800bf92        0x2 
 .rodata.cvt2.0
                0x000000000800bf94       0xbc ./Middlewares/Third_Party/FatFs/src/option/ccsbcs.o
 .rodata._svfprintf_r.str1.1
                0x000000000800c050       0x11 c:/st/stm32cubeide_1.8.0/stm32cubeide/plugins/com.st.stm32cube.ide.mcu.externaltools.gnu-tools-for-stm32.10.3-2021.10.win32_1.0.0.202111181127/tools/bin/../lib/gcc/arm-none-eabi/10.3.1/../../../../arm-none-eabi/lib/thumb/v7e-m+fp/hard\libc_nano.a(lib_a-nano-svfprintf.o)
 .rodata._printf_i.str1.1
                0x000000000800c061       0x22 c:/st/stm32cubeide_1.8.0/stm32cubeide/plugins/com.st.stm32cube.ide.mcu.externaltools.gnu-tools-for-stm32.10.3-2021.10.win32_1.0.0.202111181127/tools/bin/../lib/gcc/arm-none-eabi/10.3.1/../../../../arm-none-eabi/lib/thumb/v7e-m+fp/hard\libc_nano.a(lib_a-nano-vfprintf_i.o)
                0x000000000800c084                . = ALIGN (0x4)
 *fill*         0x000000000800c083        0x1 

.ARM.extab      0x000000000800c084        0x0
                0x000000000800c084                . = ALIGN (0x4)
 *(.ARM.extab* .gnu.linkonce.armextab.*)
                0x000000000800c084                . = ALIGN (0x4)

.ARM            0x000000000800c084        0x8
                0x000000000800c084                . = ALIGN (0x4)
                0x000000000800c084                __exidx_start = .
 *(.ARM.exidx*)
 .ARM.exidx     0x000000000800c084        0x8 c:/st/stm32cubeide_1.8.0/stm32cubeide/plugins/com.st.stm32cube.ide.mcu.externaltools.gnu-tools-for-stm32.10.3-2021.10.win32_1.0.0.202111181127/tools/bin/../lib/gcc/arm-none-eabi/10.3.1/thumb/v7e-m+fp/hard\libgcc.a(_udivmoddi4.o)
                0x000000000800c08c                __exidx_end = .
                0x000000000800c08c                . = ALIGN (0x4)

.rel.dyn        0x000000000800c08c        0x0
 .rel.iplt      0x000000000800c08c        0x0 c:/st/stm32cubeide_1.8.0/stm32cubeide/plugins/com.st.stm32cube.ide.mcu.externaltools.gnu-tools-for-stm32.10.3-2021.10.win32_1.0.0.202111181127/tools/bin/../lib/gcc/arm-none-eabi/10.3.1/thumb/v7e-m+fp/hard/crtbegin.o

.preinit_array  0x000000000800c08c        0x0
                0x000000000800c08c                . = ALIGN (0x4)
                0x000000000800c08c                PROVIDE (__preinit_array_start = .)
 *(.preinit_array*)
                0x000000000800c08c                PROVIDE (__preinit_array_end = .)
                0x000000000800c08c                . = ALIGN (0x4)

.init_array     0x000000000800c08c        0x4
                0x000000000800c08c                . = ALIGN (0x4)
                0x000000000800c08c                PROVIDE (__init_array_start = .)
 *(SORT_BY_NAME(.init_array.*))
 *(.init_array*)
 .init_array    0x000000000800c08c        0x4 c:/st/stm32cubeide_1.8.0/stm32cubeide/plugins/com.st.stm32cube.ide.mcu.externaltools.gnu-tools-for-stm32.10.3-2021.10.win32_1.0.0.202111181127/tools/bin/../lib/gcc/arm-none-eabi/10.3.1/thumb/v7e-m+fp/hard/crtbegin.o
                0x000000000800c090                PROVIDE (__init_array_end = .)
                0x000000000800c090                . = ALIGN (0x4)

.fini_array     0x000000000800c090        0x4
                0x000000000800c090                . = ALIGN (0x4)
                [!provide]                        PROVIDE (__fini_array_start = .)
 *(SORT_BY_NAME(.fini_array.*))
 *(.fini_array*)
 .fini_array    0x000000000800c090        0x4 c:/st/stm32cubeide_1.8.0/stm32cubeide/plugins/com.st.stm32cube.ide.mcu.externaltools.gnu-tools-for-stm32.10.3-2021.10.win32_1.0.0.202111181127/tools/bin/../lib/gcc/arm-none-eabi/10.3.1/thumb/v7e-m+fp/hard/crtbegin.o
                [!provide]                        PROVIDE (__fini_array_end = .)
                0x000000000800c094                . = ALIGN (0x4)
                0x000000000800c094                _sidata = LOADADDR (.data)

.data           0x0000000020000000       0x88 load address 0x000000000800c094
                0x0000000020000000                . = ALIGN (0x4)
                0x0000000020000000                _sdata = .
 *(.data)
 *(.data*)
 .data.Stat     0x0000000020000000        0x1 ./Core/Src/fatfs_sd.o
 .data.NameLength
                0x0000000020000001        0x1 ./Core/Src/main.o
                0x0000000020000001                NameLength
 *fill*         0x0000000020000002        0x2 
 .data.SystemCoreClock
                0x0000000020000004        0x4 ./Core/Src/system_stm32f4xx.o
                0x0000000020000004                SystemCoreClock
 .data.uwTickPrio
                0x0000000020000008        0x4 ./Drivers/STM32F4xx_HAL_Driver/Src/stm32f4xx_hal.o
                0x0000000020000008                uwTickPrio
 .data.uwTickFreq
                0x000000002000000c        0x1 ./Drivers/STM32F4xx_HAL_Driver/Src/stm32f4xx_hal.o
                0x000000002000000c                uwTickFreq
 *fill*         0x000000002000000d        0x3 
 .data.USER_Driver
                0x0000000020000010       0x14 ./FATFS/Target/user_diskio.o
                0x0000000020000010                USER_Driver
 .data._impure_ptr
                0x0000000020000024        0x4 c:/st/stm32cubeide_1.8.0/stm32cubeide/plugins/com.st.stm32cube.ide.mcu.externaltools.gnu-tools-for-stm32.10.3-2021.10.win32_1.0.0.202111181127/tools/bin/../lib/gcc/arm-none-eabi/10.3.1/../../../../arm-none-eabi/lib/thumb/v7e-m+fp/hard\libc_nano.a(lib_a-impure.o)
                0x0000000020000024                _impure_ptr
 .data.impure_data
                0x0000000020000028       0x60 c:/st/stm32cubeide_1.8.0/stm32cubeide/plugins/com.st.stm32cube.ide.mcu.externaltools.gnu-tools-for-stm32.10.3-2021.10.win32_1.0.0.202111181127/tools/bin/../lib/gcc/arm-none-eabi/10.3.1/../../../../arm-none-eabi/lib/thumb/v7e-m+fp/hard\libc_nano.a(lib_a-impure.o)
 *(.RamFunc)
 *(.RamFunc*)
                0x0000000020000088                . = ALIGN (0x4)
                0x0000000020000088                _edata = .

.igot.plt       0x0000000020000088        0x0 load address 0x000000000800c11c
 .igot.plt      0x0000000020000088        0x0 c:/st/stm32cubeide_1.8.0/stm32cubeide/plugins/com.st.stm32cube.ide.mcu.externaltools.gnu-tools-for-stm32.10.3-2021.10.win32_1.0.0.202111181127/tools/bin/../lib/gcc/arm-none-eabi/10.3.1/thumb/v7e-m+fp/hard/crtbegin.o
                0x0000000020000088                . = ALIGN (0x4)

.bss            0x0000000020000088     0x2580 load address 0x000000000800c11c
                0x0000000020000088                _sbss = .
                0x0000000020000088                __bss_start__ = _sbss
 *(.bss)
 .bss           0x0000000020000088       0x1c c:/st/stm32cubeide_1.8.0/stm32cubeide/plugins/com.st.stm32cube.ide.mcu.externaltools.gnu-tools-for-stm32.10.3-2021.10.win32_1.0.0.202111181127/tools/bin/../lib/gcc/arm-none-eabi/10.3.1/thumb/v7e-m+fp/hard/crtbegin.o
 *(.bss*)
 .bss.CardType  0x00000000200000a4        0x1 ./Core/Src/fatfs_sd.o
 .bss.PowerFlag
                0x00000000200000a5        0x1 ./Core/Src/fatfs_sd.o
 *fill*         0x00000000200000a6        0x2 
 .bss.hadc1     0x00000000200000a8       0x48 ./Core/Src/main.o
                0x00000000200000a8                hadc1
 .bss.hdma_adc1
                0x00000000200000f0       0x60 ./Core/Src/main.o
                0x00000000200000f0                hdma_adc1
 .bss.hi2c1     0x0000000020000150       0x54 ./Core/Src/main.o
                0x0000000020000150                hi2c1
 .bss.hspi1     0x00000000200001a4       0x58 ./Core/Src/main.o
                0x00000000200001a4                hspi1
 .bss.htim2     0x00000000200001fc       0x48 ./Core/Src/main.o
                0x00000000200001fc                htim2
 .bss.htim11    0x0000000020000244       0x48 ./Core/Src/main.o
                0x0000000020000244                htim11
 .bss.huart2    0x000000002000028c       0x44 ./Core/Src/main.o
                0x000000002000028c                huart2
 .bss.telemetry
                0x00000000200002d0       0x30 ./Core/Src/main.o
                0x00000000200002d0                telemetry
 .bss.health    0x0000000020000300        0x6 ./Core/Src/main.o
                0x0000000020000300                health
 *fill*         0x0000000020000306        0x2 
 .bss.softTimers
                0x0000000020000308       0x2c ./Core/Src/main.o
                0x0000000020000308                softTimers
 .bss.fs        0x0000000020000334     0x1038 ./Core/Src/main.o
                0x0000000020000334                fs
 .bss.fil       0x000000002000136c     0x1030 ./Core/Src/main.o
                0x000000002000136c                fil
 .bss.fresult   0x000000002000239c        0x1 ./Core/Src/main.o
                0x000000002000239c                fresult
 *fill*         0x000000002000239d        0x3 
 .bss.bw        0x00000000200023a0        0x4 ./Core/Src/main.o
                0x00000000200023a0                bw
 .bss.PicNum    0x00000000200023a4        0x2 ./Core/Src/main.o
                0x00000000200023a4                PicNum
 *fill*         0x00000000200023a6        0x2 
 .bss.ADC_Raw   0x00000000200023a8        0x6 ./Core/Src/main.o
                0x00000000200023a8                ADC_Raw
 .bss.FatFsCnt  0x00000000200023ae        0x1 ./Core/Src/stm32f4xx_it.o
                0x00000000200023ae                FatFsCnt
 .bss.Timer1    0x00000000200023af        0x1 ./Core/Src/stm32f4xx_it.o
                0x00000000200023af                Timer1
 .bss.Timer2    0x00000000200023b0        0x1 ./Core/Src/stm32f4xx_it.o
                0x00000000200023b0                Timer2
 *fill*         0x00000000200023b1        0x3 
 .bss.__sbrk_heap_end
                0x00000000200023b4        0x4 ./Core/Src/sysmem.o
 .bss.uwTick    0x00000000200023b8        0x4 ./Drivers/STM32F4xx_HAL_Driver/Src/stm32f4xx_hal.o
                0x00000000200023b8                uwTick
 .bss.FirstPos  0x00000000200023bc        0x2 ./Drivers/UCAM3/UCAM3.o
                0x00000000200023bc                FirstPos
 .bss.retUSER   0x00000000200023be        0x1 ./FATFS/App/fatfs.o
                0x00000000200023be                retUSER
 *fill*         0x00000000200023bf        0x1 
 .bss.USERPath  0x00000000200023c0        0x4 ./FATFS/App/fatfs.o
                0x00000000200023c0                USERPath
 .bss.FatFs     0x00000000200023c4        0x4 ./Middlewares/Third_Party/FatFs/src/ff.o
 .bss.Fsid      0x00000000200023c8        0x2 ./Middlewares/Third_Party/FatFs/src/ff.o
 *fill*         0x00000000200023ca        0x2 
 .bss.Files     0x00000000200023cc       0x20 ./Middlewares/Third_Party/FatFs/src/ff.o
 .bss.LfnBuf    0x00000000200023ec      0x200 ./Middlewares/Third_Party/FatFs/src/ff.o
 .bss.disk      0x00000000200025ec        0xc ./Middlewares/Third_Party/FatFs/src/ff_gen_drv.o
                0x00000000200025ec                disk
 .bss.__malloc_free_list
                0x00000000200025f8        0x4 c:/st/stm32cubeide_1.8.0/stm32cubeide/plugins/com.st.stm32cube.ide.mcu.externaltools.gnu-tools-for-stm32.10.3-2021.10.win32_1.0.0.202111181127/tools/bin/../lib/gcc/arm-none-eabi/10.3.1/../../../../arm-none-eabi/lib/thumb/v7e-m+fp/hard\libc_nano.a(lib_a-nano-mallocr.o)
                0x00000000200025f8                __malloc_free_list
 .bss.__malloc_sbrk_start
                0x00000000200025fc        0x4 c:/st/stm32cubeide_1.8.0/stm32cubeide/plugins/com.st.stm32cube.ide.mcu.externaltools.gnu-tools-for-stm32.10.3-2021.10.win32_1.0.0.202111181127/tools/bin/../lib/gcc/arm-none-eabi/10.3.1/../../../../arm-none-eabi/lib/thumb/v7e-m+fp/hard\libc_nano.a(lib_a-nano-mallocr.o)
                0x00000000200025fc                __malloc_sbrk_start
 .bss.errno     0x0000000020002600        0x4 c:/st/stm32cubeide_1.8.0/stm32cubeide/plugins/com.st.stm32cube.ide.mcu.externaltools.gnu-tools-for-stm32.10.3-2021.10.win32_1.0.0.202111181127/tools/bin/../lib/gcc/arm-none-eabi/10.3.1/../../../../arm-none-eabi/lib/thumb/v7e-m+fp/hard\libc_nano.a(lib_a-reent.o)
                0x0000000020002600                errno
 .bss.__lock___malloc_recursive_mutex
                0x0000000020002604        0x1 c:/st/stm32cubeide_1.8.0/stm32cubeide/plugins/com.st.stm32cube.ide.mcu.externaltools.gnu-tools-for-stm32.10.3-2021.10.win32_1.0.0.202111181127/tools/bin/../lib/gcc/arm-none-eabi/10.3.1/../../../../arm-none-eabi/lib/thumb/v7e-m+fp/hard\libc_nano.a(lib_a-lock.o)
                0x0000000020002604                __lock___malloc_recursive_mutex
 *(COMMON)
                0x0000000020002608                . = ALIGN (0x4)
 *fill*         0x0000000020002605        0x3 
                0x0000000020002608                _ebss = .
                0x0000000020002608                __bss_end__ = _ebss

._user_heap_stack
                0x0000000020002608      0x600 load address 0x000000000800c11c
                0x0000000020002608                . = ALIGN (0x8)
                [!provide]                        PROVIDE (end = .)
                0x0000000020002608                PROVIDE (_end = .)
                0x0000000020002808                . = (. + _Min_Heap_Size)
 *fill*         0x0000000020002608      0x200 
                0x0000000020002c08                . = (. + _Min_Stack_Size)
 *fill*         0x0000000020002808      0x400 
                0x0000000020002c08                . = ALIGN (0x8)

/DISCARD/
 libc.a(*)
 libm.a(*)
 libgcc.a(*)

.ARM.attributes
                0x0000000000000000       0x30
 *(.ARM.attributes)
 .ARM.attributes
                0x0000000000000000       0x1e c:/st/stm32cubeide_1.8.0/stm32cubeide/plugins/com.st.stm32cube.ide.mcu.externaltools.gnu-tools-for-stm32.10.3-2021.10.win32_1.0.0.202111181127/tools/bin/../lib/gcc/arm-none-eabi/10.3.1/thumb/v7e-m+fp/hard/crti.o
 .ARM.attributes
                0x000000000000001e       0x34 c:/st/stm32cubeide_1.8.0/stm32cubeide/plugins/com.st.stm32cube.ide.mcu.externaltools.gnu-tools-for-stm32.10.3-2021.10.win32_1.0.0.202111181127/tools/bin/../lib/gcc/arm-none-eabi/10.3.1/thumb/v7e-m+fp/hard/crtbegin.o
 .ARM.attributes
                0x0000000000000052       0x34 ./Core/Src/fatfs_sd.o
 .ARM.attributes
                0x0000000000000086       0x34 ./Core/Src/main.o
 .ARM.attributes
                0x00000000000000ba       0x34 ./Core/Src/stm32f4xx_hal_msp.o
 .ARM.attributes
                0x00000000000000ee       0x34 ./Core/Src/stm32f4xx_it.o
 .ARM.attributes
                0x0000000000000122       0x34 ./Core/Src/sysmem.o
 .ARM.attributes
                0x0000000000000156       0x34 ./Core/Src/system_stm32f4xx.o
 .ARM.attributes
                0x000000000000018a       0x21 ./Core/Startup/startup_stm32f401ccux.o
 .ARM.attributes
                0x00000000000001ab       0x34 ./Drivers/DS18B20/DS18B20.o
 .ARM.attributes
                0x00000000000001df       0x34 ./Drivers/DS18B20/DS18B20_port.o
 .ARM.attributes
                0x0000000000000213       0x34 ./Drivers/LSM6DS3/LSM6DS3.o
 .ARM.attributes
                0x0000000000000247       0x34 ./Drivers/LSM6DS3/LSM6DS3_port.o
 .ARM.attributes
                0x000000000000027b       0x34 ./Drivers/MS5607/MS5607.o
 .ARM.attributes
                0x00000000000002af       0x34 ./Drivers/MS5607/MS5607_port.o
 .ARM.attributes
                0x00000000000002e3       0x34 ./Drivers/QMC5883L/QMC5883L.o
 .ARM.attributes
                0x0000000000000317       0x34 ./Drivers/QMC5883L/QMC5883L_port.o
 .ARM.attributes
                0x000000000000034b       0x34 ./Drivers/RadioTransmit/Transmitter.o
 .ARM.attributes
                0x000000000000037f       0x34 ./Drivers/STM32F4xx_HAL_Driver/Src/stm32f4xx_hal.o
 .ARM.attributes
                0x00000000000003b3       0x34 ./Drivers/STM32F4xx_HAL_Driver/Src/stm32f4xx_hal_adc.o
 .ARM.attributes
                0x00000000000003e7       0x34 ./Drivers/STM32F4xx_HAL_Driver/Src/stm32f4xx_hal_cortex.o
 .ARM.attributes
                0x000000000000041b       0x34 ./Drivers/STM32F4xx_HAL_Driver/Src/stm32f4xx_hal_dma.o
 .ARM.attributes
                0x000000000000044f       0x34 ./Drivers/STM32F4xx_HAL_Driver/Src/stm32f4xx_hal_gpio.o
 .ARM.attributes
                0x0000000000000483       0x34 ./Drivers/STM32F4xx_HAL_Driver/Src/stm32f4xx_hal_i2c.o
 .ARM.attributes
                0x00000000000004b7       0x34 ./Drivers/STM32F4xx_HAL_Driver/Src/stm32f4xx_hal_rcc.o
 .ARM.attributes
                0x00000000000004eb       0x34 ./Drivers/STM32F4xx_HAL_Driver/Src/stm32f4xx_hal_spi.o
 .ARM.attributes
                0x000000000000051f       0x34 ./Drivers/STM32F4xx_HAL_Driver/Src/stm32f4xx_hal_tim.o
 .ARM.attributes
                0x0000000000000553       0x34 ./Drivers/STM32F4xx_HAL_Driver/Src/stm32f4xx_hal_tim_ex.o
 .ARM.attributes
                0x0000000000000587       0x34 ./Drivers/STM32F4xx_HAL_Driver/Src/stm32f4xx_hal_uart.o
 .ARM.attributes
                0x00000000000005bb       0x34 ./Drivers/UCAM3/UCAM3.o
 .ARM.attributes
                0x00000000000005ef       0x34 ./Drivers/UCAM3/UCAM3_port.o
 .ARM.attributes
                0x0000000000000623       0x34 ./FATFS/App/fatfs.o
 .ARM.attributes
                0x0000000000000657       0x34 ./FATFS/Target/user_diskio.o
 .ARM.attributes
                0x000000000000068b       0x34 ./Middlewares/Third_Party/FatFs/src/diskio.o
 .ARM.attributes
                0x00000000000006bf       0x34 ./Middlewares/Third_Party/FatFs/src/ff.o
 .ARM.attributes
                0x00000000000006f3       0x34 ./Middlewares/Third_Party/FatFs/src/ff_gen_drv.o
 .ARM.attributes
                0x0000000000000727       0x34 ./Middlewares/Third_Party/FatFs/src/option/ccsbcs.o
 .ARM.attributes
                0x000000000000075b       0x34 c:/st/stm32cubeide_1.8.0/stm32cubeide/plugins/com.st.stm32cube.ide.mcu.externaltools.gnu-tools-for-stm32.10.3-2021.10.win32_1.0.0.202111181127/tools/bin/../lib/gcc/arm-none-eabi/10.3.1/../../../../arm-none-eabi/lib/thumb/v7e-m+fp/hard\libc_nano.a(lib_a-errno.o)
 .ARM.attributes
                0x000000000000078f       0x34 c:/st/stm32cubeide_1.8.0/stm32cubeide/plugins/com.st.stm32cube.ide.mcu.externaltools.gnu-tools-for-stm32.10.3-2021.10.win32_1.0.0.202111181127/tools/bin/../lib/gcc/arm-none-eabi/10.3.1/../../../../arm-none-eabi/lib/thumb/v7e-m+fp/hard\libc_nano.a(lib_a-impure.o)
 .ARM.attributes
                0x00000000000007c3       0x34 c:/st/stm32cubeide_1.8.0/stm32cubeide/plugins/com.st.stm32cube.ide.mcu.externaltools.gnu-tools-for-stm32.10.3-2021.10.win32_1.0.0.202111181127/tools/bin/../lib/gcc/arm-none-eabi/10.3.1/../../../../arm-none-eabi/lib/thumb/v7e-m+fp/hard\libc_nano.a(lib_a-init.o)
 .ARM.attributes
                0x00000000000007f7       0x34 c:/st/stm32cubeide_1.8.0/stm32cubeide/plugins/com.st.stm32cube.ide.mcu.externaltools.gnu-tools-for-stm32.10.3-2021.10.win32_1.0.0.202111181127/tools/bin/../lib/gcc/arm-none-eabi/10.3.1/../../../../arm-none-eabi/lib/thumb/v7e-m+fp/hard\libc_nano.a(lib_a-memset.o)
 .ARM.attributes
                0x000000000000082b       0x34 c:/st/stm32cubeide_1.8.0/stm32cubeide/plugins/com.st.stm32cube.ide.mcu.externaltools.gnu-tools-for-stm32.10.3-2021.10.win32_1.0.0.202111181127/tools/bin/../lib/gcc/arm-none-eabi/10.3.1/../../../../arm-none-eabi/lib/thumb/v7e-m+fp/hard\libc_nano.a(lib_a-sprintf.o)
 .ARM.attributes
                0x000000000000085f       0x34 c:/st/stm32cubeide_1.8.0/stm32cubeide/plugins/com.st.stm32cube.ide.mcu.externaltools.gnu-tools-for-stm32.10.3-2021.10.win32_1.0.0.202111181127/tools/bin/../lib/gcc/arm-none-eabi/10.3.1/../../../../arm-none-eabi/lib/thumb/v7e-m+fp/hard\libc_nano.a(lib_a-nano-svfprintf.o)
 .ARM.attributes
                0x0000000000000893       0x34 c:/st/stm32cubeide_1.8.0/stm32cubeide/plugins/com.st.stm32cube.ide.mcu.externaltools.gnu-tools-for-stm32.10.3-2021.10.win32_1.0.0.202111181127/tools/bin/../lib/gcc/arm-none-eabi/10.3.1/../../../../arm-none-eabi/lib/thumb/v7e-m+fp/hard\libc_nano.a(lib_a-nano-vfprintf_i.o)
 .ARM.attributes
                0x00000000000008c7       0x1c c:/st/stm32cubeide_1.8.0/stm32cubeide/plugins/com.st.stm32cube.ide.mcu.externaltools.gnu-tools-for-stm32.10.3-2021.10.win32_1.0.0.202111181127/tools/bin/../lib/gcc/arm-none-eabi/10.3.1/../../../../arm-none-eabi/lib/thumb/v7e-m+fp/hard\libc_nano.a(lib_a-memchr.o)
 .ARM.attributes
                0x00000000000008e3       0x34 c:/st/stm32cubeide_1.8.0/stm32cubeide/plugins/com.st.stm32cube.ide.mcu.externaltools.gnu-tools-for-stm32.10.3-2021.10.win32_1.0.0.202111181127/tools/bin/../lib/gcc/arm-none-eabi/10.3.1/../../../../arm-none-eabi/lib/thumb/v7e-m+fp/hard\libc_nano.a(lib_a-memcpy-stub.o)
 .ARM.attributes
                0x0000000000000917       0x34 c:/st/stm32cubeide_1.8.0/stm32cubeide/plugins/com.st.stm32cube.ide.mcu.externaltools.gnu-tools-for-stm32.10.3-2021.10.win32_1.0.0.202111181127/tools/bin/../lib/gcc/arm-none-eabi/10.3.1/../../../../arm-none-eabi/lib/thumb/v7e-m+fp/hard\libc_nano.a(lib_a-memmove.o)
 .ARM.attributes
                0x000000000000094b       0x34 c:/st/stm32cubeide_1.8.0/stm32cubeide/plugins/com.st.stm32cube.ide.mcu.externaltools.gnu-tools-for-stm32.10.3-2021.10.win32_1.0.0.202111181127/tools/bin/../lib/gcc/arm-none-eabi/10.3.1/../../../../arm-none-eabi/lib/thumb/v7e-m+fp/hard\libc_nano.a(lib_a-nano-freer.o)
 .ARM.attributes
                0x000000000000097f       0x34 c:/st/stm32cubeide_1.8.0/stm32cubeide/plugins/com.st.stm32cube.ide.mcu.externaltools.gnu-tools-for-stm32.10.3-2021.10.win32_1.0.0.202111181127/tools/bin/../lib/gcc/arm-none-eabi/10.3.1/../../../../arm-none-eabi/lib/thumb/v7e-m+fp/hard\libc_nano.a(lib_a-nano-mallocr.o)
 .ARM.attributes
                0x00000000000009b3       0x34 c:/st/stm32cubeide_1.8.0/stm32cubeide/plugins/com.st.stm32cube.ide.mcu.externaltools.gnu-tools-for-stm32.10.3-2021.10.win32_1.0.0.202111181127/tools/bin/../lib/gcc/arm-none-eabi/10.3.1/../../../../arm-none-eabi/lib/thumb/v7e-m+fp/hard\libc_nano.a(lib_a-nano-reallocr.o)
 .ARM.attributes
                0x00000000000009e7       0x34 c:/st/stm32cubeide_1.8.0/stm32cubeide/plugins/com.st.stm32cube.ide.mcu.externaltools.gnu-tools-for-stm32.10.3-2021.10.win32_1.0.0.202111181127/tools/bin/../lib/gcc/arm-none-eabi/10.3.1/../../../../arm-none-eabi/lib/thumb/v7e-m+fp/hard\libc_nano.a(lib_a-sbrkr.o)
 .ARM.attributes
                0x0000000000000a1b       0x34 c:/st/stm32cubeide_1.8.0/stm32cubeide/plugins/com.st.stm32cube.ide.mcu.externaltools.gnu-tools-for-stm32.10.3-2021.10.win32_1.0.0.202111181127/tools/bin/../lib/gcc/arm-none-eabi/10.3.1/../../../../arm-none-eabi/lib/thumb/v7e-m+fp/hard\libc_nano.a(lib_a-mlock.o)
 .ARM.attributes
                0x0000000000000a4f       0x34 c:/st/stm32cubeide_1.8.0/stm32cubeide/plugins/com.st.stm32cube.ide.mcu.externaltools.gnu-tools-for-stm32.10.3-2021.10.win32_1.0.0.202111181127/tools/bin/../lib/gcc/arm-none-eabi/10.3.1/../../../../arm-none-eabi/lib/thumb/v7e-m+fp/hard\libc_nano.a(lib_a-nano-msizer.o)
 .ARM.attributes
                0x0000000000000a83       0x34 c:/st/stm32cubeide_1.8.0/stm32cubeide/plugins/com.st.stm32cube.ide.mcu.externaltools.gnu-tools-for-stm32.10.3-2021.10.win32_1.0.0.202111181127/tools/bin/../lib/gcc/arm-none-eabi/10.3.1/../../../../arm-none-eabi/lib/thumb/v7e-m+fp/hard\libc_nano.a(lib_a-reent.o)
 .ARM.attributes
                0x0000000000000ab7       0x34 c:/st/stm32cubeide_1.8.0/stm32cubeide/plugins/com.st.stm32cube.ide.mcu.externaltools.gnu-tools-for-stm32.10.3-2021.10.win32_1.0.0.202111181127/tools/bin/../lib/gcc/arm-none-eabi/10.3.1/../../../../arm-none-eabi/lib/thumb/v7e-m+fp/hard\libc_nano.a(lib_a-lock.o)
 .ARM.attributes
                0x0000000000000aeb       0x1e c:/st/stm32cubeide_1.8.0/stm32cubeide/plugins/com.st.stm32cube.ide.mcu.externaltools.gnu-tools-for-stm32.10.3-2021.10.win32_1.0.0.202111181127/tools/bin/../lib/gcc/arm-none-eabi/10.3.1/thumb/v7e-m+fp/hard\libgcc.a(_aeabi_uldivmod.o)
 .ARM.attributes
                0x0000000000000b09       0x34 c:/st/stm32cubeide_1.8.0/stm32cubeide/plugins/com.st.stm32cube.ide.mcu.externaltools.gnu-tools-for-stm32.10.3-2021.10.win32_1.0.0.202111181127/tools/bin/../lib/gcc/arm-none-eabi/10.3.1/thumb/v7e-m+fp/hard\libgcc.a(_udivmoddi4.o)
 .ARM.attributes
                0x0000000000000b3d       0x1e c:/st/stm32cubeide_1.8.0/stm32cubeide/plugins/com.st.stm32cube.ide.mcu.externaltools.gnu-tools-for-stm32.10.3-2021.10.win32_1.0.0.202111181127/tools/bin/../lib/gcc/arm-none-eabi/10.3.1/thumb/v7e-m+fp/hard\libgcc.a(_dvmd_tls.o)
 .ARM.attributes
                0x0000000000000b5b       0x1e c:/st/stm32cubeide_1.8.0/stm32cubeide/plugins/com.st.stm32cube.ide.mcu.externaltools.gnu-tools-for-stm32.10.3-2021.10.win32_1.0.0.202111181127/tools/bin/../lib/gcc/arm-none-eabi/10.3.1/thumb/v7e-m+fp/hard/crtn.o
OUTPUT(OnBoardComputer.elf elf32-littlearm)
LOAD linker stubs
LOAD c:/st/stm32cubeide_1.8.0/stm32cubeide/plugins/com.st.stm32cube.ide.mcu.externaltools.gnu-tools-for-stm32.10.3-2021.10.win32_1.0.0.202111181127/tools/bin/../lib/gcc/arm-none-eabi/10.3.1/../../../../arm-none-eabi/lib/thumb/v7e-m+fp/hard\libc.a
LOAD c:/st/stm32cubeide_1.8.0/stm32cubeide/plugins/com.st.stm32cube.ide.mcu.externaltools.gnu-tools-for-stm32.10.3-2021.10.win32_1.0.0.202111181127/tools/bin/../lib/gcc/arm-none-eabi/10.3.1/../../../../arm-none-eabi/lib/thumb/v7e-m+fp/hard\libm.a
LOAD c:/st/stm32cubeide_1.8.0/stm32cubeide/plugins/com.st.stm32cube.ide.mcu.externaltools.gnu-tools-for-stm32.10.3-2021.10.win32_1.0.0.202111181127/tools/bin/../lib/gcc/arm-none-eabi/10.3.1/thumb/v7e-m+fp/hard\libgcc.a

.debug_info     0x0000000000000000    0x1ba68
 .debug_info    0x0000000000000000      0xcce ./Core/Src/fatfs_sd.o
 .debug_info    0x0000000000000cce     0x2b07 ./Core/Src/main.o
 .debug_info    0x00000000000037d5     0x1769 ./Core/Src/stm32f4xx_hal_msp.o
 .debug_info    0x0000000000004f3e      0x459 ./Core/Src/stm32f4xx_it.o
 .debug_info    0x0000000000005397      0x171 ./Core/Src/sysmem.o
 .debug_info    0x0000000000005508      0x54f ./Core/Src/system_stm32f4xx.o
 .debug_info    0x0000000000005a57       0x22 ./Core/Startup/startup_stm32f401ccux.o
 .debug_info    0x0000000000005a79      0x2e9 ./Drivers/DS18B20/DS18B20.o
 .debug_info    0x0000000000005d62      0x909 ./Drivers/DS18B20/DS18B20_port.o
 .debug_info    0x000000000000666b      0x268 ./Drivers/LSM6DS3/LSM6DS3.o
 .debug_info    0x00000000000068d3      0x78f ./Drivers/LSM6DS3/LSM6DS3_port.o
 .debug_info    0x0000000000007062      0x78a ./Drivers/MS5607/MS5607.o
 .debug_info    0x00000000000077ec       0xe1 ./Drivers/MS5607/MS5607_port.o
 .debug_info    0x00000000000078cd      0x178 ./Drivers/QMC5883L/QMC5883L.o
 .debug_info    0x0000000000007a45      0x74f ./Drivers/QMC5883L/QMC5883L_port.o
 .debug_info    0x0000000000008194      0x31a ./Drivers/RadioTransmit/Transmitter.o
 .debug_info    0x00000000000084ae      0x906 ./Drivers/STM32F4xx_HAL_Driver/Src/stm32f4xx_hal.o
 .debug_info    0x0000000000008db4      0xd68 ./Drivers/STM32F4xx_HAL_Driver/Src/stm32f4xx_hal_adc.o
 .debug_info    0x0000000000009b1c      0xd85 ./Drivers/STM32F4xx_HAL_Driver/Src/stm32f4xx_hal_cortex.o
 .debug_info    0x000000000000a8a1      0x947 ./Drivers/STM32F4xx_HAL_Driver/Src/stm32f4xx_hal_dma.o
 .debug_info    0x000000000000b1e8      0x78e ./Drivers/STM32F4xx_HAL_Driver/Src/stm32f4xx_hal_gpio.o
 .debug_info    0x000000000000b976     0x260f ./Drivers/STM32F4xx_HAL_Driver/Src/stm32f4xx_hal_i2c.o
 .debug_info    0x000000000000df85      0x98c ./Drivers/STM32F4xx_HAL_Driver/Src/stm32f4xx_hal_rcc.o
 .debug_info    0x000000000000e911     0x1750 ./Drivers/STM32F4xx_HAL_Driver/Src/stm32f4xx_hal_spi.o
 .debug_info    0x0000000000010061     0x2bb6 ./Drivers/STM32F4xx_HAL_Driver/Src/stm32f4xx_hal_tim.o
 .debug_info    0x0000000000012c17     0x15d8 ./Drivers/STM32F4xx_HAL_Driver/Src/stm32f4xx_hal_tim_ex.o
 .debug_info    0x00000000000141ef     0x31b4 ./Drivers/STM32F4xx_HAL_Driver/Src/stm32f4xx_hal_uart.o
 .debug_info    0x00000000000173a3      0x516 ./Drivers/UCAM3/UCAM3.o
 .debug_info    0x00000000000178b9      0x6bd ./Drivers/UCAM3/UCAM3_port.o
 .debug_info    0x0000000000017f76      0x52d ./FATFS/App/fatfs.o
 .debug_info    0x00000000000184a3      0x3d9 ./FATFS/Target/user_diskio.o
 .debug_info    0x000000000001887c      0x419 ./Middlewares/Third_Party/FatFs/src/diskio.o
 .debug_info    0x0000000000018c95     0x2856 ./Middlewares/Third_Party/FatFs/src/ff.o
 .debug_info    0x000000000001b4eb      0x3b0 ./Middlewares/Third_Party/FatFs/src/ff_gen_drv.o
 .debug_info    0x000000000001b89b      0x1cd ./Middlewares/Third_Party/FatFs/src/option/ccsbcs.o

.debug_abbrev   0x0000000000000000     0x40cd
 .debug_abbrev  0x0000000000000000      0x2c4 ./Core/Src/fatfs_sd.o
 .debug_abbrev  0x00000000000002c4      0x4b9 ./Core/Src/main.o
 .debug_abbrev  0x000000000000077d      0x245 ./Core/Src/stm32f4xx_hal_msp.o
 .debug_abbrev  0x00000000000009c2      0x16e ./Core/Src/stm32f4xx_it.o
 .debug_abbrev  0x0000000000000b30       0xbb ./Core/Src/sysmem.o
 .debug_abbrev  0x0000000000000beb      0x116 ./Core/Src/system_stm32f4xx.o
 .debug_abbrev  0x0000000000000d01       0x12 ./Core/Startup/startup_stm32f401ccux.o
 .debug_abbrev  0x0000000000000d13      0x19e ./Drivers/DS18B20/DS18B20.o
 .debug_abbrev  0x0000000000000eb1      0x20f ./Drivers/DS18B20/DS18B20_port.o
 .debug_abbrev  0x00000000000010c0      0x12e ./Drivers/LSM6DS3/LSM6DS3.o
 .debug_abbrev  0x00000000000011ee      0x1aa ./Drivers/LSM6DS3/LSM6DS3_port.o
 .debug_abbrev  0x0000000000001398      0x1aa ./Drivers/MS5607/MS5607.o
 .debug_abbrev  0x0000000000001542       0x83 ./Drivers/MS5607/MS5607_port.o
 .debug_abbrev  0x00000000000015c5       0xd2 ./Drivers/QMC5883L/QMC5883L.o
 .debug_abbrev  0x0000000000001697      0x1c7 ./Drivers/QMC5883L/QMC5883L_port.o
 .debug_abbrev  0x000000000000185e       0xff ./Drivers/RadioTransmit/Transmitter.o
 .debug_abbrev  0x000000000000195d      0x23e ./Drivers/STM32F4xx_HAL_Driver/Src/stm32f4xx_hal.o
 .debug_abbrev  0x0000000000001b9b      0x204 ./Drivers/STM32F4xx_HAL_Driver/Src/stm32f4xx_hal_adc.o
 .debug_abbrev  0x0000000000001d9f      0x316 ./Drivers/STM32F4xx_HAL_Driver/Src/stm32f4xx_hal_cortex.o
 .debug_abbrev  0x00000000000020b5      0x21b ./Drivers/STM32F4xx_HAL_Driver/Src/stm32f4xx_hal_dma.o
 .debug_abbrev  0x00000000000022d0      0x1c4 ./Drivers/STM32F4xx_HAL_Driver/Src/stm32f4xx_hal_gpio.o
 .debug_abbrev  0x0000000000002494      0x2a8 ./Drivers/STM32F4xx_HAL_Driver/Src/stm32f4xx_hal_i2c.o
 .debug_abbrev  0x000000000000273c      0x2aa ./Drivers/STM32F4xx_HAL_Driver/Src/stm32f4xx_hal_rcc.o
 .debug_abbrev  0x00000000000029e6      0x26e ./Drivers/STM32F4xx_HAL_Driver/Src/stm32f4xx_hal_spi.o
 .debug_abbrev  0x0000000000002c54      0x26e ./Drivers/STM32F4xx_HAL_Driver/Src/stm32f4xx_hal_tim.o
 .debug_abbrev  0x0000000000002ec2      0x276 ./Drivers/STM32F4xx_HAL_Driver/Src/stm32f4xx_hal_tim_ex.o
 .debug_abbrev  0x0000000000003138      0x305 ./Drivers/STM32F4xx_HAL_Driver/Src/stm32f4xx_hal_uart.o
 .debug_abbrev  0x000000000000343d      0x1df ./Drivers/UCAM3/UCAM3.o
 .debug_abbrev  0x000000000000361c      0x1bd ./Drivers/UCAM3/UCAM3_port.o
 .debug_abbrev  0x00000000000037d9      0x15a ./FATFS/App/fatfs.o
 .debug_abbrev  0x0000000000003933      0x13f ./FATFS/Target/user_diskio.o
 .debug_abbrev  0x0000000000003a72      0x178 ./Middlewares/Third_Party/FatFs/src/diskio.o
 .debug_abbrev  0x0000000000003bea      0x271 ./Middlewares/Third_Party/FatFs/src/ff.o
 .debug_abbrev  0x0000000000003e5b      0x196 ./Middlewares/Third_Party/FatFs/src/ff_gen_drv.o
 .debug_abbrev  0x0000000000003ff1       0xdc ./Middlewares/Third_Party/FatFs/src/option/ccsbcs.o

.debug_aranges  0x0000000000000000     0x1888
 .debug_aranges
                0x0000000000000000       0xa8 ./Core/Src/fatfs_sd.o
 .debug_aranges
                0x00000000000000a8       0xe0 ./Core/Src/main.o
 .debug_aranges
                0x0000000000000188       0x70 ./Core/Src/stm32f4xx_hal_msp.o
 .debug_aranges
                0x00000000000001f8       0x70 ./Core/Src/stm32f4xx_it.o
 .debug_aranges
                0x0000000000000268       0x20 ./Core/Src/sysmem.o
 .debug_aranges
                0x0000000000000288       0x28 ./Core/Src/system_stm32f4xx.o
 .debug_aranges
                0x00000000000002b0       0x28 ./Core/Startup/startup_stm32f401ccux.o
 .debug_aranges
                0x00000000000002d8       0x60 ./Drivers/DS18B20/DS18B20.o
 .debug_aranges
                0x0000000000000338       0x38 ./Drivers/DS18B20/DS18B20_port.o
 .debug_aranges
                0x0000000000000370       0x50 ./Drivers/LSM6DS3/LSM6DS3.o
 .debug_aranges
                0x00000000000003c0       0x30 ./Drivers/LSM6DS3/LSM6DS3_port.o
 .debug_aranges
                0x00000000000003f0       0x30 ./Drivers/MS5607/MS5607.o
 .debug_aranges
                0x0000000000000420       0x20 ./Drivers/MS5607/MS5607_port.o
 .debug_aranges
                0x0000000000000440       0x28 ./Drivers/QMC5883L/QMC5883L.o
 .debug_aranges
                0x0000000000000468       0x30 ./Drivers/QMC5883L/QMC5883L_port.o
 .debug_aranges
                0x0000000000000498       0x30 ./Drivers/RadioTransmit/Transmitter.o
 .debug_aranges
                0x00000000000004c8       0xf0 ./Drivers/STM32F4xx_HAL_Driver/Src/stm32f4xx_hal.o
 .debug_aranges
                0x00000000000005b8       0xe8 ./Drivers/STM32F4xx_HAL_Driver/Src/stm32f4xx_hal_adc.o
 .debug_aranges
                0x00000000000006a0      0x118 ./Drivers/STM32F4xx_HAL_Driver/Src/stm32f4xx_hal_cortex.o
 .debug_aranges
                0x00000000000007b8       0x90 ./Drivers/STM32F4xx_HAL_Driver/Src/stm32f4xx_hal_dma.o
 .debug_aranges
                0x0000000000000848       0x58 ./Drivers/STM32F4xx_HAL_Driver/Src/stm32f4xx_hal_gpio.o
 .debug_aranges
                0x00000000000008a0      0x2a0 ./Drivers/STM32F4xx_HAL_Driver/Src/stm32f4xx_hal_i2c.o
 .debug_aranges
                0x0000000000000b40       0x88 ./Drivers/STM32F4xx_HAL_Driver/Src/stm32f4xx_hal_rcc.o
 .debug_aranges
                0x0000000000000bc8      0x1d0 ./Drivers/STM32F4xx_HAL_Driver/Src/stm32f4xx_hal_spi.o
 .debug_aranges
                0x0000000000000d98      0x3d0 ./Drivers/STM32F4xx_HAL_Driver/Src/stm32f4xx_hal_tim.o
 .debug_aranges
                0x0000000000001168      0x168 ./Drivers/STM32F4xx_HAL_Driver/Src/stm32f4xx_hal_tim_ex.o
 .debug_aranges
                0x00000000000012d0      0x200 ./Drivers/STM32F4xx_HAL_Driver/Src/stm32f4xx_hal_uart.o
 .debug_aranges
                0x00000000000014d0       0x40 ./Drivers/UCAM3/UCAM3.o
 .debug_aranges
                0x0000000000001510       0x30 ./Drivers/UCAM3/UCAM3_port.o
 .debug_aranges
                0x0000000000001540       0x28 ./FATFS/App/fatfs.o
 .debug_aranges
                0x0000000000001568       0x40 ./FATFS/Target/user_diskio.o
 .debug_aranges
                0x00000000000015a8       0x48 ./Middlewares/Third_Party/FatFs/src/diskio.o
 .debug_aranges
                0x00000000000015f0      0x230 ./Middlewares/Third_Party/FatFs/src/ff.o
 .debug_aranges
                0x0000000000001820       0x40 ./Middlewares/Third_Party/FatFs/src/ff_gen_drv.o
 .debug_aranges
                0x0000000000001860       0x28 ./Middlewares/Third_Party/FatFs/src/option/ccsbcs.o

.debug_ranges   0x0000000000000000     0x16c0
 .debug_ranges  0x0000000000000000       0x98 ./Core/Src/fatfs_sd.o
 .debug_ranges  0x0000000000000098       0xd0 ./Core/Src/main.o
 .debug_ranges  0x0000000000000168       0x60 ./Core/Src/stm32f4xx_hal_msp.o
 .debug_ranges  0x00000000000001c8       0x60 ./Core/Src/stm32f4xx_it.o
 .debug_ranges  0x0000000000000228       0x10 ./Core/Src/sysmem.o
 .debug_ranges  0x0000000000000238       0x18 ./Core/Src/system_stm32f4xx.o
 .debug_ranges  0x0000000000000250       0x20 ./Core/Startup/startup_stm32f401ccux.o