Archive member included to satisfy reference by file (symbol)

d:/soft/stm32cubeide/stm32cubeide/plugins/com.st.stm32cube.ide.mcu.externaltools.gnu-tools-for-stm32.10.3-2021.10.win32_1.0.0.202111181127/tools/bin/../lib/gcc/arm-none-eabi/10.3.1/../../../../arm-none-eabi/lib/thumb/v6-m/nofp\libc_nano.a(lib_a-atoi.o)
                              ./Core/Src/main.o (atoi)
d:/soft/stm32cubeide/stm32cubeide/plugins/com.st.stm32cube.ide.mcu.externaltools.gnu-tools-for-stm32.10.3-2021.10.win32_1.0.0.202111181127/tools/bin/../lib/gcc/arm-none-eabi/10.3.1/../../../../arm-none-eabi/lib/thumb/v6-m/nofp\libc_nano.a(lib_a-ctype_.o)
                              ./Core/Src/main.o (_ctype_)
d:/soft/stm32cubeide/stm32cubeide/plugins/com.st.stm32cube.ide.mcu.externaltools.gnu-tools-for-stm32.10.3-2021.10.win32_1.0.0.202111181127/tools/bin/../lib/gcc/arm-none-eabi/10.3.1/../../../../arm-none-eabi/lib/thumb/v6-m/nofp\libc_nano.a(lib_a-errno.o)
                              ./Core/Src/syscalls.o (__errno)
d:/soft/stm32cubeide/stm32cubeide/plugins/com.st.stm32cube.ide.mcu.externaltools.gnu-tools-for-stm32.10.3-2021.10.win32_1.0.0.202111181127/tools/bin/../lib/gcc/arm-none-eabi/10.3.1/../../../../arm-none-eabi/lib/thumb/v6-m/nofp\libc_nano.a(lib_a-exit.o)
                              d:/soft/stm32cubeide/stm32cubeide/plugins/com.st.stm32cube.ide.mcu.externaltools.gnu-tools-for-stm32.10.3-2021.10.win32_1.0.0.202111181127/tools/bin/../lib/gcc/arm-none-eabi/10.3.1/../../../../arm-none-eabi/lib/thumb/v6-m/nofp/crt0.o (exit)
d:/soft/stm32cubeide/stm32cubeide/plugins/com.st.stm32cube.ide.mcu.externaltools.gnu-tools-for-stm32.10.3-2021.10.win32_1.0.0.202111181127/tools/bin/../lib/gcc/arm-none-eabi/10.3.1/../../../../arm-none-eabi/lib/thumb/v6-m/nofp\libc_nano.a(lib_a-impure.o)
                              d:/soft/stm32cubeide/stm32cubeide/plugins/com.st.stm32cube.ide.mcu.externaltools.gnu-tools-for-stm32.10.3-2021.10.win32_1.0.0.202111181127/tools/bin/../lib/gcc/arm-none-eabi/10.3.1/../../../../arm-none-eabi/lib/thumb/v6-m/nofp\libc_nano.a(lib_a-exit.o) (_global_impure_ptr)
d:/soft/stm32cubeide/stm32cubeide/plugins/com.st.stm32cube.ide.mcu.externaltools.gnu-tools-for-stm32.10.3-2021.10.win32_1.0.0.202111181127/tools/bin/../lib/gcc/arm-none-eabi/10.3.1/../../../../arm-none-eabi/lib/thumb/v6-m/nofp\libc_nano.a(lib_a-init.o)
                              d:/soft/stm32cubeide/stm32cubeide/plugins/com.st.stm32cube.ide.mcu.externaltools.gnu-tools-for-stm32.10.3-2021.10.win32_1.0.0.202111181127/tools/bin/../lib/gcc/arm-none-eabi/10.3.1/../../../../arm-none-eabi/lib/thumb/v6-m/nofp/crt0.o (__libc_init_array)
d:/soft/stm32cubeide/stm32cubeide/plugins/com.st.stm32cube.ide.mcu.externaltools.gnu-tools-for-stm32.10.3-2021.10.win32_1.0.0.202111181127/tools/bin/../lib/gcc/arm-none-eabi/10.3.1/../../../../arm-none-eabi/lib/thumb/v6-m/nofp\libc_nano.a(lib_a-memcpy-stub.o)
                              ./Core/Src/main.o (memcpy)
d:/soft/stm32cubeide/stm32cubeide/plugins/com.st.stm32cube.ide.mcu.externaltools.gnu-tools-for-stm32.10.3-2021.10.win32_1.0.0.202111181127/tools/bin/../lib/gcc/arm-none-eabi/10.3.1/../../../../arm-none-eabi/lib/thumb/v6-m/nofp\libc_nano.a(lib_a-memset.o)
                              d:/soft/stm32cubeide/stm32cubeide/plugins/com.st.stm32cube.ide.mcu.externaltools.gnu-tools-for-stm32.10.3-2021.10.win32_1.0.0.202111181127/tools/bin/../lib/gcc/arm-none-eabi/10.3.1/../../../../arm-none-eabi/lib/thumb/v6-m/nofp/crt0.o (memset)
d:/soft/stm32cubeide/stm32cubeide/plugins/com.st.stm32cube.ide.mcu.externaltools.gnu-tools-for-stm32.10.3-2021.10.win32_1.0.0.202111181127/tools/bin/../lib/gcc/arm-none-eabi/10.3.1/../../../../arm-none-eabi/lib/thumb/v6-m/nofp\libc_nano.a(lib_a-sscanf.o)
                              ./Core/Src/main.o (sscanf)
d:/soft/stm32cubeide/stm32cubeide/plugins/com.st.stm32cube.ide.mcu.externaltools.gnu-tools-for-stm32.10.3-2021.10.win32_1.0.0.202111181127/tools/bin/../lib/gcc/arm-none-eabi/10.3.1/../../../../arm-none-eabi/lib/thumb/v6-m/nofp\libc_nano.a(lib_a-stdio.o)
                              d:/soft/stm32cubeide/stm32cubeide/plugins/com.st.stm32cube.ide.mcu.externaltools.gnu-tools-for-stm32.10.3-2021.10.win32_1.0.0.202111181127/tools/bin/../lib/gcc/arm-none-eabi/10.3.1/../../../../arm-none-eabi/lib/thumb/v6-m/nofp\libc_nano.a(lib_a-sscanf.o) (__seofread)
d:/soft/stm32cubeide/stm32cubeide/plugins/com.st.stm32cube.ide.mcu.externaltools.gnu-tools-for-stm32.10.3-2021.10.win32_1.0.0.202111181127/tools/bin/../lib/gcc/arm-none-eabi/10.3.1/../../../../arm-none-eabi/lib/thumb/v6-m/nofp\libc_nano.a(lib_a-strcmp.o)
                              ./Core/Src/main.o (strcmp)
d:/soft/stm32cubeide/stm32cubeide/plugins/com.st.stm32cube.ide.mcu.externaltools.gnu-tools-for-stm32.10.3-2021.10.win32_1.0.0.202111181127/tools/bin/../lib/gcc/arm-none-eabi/10.3.1/../../../../arm-none-eabi/lib/thumb/v6-m/nofp\libc_nano.a(lib_a-strlen.o)
[...]
Memory Configuration

Name             Origin             Length             Attributes
RAM              0x0000000020000000 0x0000000000002000 xrw
FLASH            0x0000000008000000 0x0000000000008000 xr
*default*        0x0000000000000000 0xffffffffffffffff

Linker script and memory map

LOAD d:/soft/stm32cubeide/stm32cubeide/plugins/com.st.stm32cube.ide.mcu.externaltools.gnu-tools-for-stm32.10.3-2021.10.win32_1.0.0.202111181127/tools/bin/../lib/gcc/arm-none-eabi/10.3.1/thumb/v6-m/nofp/crti.o
LOAD d:/soft/stm32cubeide/stm32cubeide/plugins/com.st.stm32cube.ide.mcu.externaltools.gnu-tools-for-stm32.10.3-2021.10.win32_1.0.0.202111181127/tools/bin/../lib/gcc/arm-none-eabi/10.3.1/thumb/v6-m/nofp/crtbegin.o
LOAD d:/soft/stm32cubeide/stm32cubeide/plugins/com.st.stm32cube.ide.mcu.externaltools.gnu-tools-for-stm32.10.3-2021.10.win32_1.0.0.202111181127/tools/bin/../lib/gcc/arm-none-eabi/10.3.1/../../../../arm-none-eabi/lib/thumb/v6-m/nofp/crt0.o
LOAD ./Core/Src/main.o
LOAD ./Core/Src/stm32g0xx_hal_msp.o
LOAD ./Core/Src/stm32g0xx_it.o
LOAD ./Core/Src/syscalls.o
LOAD ./Core/Src/sysmem.o
LOAD ./Core/Src/system_stm32g0xx.o
LOAD ./Core/Startup/startup_stm32g030f6px.o
LOAD ./Drivers/STM32G0xx_HAL_Driver/Src/stm32g0xx_hal.o
LOAD ./Drivers/STM32G0xx_HAL_Driver/Src/stm32g0xx_hal_cortex.o
LOAD ./Drivers/STM32G0xx_HAL_Driver/Src/stm32g0xx_hal_dma.o
LOAD ./Drivers/STM32G0xx_HAL_Driver/Src/stm32g0xx_hal_dma_ex.o
LOAD ./Drivers/STM32G0xx_HAL_Driver/Src/stm32g0xx_hal_exti.o
LOAD ./Drivers/STM32G0xx_HAL_Driver/Src/stm32g0xx_hal_flash.o
LOAD ./Drivers/STM32G0xx_HAL_Driver/Src/stm32g0xx_hal_flash_ex.o
LOAD ./Drivers/STM32G0xx_HAL_Driver/Src/stm32g0xx_hal_gpio.o
LOAD ./Drivers/STM32G0xx_HAL_Driver/Src/stm32g0xx_hal_i2c.o
LOAD ./Drivers/STM32G0xx_HAL_Driver/Src/stm32g0xx_hal_i2c_ex.o
LOAD ./Drivers/STM32G0xx_HAL_Driver/Src/stm32g0xx_hal_pwr.o
LOAD ./Drivers/STM32G0xx_HAL_Driver/Src/stm32g0xx_hal_pwr_ex.o
LOAD ./Drivers/STM32G0xx_HAL_Driver/Src/stm32g0xx_hal_rcc.o
LOAD ./Drivers/STM32G0xx_HAL_Driver/Src/stm32g0xx_hal_rcc_ex.o
LOAD ./Drivers/STM32G0xx_HAL_Driver/Src/stm32g0xx_hal_spi.o
LOAD ./Drivers/STM32G0xx_HAL_Driver/Src/stm32g0xx_hal_spi_ex.o
LOAD ./Drivers/STM32G0xx_HAL_Driver/Src/stm32g0xx_hal_tim.o
LOAD ./Drivers/STM32G0xx_HAL_Driver/Src/stm32g0xx_hal_tim_ex.o
LOAD ./Drivers/STM32G0xx_HAL_Driver/Src/stm32g0xx_hal_uart.o
LOAD ./Drivers/STM32G0xx_HAL_Driver/Src/stm32g0xx_hal_uart_ex.o
LOAD ./Drivers/STM32G0xx_HAL_Driver/Src/stm32g0xx_ll_dma.o
LOAD ./Drivers/STM32G0xx_HAL_Driver/Src/stm32g0xx_ll_rcc.o
START GROUP
LOAD d:/soft/stm32cubeide/stm32cubeide/plugins/com.st.stm32cube.ide.mcu.externaltools.gnu-tools-for-stm32.10.3-2021.10.win32_1.0.0.202111181127/tools/bin/../lib/gcc/arm-none-eabi/10.3.1/../../../../arm-none-eabi/lib/thumb/v6-m/nofp\libc_nano.a
LOAD d:/soft/stm32cubeide/stm32cubeide/plugins/com.st.stm32cube.ide.mcu.externaltools.gnu-tools-for-stm32.10.3-2021.10.win32_1.0.0.202111181127/tools/bin/../lib/gcc/arm-none-eabi/10.3.1/../../../../arm-none-eabi/lib/thumb/v6-m/nofp\libm.a
END GROUP
START GROUP
LOAD d:/soft/stm32cubeide/stm32cubeide/plugins/com.st.stm32cube.ide.mcu.externaltools.gnu-tools-for-stm32.10.3-2021.10.win32_1.0.0.202111181127/tools/bin/../lib/gcc/arm-none-eabi/10.3.1/thumb/v6-m/nofp\libgcc.a
LOAD d:/soft/stm32cubeide/stm32cubeide/plugins/com.st.stm32cube.ide.mcu.externaltools.gnu-tools-for-stm32.10.3-2021.10.win32_1.0.0.202111181127/tools/bin/../lib/gcc/arm-none-eabi/10.3.1/../../../../arm-none-eabi/lib/thumb/v6-m/nofp\libc_nano.a
END GROUP
START GROUP
LOAD d:/soft/stm32cubeide/stm32cubeide/plugins/com.st.stm32cube.ide.mcu.externaltools.gnu-tools-for-stm32.10.3-2021.10.win32_1.0.0.202111181127/tools/bin/../lib/gcc/arm-none-eabi/10.3.1/thumb/v6-m/nofp\libgcc.a
LOAD d:/soft/stm32cubeide/stm32cubeide/plugins/com.st.stm32cube.ide.mcu.externaltools.gnu-tools-for-stm32.10.3-2021.10.win32_1.0.0.202111181127/tools/bin/../lib/gcc/arm-none-eabi/10.3.1/../../../../arm-none-eabi/lib/thumb/v6-m/nofp\libc_nano.a
LOAD d:/soft/stm32cubeide/stm32cubeide/plugins/com.st.stm32cube.ide.mcu.externaltools.gnu-tools-for-stm32.10.3-2021.10.win32_1.0.0.202111181127/tools/bin/../lib/gcc/arm-none-eabi/10.3.1/../../../../arm-none-eabi/lib/thumb/v6-m/nofp\libnosys.a
END GROUP
START GROUP
LOAD d:/soft/stm32cubeide/stm32cubeide/plugins/com.st.stm32cube.ide.mcu.externaltools.gnu-tools-for-stm32.10.3-2021.10.win32_1.0.0.202111181127/tools/bin/../lib/gcc/arm-none-eabi/10.3.1/thumb/v6-m/nofp\libgcc.a
LOAD d:/soft/stm32cubeide/stm32cubeide/plugins/com.st.stm32cube.ide.mcu.externaltools.gnu-tools-for-stm32.10.3-2021.10.win32_1.0.0.202111181127/tools/bin/../lib/gcc/arm-none-eabi/10.3.1/../../../../arm-none-eabi/lib/thumb/v6-m/nofp\libc_nano.a
LOAD d:/soft/stm32cubeide/stm32cubeide/plugins/com.st.stm32cube.ide.mcu.externaltools.gnu-tools-for-stm32.10.3-2021.10.win32_1.0.0.202111181127/tools/bin/../lib/gcc/arm-none-eabi/10.3.1/../../../../arm-none-eabi/lib/thumb/v6-m/nofp\libnosys.a
END GROUP
LOAD d:/soft/stm32cubeide/stm32cubeide/plugins/com.st.stm32cube.ide.mcu.externaltools.gnu-tools-for-stm32.10.3-2021.10.win32_1.0.0.202111181127/tools/bin/../lib/gcc/arm-none-eabi/10.3.1/thumb/v6-m/nofp/crtend.o
LOAD d:/soft/stm32cubeide/stm32cubeide/plugins/com.st.stm32cube.ide.mcu.externaltools.gnu-tools-for-stm32.10.3-2021.10.win32_1.0.0.202111181127/tools/bin/../lib/gcc/arm-none-eabi/10.3.1/thumb/v6-m/nofp/crtn.o
                0x0000000020002000                _estack = (ORIGIN (RAM) + LENGTH (RAM))
                0x0000000000000200                _Min_Heap_Size = 0x200
                0x0000000000000400                _Min_Stack_Size = 0x400

.isr_vector     0x0000000008000000       0xb8
                0x0000000008000000                . = ALIGN (0x4)
 *(.isr_vector)
 .isr_vector    0x0000000008000000       0xb8 ./Core/Startup/startup_stm32g030f6px.o
                0x0000000008000000                g_pfnVectors
                0x00000000080000b8                . = ALIGN (0x4)

.text           0x00000000080000b8     0x54f0
                0x00000000080000b8                . = ALIGN (0x4)
 *(.text)
 .text          0x00000000080000b8       0x48 d:/soft/stm32cubeide/stm32cubeide/plugins/com.st.stm32cube.ide.mcu.externaltools.gnu-tools-for-stm32.10.3-2021.10.win32_1.0.0.202111181127/tools/bin/../lib/gcc/arm-none-eabi/10.3.1/thumb/v6-m/nofp/crtbegin.o
 .text          0x0000000008000100      0x114 d:/soft/stm32cubeide/stm32cubeide/plugins/com.st.stm32cube.ide.mcu.externaltools.gnu-tools-for-stm32.10.3-2021.10.win32_1.0.0.202111181127/tools/bin/../lib/gcc/arm-none-eabi/10.3.1/thumb/v6-m/nofp\libgcc.a(_udivsi3.o)
                0x0000000008000100                __aeabi_uidiv
                0x0000000008000100                __udivsi3
                0x000000000800020c                __aeabi_uidivmod
 .text          0x0000000008000214      0x1d4 d:/soft/stm32cubeide/stm32cubeide/plugins/com.st.stm32cube.ide.mcu.externaltools.gnu-tools-for-stm32.10.3-2021.10.win32_1.0.0.202111181127/tools/bin/../lib/gcc/arm-none-eabi/10.3.1/thumb/v6-m/nofp\libgcc.a(_divsi3.o)
                0x0000000008000214                __divsi3
                0x0000000008000214                __aeabi_idiv
                0x00000000080003e0                __aeabi_idivmod
 .text          0x00000000080003e8        0x4 d:/soft/stm32cubeide/stm32cubeide/plugins/com.st.stm32cube.ide.mcu.externaltools.gnu-tools-for-stm32.10.3-2021.10.win32_1.0.0.202111181127/tools/bin/../lib/gcc/arm-none-eabi/10.3.1/thumb/v6-m/nofp\libgcc.a(_dvmd_tls.o)
                0x00000000080003e8                __aeabi_idiv0
                0x00000000080003e8                __aeabi_ldiv0
 *(.text*)
 .text.HAL_SYSTICK_Callback
                0x00000000080003ec       0x18 ./Core/Src/main.o
                0x00000000080003ec                HAL_SYSTICK_Callback
 .text.XOR      0x0000000008000404       0x18 ./Core/Src/main.o
                0x0000000008000404                XOR
 .text.ProcessCMD
                0x000000000800041c      0x18c ./Core/Src/main.o
                0x000000000800041c                ProcessCMD
 .text.HAL_UARTEx_RxEventCallback
                0x00000000080005a8      0x128 ./Core/Src/main.o
                0x00000000080005a8                HAL_UARTEx_RxEventCallback
 .text.main     0x00000000080006d0      0x130 ./Core/Src/main.o
                0x00000000080006d0                main
 .text.SystemClock_Config
                0x0000000008000800       0x90 ./Core/Src/main.o
                0x0000000008000800                SystemClock_Config
 .text.MX_I2C2_Init
                0x0000000008000890       0x80 ./Core/Src/main.o
 .text.MX_SPI1_Init
                0x0000000008000910       0x7c ./Core/Src/main.o
 .text.MX_USART1_UART_Init
                0x000000000800098c       0x9c ./Core/Src/main.o
 .text.MX_USART2_UART_Init
                0x0000000008000a28       0x68 ./Core/Src/main.o
 .text.MX_DMA_Init
                0x0000000008000a90       0x4c ./Core/Src/main.o
 .text.MX_GPIO_Init
                0x0000000008000adc       0xf8 ./Core/Src/main.o
 .text.Error_Handler
                0x0000000008000bd4        0xa ./Core/Src/main.o
                0x0000000008000bd4                Error_Handler
 *fill*         0x0000000008000bde        0x2 
 .text.HAL_MspInit
                0x0000000008000be0       0x48 ./Core/Src/stm32g0xx_hal_msp.o
                0x0000000008000be0                HAL_MspInit
 .text.HAL_I2C_MspInit
                0x0000000008000c28       0xa8 ./Core/Src/stm32g0xx_hal_msp.o
                0x0000000008000c28                HAL_I2C_MspInit
 .text.HAL_SPI_MspInit
                0x0000000008000cd0       0x94 ./Core/Src/stm32g0xx_hal_msp.o
                0x0000000008000cd0                HAL_SPI_MspInit
 .text.HAL_UART_MspInit
                0x0000000008000d64      0x208 ./Core/Src/stm32g0xx_hal_msp.o
                0x0000000008000d64                HAL_UART_MspInit
 .text.NMI_Handler
                0x0000000008000f6c        0x6 ./Core/Src/stm32g0xx_it.o
                0x0000000008000f6c                NMI_Handler
 .text.HardFault_Handler
                0x0000000008000f72        0x6 ./Core/Src/stm32g0xx_it.o
                0x0000000008000f72                HardFault_Handler
 .text.SVC_Handler
                0x0000000008000f78        0xa ./Core/Src/stm32g0xx_it.o
                0x0000000008000f78                SVC_Handler
 .text.PendSV_Handler
                0x0000000008000f82        0xa ./Core/Src/stm32g0xx_it.o
                0x0000000008000f82                PendSV_Handler
 .text.SysTick_Handler
                0x0000000008000f8c       0x12 ./Core/Src/stm32g0xx_it.o
                0x0000000008000f8c                SysTick_Handler
 *fill*         0x0000000008000f9e        0x2 
 .text.DMA1_Channel1_IRQHandler
                0x0000000008000fa0       0x18 ./Core/Src/stm32g0xx_it.o
                0x0000000008000fa0                DMA1_Channel1_IRQHandler
 .text.DMA1_Channel2_3_IRQHandler
                0x0000000008000fb8       0x18 ./Core/Src/stm32g0xx_it.o
                0x0000000008000fb8                DMA1_Channel2_3_IRQHandler
 .text.I2C2_IRQHandler
                0x0000000008000fd0       0x30 ./Core/Src/stm32g0xx_it.o
                0x0000000008000fd0                I2C2_IRQHandler
 .text.USART1_IRQHandler
                0x0000000008001000       0x18 ./Core/Src/stm32g0xx_it.o
                0x0000000008001000                USART1_IRQHandler
 .text.USART2_IRQHandler
                0x0000000008001018       0x18 ./Core/Src/stm32g0xx_it.o
                0x0000000008001018                USART2_IRQHandler
 .text.SystemInit
                0x0000000008001030        0xa ./Core/Src/system_stm32g0xx.o
                0x0000000008001030                SystemInit
 *fill*         0x000000000800103a        0x2 
 .text.Reset_Handler
                0x000000000800103c       0x50 ./Core/Startup/startup_stm32g030f6px.o
                0x000000000800103c                Reset_Handler
 .text.Default_Handler
                0x000000000800108c        0x2 ./Core/Startup/startup_stm32g030f6px.o
                0x000000000800108c                TIM1_CC_IRQHandler
                0x000000000800108c                I2C1_IRQHandler
                0x000000000800108c                RTC_TAMP_IRQHandler
                0x000000000800108c                SPI1_IRQHandler
                0x000000000800108c                DMA1_Ch4_5_DMAMUX1_OVR_IRQHandler
                0x000000000800108c                EXTI2_3_IRQHandler
                0x000000000800108c                ADC1_IRQHandler
                0x000000000800108c                TIM17_IRQHandler
                0x000000000800108c                TIM16_IRQHandler
                0x000000000800108c                TIM3_IRQHandler
                0x000000000800108c                EXTI4_15_IRQHandler
                0x000000000800108c                RCC_IRQHandler
                0x000000000800108c                Default_Handler
                0x000000000800108c                TIM14_IRQHandler
                0x000000000800108c                EXTI0_1_IRQHandler
                0x000000000800108c                SPI2_IRQHandler
                0x000000000800108c                WWDG_IRQHandler
                0x000000000800108c                FLASH_IRQHandler
                0x000000000800108c                TIM1_BRK_UP_TRG_COM_IRQHandler
 *fill*         0x000000000800108e        0x2 
 .text.HAL_Init
                0x0000000008001090       0x40 ./Drivers/STM32G0xx_HAL_Driver/Src/stm32g0xx_hal.o
                0x0000000008001090                HAL_Init
 .text.HAL_InitTick
                0x00000000080010d0       0x94 ./Drivers/STM32G0xx_HAL_Driver/Src/stm32g0xx_hal.o
                0x00000000080010d0                HAL_InitTick
 .text.HAL_IncTick
                0x0000000008001164       0x24 ./Drivers/STM32G0xx_HAL_Driver/Src/stm32g0xx_hal.o
                0x0000000008001164                HAL_IncTick
 .text.HAL_GetTick
                0x0000000008001188       0x14 ./Drivers/STM32G0xx_HAL_Driver/Src/stm32g0xx_hal.o
                0x0000000008001188                HAL_GetTick
 .text.HAL_Delay
                0x000000000800119c       0x48 ./Drivers/STM32G0xx_HAL_Driver/Src/stm32g0xx_hal.o
                0x000000000800119c                HAL_Delay
 .text.__NVIC_EnableIRQ
                0x00000000080011e4       0x34 ./Drivers/STM32G0xx_HAL_Driver/Src/stm32g0xx_hal_cortex.o
 .text.__NVIC_SetPriority
                0x0000000008001218       0xdc ./Drivers/STM32G0xx_HAL_Driver/Src/stm32g0xx_hal_cortex.o
 .text.SysTick_Config
                0x00000000080012f4       0x48 ./Drivers/STM32G0xx_HAL_Driver/Src/stm32g0xx_hal_cortex.o
 .text.HAL_NVIC_SetPriority
                0x000000000800133c       0x2a ./Drivers/STM32G0xx_HAL_Driver/Src/stm32g0xx_hal_cortex.o
                0x000000000800133c                HAL_NVIC_SetPriority
 .text.HAL_NVIC_EnableIRQ
                0x0000000008001366       0x20 ./Drivers/STM32G0xx_HAL_Driver/Src/stm32g0xx_hal_cortex.o
                0x0000000008001366                HAL_NVIC_EnableIRQ
 .text.HAL_SYSTICK_Config
                0x0000000008001386       0x1a ./Drivers/STM32G0xx_HAL_Driver/Src/stm32g0xx_hal_cortex.o
                0x0000000008001386                HAL_SYSTICK_Config
 .text.HAL_SYSTICK_IRQHandler
                0x00000000080013a0        0xe ./Drivers/STM32G0xx_HAL_Driver/Src/stm32g0xx_hal_cortex.o
                0x00000000080013a0                HAL_SYSTICK_IRQHandler
 *fill*         0x00000000080013ae        0x2 
 .text.HAL_DMA_Init
                0x00000000080013b0      0x114 ./Drivers/STM32G0xx_HAL_Driver/Src/stm32g0xx_hal_dma.o
                0x00000000080013b0                HAL_DMA_Init
 .text.HAL_DMA_Start_IT
                0x00000000080014c4      0x10c ./Drivers/STM32G0xx_HAL_Driver/Src/stm32g0xx_hal_dma.o
                0x00000000080014c4                HAL_DMA_Start_IT
 .text.HAL_DMA_Abort
                0x00000000080015d0       0xc4 ./Drivers/STM32G0xx_HAL_Driver/Src/stm32g0xx_hal_dma.o
                0x00000000080015d0                HAL_DMA_Abort
 .text.HAL_DMA_Abort_IT
                0x0000000008001694       0xd4 ./Drivers/STM32G0xx_HAL_Driver/Src/stm32g0xx_hal_dma.o
                0x0000000008001694                HAL_DMA_Abort_IT
 .text.HAL_DMA_IRQHandler
                0x0000000008001768      0x164 ./Drivers/STM32G0xx_HAL_Driver/Src/stm32g0xx_hal_dma.o
                0x0000000008001768                HAL_DMA_IRQHandler
 .text.HAL_DMA_GetState
                0x00000000080018cc       0x18 ./Drivers/STM32G0xx_HAL_Driver/Src/stm32g0xx_hal_dma.o
                0x00000000080018cc                HAL_DMA_GetState
 .text.DMA_SetConfig
                0x00000000080018e4       0x80 ./Drivers/STM32G0xx_HAL_Driver/Src/stm32g0xx_hal_dma.o
 .text.DMA_CalcDMAMUXChannelBaseAndMask
                0x0000000008001964       0x58 ./Drivers/STM32G0xx_HAL_Driver/Src/stm32g0xx_hal_dma.o
 .text.DMA_CalcDMAMUXRequestGenBaseAndMask
                0x00000000080019bc       0x48 ./Drivers/STM32G0xx_HAL_Driver/Src/stm32g0xx_hal_dma.o
 .text.HAL_GPIO_Init
                0x0000000008001a04      0x2c8 ./Drivers/STM32G0xx_HAL_Driver/Src/stm32g0xx_hal_gpio.o
                0x0000000008001a04                HAL_GPIO_Init
 .text.HAL_GPIO_WritePin
                0x0000000008001ccc       0x3a ./Drivers/STM32G0xx_HAL_Driver/Src/stm32g0xx_hal_gpio.o
                0x0000000008001ccc                HAL_GPIO_WritePin
 *fill*         0x0000000008001d06        0x2 
 .text.HAL_I2C_Init
                0x0000000008001d08      0x12c ./Drivers/STM32G0xx_HAL_Driver/Src/stm32g0xx_hal_i2c.o
                0x0000000008001d08                HAL_I2C_Init
 .text.HAL_I2C_EV_IRQHandler
                0x0000000008001e34       0x34 ./Drivers/STM32G0xx_HAL_Driver/Src/stm32g0xx_hal_i2c.o
                0x0000000008001e34                HAL_I2C_EV_IRQHandler
 .text.HAL_I2C_ER_IRQHandler
                0x0000000008001e68       0xc4 ./Drivers/STM32G0xx_HAL_Driver/Src/stm32g0xx_hal_i2c.o
                0x0000000008001e68                HAL_I2C_ER_IRQHandler
 .text.HAL_I2C_SlaveTxCpltCallback
                0x0000000008001f2c       0x10 ./Drivers/STM32G0xx_HAL_Driver/Src/stm32g0xx_hal_i2c.o
                0x0000000008001f2c                HAL_I2C_SlaveTxCpltCallback
 .text.HAL_I2C_SlaveRxCpltCallback
                0x0000000008001f3c       0x10 ./Drivers/STM32G0xx_HAL_Driver/Src/stm32g0xx_hal_i2c.o
                0x0000000008001f3c                HAL_I2C_SlaveRxCpltCallback
 .text.HAL_I2C_AddrCallback
                0x0000000008001f4c       0x20 ./Drivers/STM32G0xx_HAL_Driver/Src/stm32g0xx_hal_i2c.o
                0x0000000008001f4c                HAL_I2C_AddrCallback
 .text.HAL_I2C_ListenCpltCallback
                0x0000000008001f6c       0x10 ./Drivers/STM32G0xx_HAL_Driver/Src/stm32g0xx_hal_i2c.o
                0x0000000008001f6c                HAL_I2C_ListenCpltCallback
 .text.HAL_I2C_ErrorCallback
                0x0000000008001f7c       0x10 ./Drivers/STM32G0xx_HAL_Driver/Src/stm32g0xx_hal_i2c.o
                0x0000000008001f7c                HAL_I2C_ErrorCallback
 .text.HAL_I2C_AbortCpltCallback
                0x0000000008001f8c       0x10 ./Drivers/STM32G0xx_HAL_Driver/Src/stm32g0xx_hal_i2c.o
                0x0000000008001f8c                HAL_I2C_AbortCpltCallback
 .text.I2C_Slave_ISR_IT
                0x0000000008001f9c      0x228 ./Drivers/STM32G0xx_HAL_Driver/Src/stm32g0xx_hal_i2c.o
 .text.I2C_ITAddrCplt
                0x00000000080021c4      0x148 ./Drivers/STM32G0xx_HAL_Driver/Src/stm32g0xx_hal_i2c.o
 .text.I2C_ITSlaveSeqCplt
                0x000000000800230c       0xcc ./Drivers/STM32G0xx_HAL_Driver/Src/stm32g0xx_hal_i2c.o
 .text.I2C_ITSlaveCplt
                0x00000000080023d8      0x248 ./Drivers/STM32G0xx_HAL_Driver/Src/stm32g0xx_hal_i2c.o
 .text.I2C_ITListenCplt
                0x0000000008002620       0xb4 ./Drivers/STM32G0xx_HAL_Driver/Src/stm32g0xx_hal_i2c.o
 .text.I2C_ITError
                0x00000000080026d4      0x1c4 ./Drivers/STM32G0xx_HAL_Driver/Src/stm32g0xx_hal_i2c.o
 .text.I2C_TreatErrorCallback
                0x0000000008002898       0x52 ./Drivers/STM32G0xx_HAL_Driver/Src/stm32g0xx_hal_i2c.o
 .text.I2C_Flush_TXDR
                0x00000000080028ea       0x44 ./Drivers/STM32G0xx_HAL_Driver/Src/stm32g0xx_hal_i2c.o
 .text.I2C_DMAAbort
                0x000000000800292e       0x3e ./Drivers/STM32G0xx_HAL_Driver/Src/stm32g0xx_hal_i2c.o
 .text.I2C_Disable_IRQ
                0x000000000800296c       0xc6 ./Drivers/STM32G0xx_HAL_Driver/Src/stm32g0xx_hal_i2c.o
 *fill*         0x0000000008002a32        0x2 
 .text.HAL_I2CEx_ConfigAnalogFilter
                0x0000000008002a34       0x98 ./Drivers/STM32G0xx_HAL_Driver/Src/stm32g0xx_hal_i2c_ex.o
                0x0000000008002a34                HAL_I2CEx_ConfigAnalogFilter
 .text.HAL_I2CEx_ConfigDigitalFilter
                0x0000000008002acc       0x98 ./Drivers/STM32G0xx_HAL_Driver/Src/stm32g0xx_hal_i2c_ex.o
                0x0000000008002acc                HAL_I2CEx_ConfigDigitalFilter
 .text.HAL_PWREx_ControlVoltageScaling
                0x0000000008002b64       0x80 ./Drivers/STM32G0xx_HAL_Driver/Src/stm32g0xx_hal_pwr_ex.o
                0x0000000008002b64                HAL_PWREx_ControlVoltageScaling
 .text.LL_RCC_GetAPB1Prescaler
                0x0000000008002be4       0x18 ./Drivers/STM32G0xx_HAL_Driver/Src/stm32g0xx_hal_rcc.o
 .text.HAL_RCC_OscConfig
                0x0000000008002bfc      0x62c ./Drivers/STM32G0xx_HAL_Driver/Src/stm32g0xx_hal_rcc.o
                0x0000000008002bfc                HAL_RCC_OscConfig
 .text.HAL_RCC_ClockConfig
                0x0000000008003228      0x210 ./Drivers/STM32G0xx_HAL_Driver/Src/stm32g0xx_hal_rcc.o
                0x0000000008003228                HAL_RCC_ClockConfig
 .text.HAL_RCC_GetSysClockFreq
                0x0000000008003438      0x104 ./Drivers/STM32G0xx_HAL_Driver/Src/stm32g0xx_hal_rcc.o
                0x0000000008003438                HAL_RCC_GetSysClockFreq
 .text.HAL_RCC_GetHCLKFreq
                0x000000000800353c       0x14 ./Drivers/STM32G0xx_HAL_Driver/Src/stm32g0xx_hal_rcc.o
                0x000000000800353c                HAL_RCC_GetHCLKFreq
 .text.HAL_RCC_GetPCLK1Freq
                0x0000000008003550       0x2c ./Drivers/STM32G0xx_HAL_Driver/Src/stm32g0xx_hal_rcc.o
                0x0000000008003550                HAL_RCC_GetPCLK1Freq
 .text.HAL_RCCEx_PeriphCLKConfig
                0x000000000800357c      0x24c ./Drivers/STM32G0xx_HAL_Driver/Src/stm32g0xx_hal_rcc_ex.o
                0x000000000800357c                HAL_RCCEx_PeriphCLKConfig
 .text.HAL_SPI_Init
                0x00000000080037c8      0x170 ./Drivers/STM32G0xx_HAL_Driver/Src/stm32g0xx_hal_spi.o
                0x00000000080037c8                HAL_SPI_Init
 .text.HAL_UART_Init
                0x0000000008003938       0xac ./Drivers/STM32G0xx_HAL_Driver/Src/stm32g0xx_hal_uart.o
                0x0000000008003938                HAL_UART_Init
 .text.HAL_UART_Transmit
                0x00000000080039e4      0x156 ./Drivers/STM32G0xx_HAL_Driver/Src/stm32g0xx_hal_uart.o
                0x00000000080039e4                HAL_UART_Transmit
 *fill*         0x0000000008003b3a        0x2 
 .text.HAL_UART_Transmit_IT
                0x0000000008003b3c      0x178 ./Drivers/STM32G0xx_HAL_Driver/Src/stm32g0xx_hal_uart.o
                0x0000000008003b3c                HAL_UART_Transmit_IT
 .text.HAL_UART_IRQHandler
                0x0000000008003cb4      0x634 ./Drivers/STM32G0xx_HAL_Driver/Src/stm32g0xx_hal_uart.o
                0x0000000008003cb4                HAL_UART_IRQHandler
 .text.HAL_UART_TxCpltCallback
                0x00000000080042e8       0x10 ./Drivers/STM32G0xx_HAL_Driver/Src/stm32g0xx_hal_uart.o
                0x00000000080042e8                HAL_UART_TxCpltCallback
 .text.HAL_UART_RxCpltCallback
                0x00000000080042f8       0x10 ./Drivers/STM32G0xx_HAL_Driver/Src/stm32g0xx_hal_uart.o
                0x00000000080042f8                HAL_UART_RxCpltCallback
 .text.HAL_UART_RxHalfCpltCallback
                0x0000000008004308       0x10 ./Drivers/STM32G0xx_HAL_Driver/Src/stm32g0xx_hal_uart.o
                0x0000000008004308                HAL_UART_RxHalfCpltCallback
 .text.HAL_UART_ErrorCallback
                0x0000000008004318       0x10 ./Drivers/STM32G0xx_HAL_Driver/Src/stm32g0xx_hal_uart.o
                0x0000000008004318                HAL_UART_ErrorCallback
 .text.UART_SetConfig
                0x0000000008004328      0x2d4 ./Drivers/STM32G0xx_HAL_Driver/Src/stm32g0xx_hal_uart.o
                0x0000000008004328                UART_SetConfig
 .text.UART_AdvFeatureConfig
                0x00000000080045fc      0x168 ./Drivers/STM32G0xx_HAL_Driver/Src/stm32g0xx_hal_uart.o
                0x00000000080045fc                UART_AdvFeatureConfig
 .text.UART_CheckIdleState
                0x0000000008004764       0x94 ./Drivers/STM32G0xx_HAL_Driver/Src/stm32g0xx_hal_uart.o
                0x0000000008004764                UART_CheckIdleState
 .text.UART_WaitOnFlagUntilTimeout
                0x00000000080047f8      0x190 ./Drivers/STM32G0xx_HAL_Driver/Src/stm32g0xx_hal_uart.o
                0x00000000080047f8                UART_WaitOnFlagUntilTimeout
 .text.UART_Start_Receive_DMA
                0x0000000008004988      0x148 ./Drivers/STM32G0xx_HAL_Driver/Src/stm32g0xx_hal_uart.o
                0x0000000008004988                UART_Start_Receive_DMA
 .text.UART_EndTxTransfer
                0x0000000008004ad0       0x80 ./Drivers/STM32G0xx_HAL_Driver/Src/stm32g0xx_hal_uart.o
 .text.UART_EndRxTransfer
                0x0000000008004b50       0xcc ./Drivers/STM32G0xx_HAL_Driver/Src/stm32g0xx_hal_uart.o
 .text.UART_DMAReceiveCplt
                0x0000000008004c1c      0x128 ./Drivers/STM32G0xx_HAL_Driver/Src/stm32g0xx_hal_uart.o
 .text.UART_DMARxHalfCplt
                0x0000000008004d44       0x3c ./Drivers/STM32G0xx_HAL_Driver/Src/stm32g0xx_hal_uart.o
 .text.UART_DMAError
                0x0000000008004d80       0x86 ./Drivers/STM32G0xx_HAL_Driver/Src/stm32g0xx_hal_uart.o
 .text.UART_DMAAbortOnError
                0x0000000008004e06       0x2e ./Drivers/STM32G0xx_HAL_Driver/Src/stm32g0xx_hal_uart.o
 .text.UART_TxISR_8BIT
                0x0000000008004e34       0xb4 ./Drivers/STM32G0xx_HAL_Driver/Src/stm32g0xx_hal_uart.o
 .text.UART_TxISR_16BIT
                0x0000000008004ee8       0xbe ./Drivers/STM32G0xx_HAL_Driver/Src/stm32g0xx_hal_uart.o
 *fill*         0x0000000008004fa6        0x2 
 .text.UART_TxISR_8BIT_FIFOEN
                0x0000000008004fa8       0xec ./Drivers/STM32G0xx_HAL_Driver/Src/stm32g0xx_hal_uart.o
 .text.UART_TxISR_16BIT_FIFOEN
                0x0000000008005094       0xf4 ./Drivers/STM32G0xx_HAL_Driver/Src/stm32g0xx_hal_uart.o
 .text.UART_EndTransmit_IT
                0x0000000008005188       0x58 ./Drivers/STM32G0xx_HAL_Driver/Src/stm32g0xx_hal_uart.o
 .text.HAL_UARTEx_WakeupCallback
                0x00000000080051e0       0x10 ./Drivers/STM32G0xx_HAL_Driver/Src/stm32g0xx_hal_uart_ex.o
                0x00000000080051e0                HAL_UARTEx_WakeupCallback
 .text.HAL_UARTEx_RxFifoFullCallback
                0x00000000080051f0       0x10 ./Drivers/STM32G0xx_HAL_Driver/Src/stm32g0xx_hal_uart_ex.o
                0x00000000080051f0                HAL_UARTEx_RxFifoFullCallback
 .text.HAL_UARTEx_TxFifoEmptyCallback
                0x0000000008005200       0x10 ./Drivers/STM32G0xx_HAL_Driver/Src/stm32g0xx_hal_uart_ex.o
                0x0000000008005200                HAL_UARTEx_TxFifoEmptyCallback
 .text.HAL_UARTEx_DisableFifoMode
                0x0000000008005210       0x74 ./Drivers/STM32G0xx_HAL_Driver/Src/stm32g0xx_hal_uart_ex.o
                0x0000000008005210                HAL_UARTEx_DisableFifoMode
 .text.HAL_UARTEx_SetTxFifoThreshold
                0x0000000008005284       0x7e ./Drivers/STM32G0xx_HAL_Driver/Src/stm32g0xx_hal_uart_ex.o
                0x0000000008005284                HAL_UARTEx_SetTxFifoThreshold
 *fill*         0x0000000008005302        0x2 
 .text.HAL_UARTEx_SetRxFifoThreshold
                0x0000000008005304       0x84 ./Drivers/STM32G0xx_HAL_Driver/Src/stm32g0xx_hal_uart_ex.o
                0x0000000008005304                HAL_UARTEx_SetRxFifoThreshold
 .text.HAL_UARTEx_ReceiveToIdle_DMA
                0x0000000008005388       0xe0 ./Drivers/STM32G0xx_HAL_Driver/Src/stm32g0xx_hal_uart_ex.o
                0x0000000008005388                HAL_UARTEx_ReceiveToIdle_DMA
 .text.UARTEx_SetNbDataToProcess
                0x0000000008005468       0xbc ./Drivers/STM32G0xx_HAL_Driver/Src/stm32g0xx_hal_uart_ex.o
 .text.__libc_init_array
                0x0000000008005524       0x48 d:/soft/stm32cubeide/stm32cubeide/plugins/com.st.stm32cube.ide.mcu.externaltools.gnu-tools-for-stm32.10.3-2021.10.win32_1.0.0.202111181127/tools/bin/../lib/gcc/arm-none-eabi/10.3.1/../../../../arm-none-eabi/lib/thumb/v6-m/nofp\libc_nano.a(lib_a-init.o)
                0x0000000008005524                __libc_init_array
 .text.memcpy   0x000000000800556c       0x12 d:/soft/stm32cubeide/stm32cubeide/plugins/com.st.stm32cube.ide.mcu.externaltools.gnu-tools-for-stm32.10.3-2021.10.win32_1.0.0.202111181127/tools/bin/../lib/gcc/arm-none-eabi/10.3.1/../../../../arm-none-eabi/lib/thumb/v6-m/nofp\libc_nano.a(lib_a-memcpy-stub.o)
                0x000000000800556c                memcpy
 .text.memset   0x000000000800557e       0x10 d:/soft/stm32cubeide/stm32cubeide/plugins/com.st.stm32cube.ide.mcu.externaltools.gnu-tools-for-stm32.10.3-2021.10.win32_1.0.0.202111181127/tools/bin/../lib/gcc/arm-none-eabi/10.3.1/../../../../arm-none-eabi/lib/thumb/v6-m/nofp\libc_nano.a(lib_a-memset.o)
                0x000000000800557e                memset
 *(.glue_7)
 .glue_7        0x000000000800558e        0x0 linker stubs
 *(.glue_7t)
 .glue_7t       0x000000000800558e        0x0 linker stubs
 *(.eh_frame)
 *fill*         0x000000000800558e        0x2 
 .eh_frame      0x0000000008005590        0x0 d:/soft/stm32cubeide/stm32cubeide/plugins/com.st.stm32cube.ide.mcu.externaltools.gnu-tools-for-stm32.10.3-2021.10.win32_1.0.0.202111181127/tools/bin/../lib/gcc/arm-none-eabi/10.3.1/thumb/v6-m/nofp/crtbegin.o
 *(.init)
 .init          0x0000000008005590        0x4 d:/soft/stm32cubeide/stm32cubeide/plugins/com.st.stm32cube.ide.mcu.externaltools.gnu-tools-for-stm32.10.3-2021.10.win32_1.0.0.202111181127/tools/bin/../lib/gcc/arm-none-eabi/10.3.1/thumb/v6-m/nofp/crti.o
                0x0000000008005590                _init
 .init          0x0000000008005594        0x8 d:/soft/stm32cubeide/stm32cubeide/plugins/com.st.stm32cube.ide.mcu.externaltools.gnu-tools-for-stm32.10.3-2021.10.win32_1.0.0.202111181127/tools/bin/../lib/gcc/arm-none-eabi/10.3.1/thumb/v6-m/nofp/crtn.o
 *(.fini)
 .fini          0x000000000800559c        0x4 d:/soft/stm32cubeide/stm32cubeide/plugins/com.st.stm32cube.ide.mcu.externaltools.gnu-tools-for-stm32.10.3-2021.10.win32_1.0.0.202111181127/tools/bin/../lib/gcc/arm-none-eabi/10.3.1/thumb/v6-m/nofp/crti.o
                0x000000000800559c                _fini
 .fini          0x00000000080055a0        0x8 d:/soft/stm32cubeide/stm32cubeide/plugins/com.st.stm32cube.ide.mcu.externaltools.gnu-tools-for-stm32.10.3-2021.10.win32_1.0.0.202111181127/tools/bin/../lib/gcc/arm-none-eabi/10.3.1/thumb/v6-m/nofp/crtn.o
                0x00000000080055a8                . = ALIGN (0x4)
                0x00000000080055a8                _etext = .

.vfp11_veneer   0x00000000080055a8        0x0
 .vfp11_veneer  0x00000000080055a8        0x0 linker stubs

.v4_bx          0x00000000080055a8        0x0
 .v4_bx         0x00000000080055a8        0x0 linker stubs

.iplt           0x00000000080055a8        0x0
 .iplt          0x00000000080055a8        0x0 d:/soft/stm32cubeide/stm32cubeide/plugins/com.st.stm32cube.ide.mcu.externaltools.gnu-tools-for-stm32.10.3-2021.10.win32_1.0.0.202111181127/tools/bin/../lib/gcc/arm-none-eabi/10.3.1/thumb/v6-m/nofp/crtbegin.o

.rodata         0x00000000080055a8       0x88
                0x00000000080055a8                . = ALIGN (0x4)
 *(.rodata)
 *(.rodata*)
 .rodata.AHBPrescTable
                0x00000000080055a8       0x40 ./Core/Src/system_stm32g0xx.o
                0x00000000080055a8                AHBPrescTable
 .rodata.APBPrescTable
                0x00000000080055e8       0x20 ./Core/Src/system_stm32g0xx.o
                0x00000000080055e8                APBPrescTable
 .rodata.UARTPrescTable
                0x0000000008005608       0x18 ./Drivers/STM32G0xx_HAL_Driver/Src/stm32g0xx_hal_uart.o
                0x0000000008005608                UARTPrescTable
 .rodata.numerator.1
                0x0000000008005620        0x8 ./Drivers/STM32G0xx_HAL_Driver/Src/stm32g0xx_hal_uart_ex.o
 .rodata.denominator.0
                0x0000000008005628        0x8 ./Drivers/STM32G0xx_HAL_Driver/Src/stm32g0xx_hal_uart_ex.o
                0x0000000008005630                . = ALIGN (0x4)

.rel.dyn        0x0000000008005630        0x0
 .rel.iplt      0x0000000008005630        0x0 d:/soft/stm32cubeide/stm32cubeide/plugins/com.st.stm32cube.ide.mcu.externaltools.gnu-tools-for-stm32.10.3-2021.10.win32_1.0.0.202111181127/tools/bin/../lib/gcc/arm-none-eabi/10.3.1/thumb/v6-m/nofp/crtbegin.o

.ARM.extab      0x0000000008005630        0x0
                0x0000000008005630                . = ALIGN (0x4)
 *(.ARM.extab* .gnu.linkonce.armextab.*)
                0x0000000008005630                . = ALIGN (0x4)

.ARM            0x0000000008005630        0x0
                0x0000000008005630                . = ALIGN (0x4)
                0x0000000008005630                __exidx_start = .
 *(.ARM.exidx*)
                0x0000000008005630                __exidx_end = .
                0x0000000008005630                . = ALIGN (0x4)

.preinit_array  0x0000000008005630        0x0
                0x0000000008005630                . = ALIGN (0x4)
                0x0000000008005630                PROVIDE (__preinit_array_start = .)
 *(.preinit_array*)
                0x0000000008005630                PROVIDE (__preinit_array_end = .)
                0x0000000008005630                . = ALIGN (0x4)

.init_array     0x0000000008005630        0x4
                0x0000000008005630                . = ALIGN (0x4)
                0x0000000008005630                PROVIDE (__init_array_start = .)
 *(SORT_BY_NAME(.init_array.*))
 *(.init_array*)
 .init_array    0x0000000008005630        0x4 d:/soft/stm32cubeide/stm32cubeide/plugins/com.st.stm32cube.ide.mcu.externaltools.gnu-tools-for-stm32.10.3-2021.10.win32_1.0.0.202111181127/tools/bin/../lib/gcc/arm-none-eabi/10.3.1/thumb/v6-m/nofp/crtbegin.o
                0x0000000008005634                PROVIDE (__init_array_end = .)
                0x0000000008005634                . = ALIGN (0x4)

.fini_array     0x0000000008005634        0x4
                0x0000000008005634                . = ALIGN (0x4)
                [!provide]                        PROVIDE (__fini_array_start = .)
 *(SORT_BY_NAME(.fini_array.*))
 *(.fini_array*)
 .fini_array    0x0000000008005634        0x4 d:/soft/stm32cubeide/stm32cubeide/plugins/com.st.stm32cube.ide.mcu.externaltools.gnu-tools-for-stm32.10.3-2021.10.win32_1.0.0.202111181127/tools/bin/../lib/gcc/arm-none-eabi/10.3.1/thumb/v6-m/nofp/crtbegin.o
                [!provide]                        PROVIDE (__fini_array_end = .)
                0x0000000008005638                . = ALIGN (0x4)
                0x0000000008005638                _sidata = LOADADDR (.data)

.data           0x0000000020000000        0xc load address 0x0000000008005638
                0x0000000020000000                . = ALIGN (0x4)
                0x0000000020000000                _sdata = .
 *(.data)
 *(.data*)
 .data.SystemCoreClock
                0x0000000020000000        0x4 ./Core/Src/system_stm32g0xx.o
                0x0000000020000000                SystemCoreClock
 .data.uwTickPrio
                0x0000000020000004        0x4 ./Drivers/STM32G0xx_HAL_Driver/Src/stm32g0xx_hal.o
                0x0000000020000004                uwTickPrio
 .data.uwTickFreq
                0x0000000020000008        0x1 ./Drivers/STM32G0xx_HAL_Driver/Src/stm32g0xx_hal.o
                0x0000000020000008                uwTickFreq
 *(.RamFunc)
 *(.RamFunc*)
                0x000000002000000c                . = ALIGN (0x4)
 *fill*         0x0000000020000009        0x3 
                0x000000002000000c                _edata = .

.igot.plt       0x000000002000000c        0x0 load address 0x0000000008005644
 .igot.plt      0x000000002000000c        0x0 d:/soft/stm32cubeide/stm32cubeide/plugins/com.st.stm32cube.ide.mcu.externaltools.gnu-tools-for-stm32.10.3-2021.10.win32_1.0.0.202111181127/tools/bin/../lib/gcc/arm-none-eabi/10.3.1/thumb/v6-m/nofp/crtbegin.o
                0x000000002000000c                . = ALIGN (0x4)

.bss            0x000000002000000c      0x598 load address 0x0000000008005644
                0x000000002000000c                _sbss = .
                0x000000002000000c                __bss_start__ = _sbss
 *(.bss)
 .bss           0x000000002000000c       0x1c d:/soft/stm32cubeide/stm32cubeide/plugins/com.st.stm32cube.ide.mcu.externaltools.gnu-tools-for-stm32.10.3-2021.10.win32_1.0.0.202111181127/tools/bin/../lib/gcc/arm-none-eabi/10.3.1/thumb/v6-m/nofp/crtbegin.o
 *(.bss*)
 .bss.hi2c2     0x0000000020000028       0x4c ./Core/Src/main.o
                0x0000000020000028                hi2c2
 .bss.hspi1     0x0000000020000074       0x64 ./Core/Src/main.o
                0x0000000020000074                hspi1
 .bss.huart1    0x00000000200000d8       0x90 ./Core/Src/main.o
                0x00000000200000d8                huart1
 .bss.huart2    0x0000000020000168       0x90 ./Core/Src/main.o
                0x0000000020000168                huart2
 .bss.hdma_usart1_rx
                0x00000000200001f8       0x5c ./Core/Src/main.o
                0x00000000200001f8                hdma_usart1_rx
 .bss.hdma_usart2_rx
                0x0000000020000254       0x5c ./Core/Src/main.o
                0x0000000020000254                hdma_usart2_rx
 .bss.queue     0x00000000200002b0       0x82 ./Core/Src/main.o
                0x00000000200002b0                queue
 .bss.Queue_size
                0x0000000020000332        0x1 ./Core/Src/main.o
                0x0000000020000332                Queue_size
 *fill*         0x0000000020000333        0x1 
 .bss.TIM_GNSS_Send
                0x0000000020000334        0x4 ./Core/Src/main.o
                0x0000000020000334                TIM_GNSS_Send
 .bss.pGNSS_Data
                0x0000000020000338      0x200 ./Core/Src/main.o
                0x0000000020000338                pGNSS_Data
 .bss.pRF_Data  0x0000000020000538       0x64 ./Core/Src/main.o
                0x0000000020000538                pRF_Data
 .bss.gnss_size
                0x000000002000059c        0x1 ./Core/Src/main.o
                0x000000002000059c                gnss_size
 *fill*         0x000000002000059d        0x3 
 .bss.uwTick    0x00000000200005a0        0x4 ./Drivers/STM32G0xx_HAL_Driver/Src/stm32g0xx_hal.o
                0x00000000200005a0                uwTick
 *(COMMON)
                0x00000000200005a4                . = ALIGN (0x4)
                0x00000000200005a4                _ebss = .
                0x00000000200005a4                __bss_end__ = _ebss

._user_heap_stack
                0x00000000200005a4      0x604 load address 0x0000000008005644
                0x00000000200005a8                . = ALIGN (0x8)
 *fill*         0x00000000200005a4        0x4 
                [!provide]                        PROVIDE (end = .)
                0x00000000200005a8                PROVIDE (_end = .)
                0x00000000200007a8                . = (. + _Min_Heap_Size)
 *fill*         0x00000000200005a8      0x200 
                0x0000000020000ba8                . = (. + _Min_Stack_Size)
 *fill*         0x00000000200007a8      0x400 
                0x0000000020000ba8                . = ALIGN (0x8)

/DISCARD/
 libc.a(*)
 libm.a(*)
 libgcc.a(*)

.ARM.attributes
                0x0000000000000000       0x28
 *(.ARM.attributes)
 .ARM.attributes
                0x0000000000000000       0x1e d:/soft/stm32cubeide/stm32cubeide/plugins/com.st.stm32cube.ide.mcu.externaltools.gnu-tools-for-stm32.10.3-2021.10.win32_1.0.0.202111181127/tools/bin/../lib/gcc/arm-none-eabi/10.3.1/thumb/v6-m/nofp/crti.o
 .ARM.attributes
                0x000000000000001e       0x2c d:/soft/stm32cubeide/stm32cubeide/plugins/com.st.stm32cube.ide.mcu.externaltools.gnu-tools-for-stm32.10.3-2021.10.win32_1.0.0.202111181127/tools/bin/../lib/gcc/arm-none-eabi/10.3.1/thumb/v6-m/nofp/crtbegin.o
 .ARM.attributes
                0x000000000000004a       0x2c ./Core/Src/main.o
 .ARM.attributes
                0x0000000000000076       0x2c ./Core/Src/stm32g0xx_hal_msp.o
 .ARM.attributes
                0x00000000000000a2       0x2c ./Core/Src/stm32g0xx_it.o
 .ARM.attributes
                0x00000000000000ce       0x2c ./Core/Src/system_stm32g0xx.o
 .ARM.attributes
                0x00000000000000fa       0x22 ./Core/Startup/startup_stm32g030f6px.o
 .ARM.attributes
                0x000000000000011c       0x2c ./Drivers/STM32G0xx_HAL_Driver/Src/stm32g0xx_hal.o
 .ARM.attributes
                0x0000000000000148       0x2c ./Drivers/STM32G0xx_HAL_Driver/Src/stm32g0xx_hal_cortex.o
 .ARM.attributes
                0x0000000000000174       0x2c ./Drivers/STM32G0xx_HAL_Driver/Src/stm32g0xx_hal_dma.o
 .ARM.attributes
                0x00000000000001a0       0x2c ./Drivers/STM32G0xx_HAL_Driver/Src/stm32g0xx_hal_gpio.o
 .ARM.attributes
                0x00000000000001cc       0x2c ./Drivers/STM32G0xx_HAL_Driver/Src/stm32g0xx_hal_i2c.o
 .ARM.attributes
                0x00000000000001f8       0x2c ./Drivers/STM32G0xx_HAL_Driver/Src/stm32g0xx_hal_i2c_ex.o
 .ARM.attributes
                0x0000000000000224       0x2c ./Drivers/STM32G0xx_HAL_Driver/Src/stm32g0xx_hal_pwr_ex.o
 .ARM.attributes
                0x0000000000000250       0x2c ./Drivers/STM32G0xx_HAL_Driver/Src/stm32g0xx_hal_rcc.o
 .ARM.attributes
                0x000000000000027c       0x2c ./Drivers/STM32G0xx_HAL_Driver/Src/stm32g0xx_hal_rcc_ex.o
 .ARM.attributes
                0x00000000000002a8       0x2c ./Drivers/STM32G0xx_HAL_Driver/Src/stm32g0xx_hal_spi.o
 .ARM.attributes
                0x00000000000002d4       0x2c ./Drivers/STM32G0xx_HAL_Driver/Src/stm32g0xx_hal_uart.o
 .ARM.attributes
                0x0000000000000300       0x2c ./Drivers/STM32G0xx_HAL_Driver/Src/stm32g0xx_hal_uart_ex.o
 .ARM.attributes
                0x000000000000032c       0x2c d:/soft/stm32cubeide/stm32cubeide/plugins/com.st.stm32cube.ide.mcu.externaltools.gnu-tools-for-stm32.10.3-2021.10.win32_1.0.0.202111181127/tools/bin/../lib/gcc/arm-none-eabi/10.3.1/../../../../arm-none-eabi/lib/thumb/v6-m/nofp\libc_nano.a(lib_a-init.o)
 .ARM.attributes
                0x0000000000000358       0x2c d:/soft/stm32cubeide/stm32cubeide/plugins/com.st.stm32cube.ide.mcu.externaltools.gnu-tools-for-stm32.10.3-2021.10.win32_1.0.0.202111181127/tools/bin/../lib/gcc/arm-none-eabi/10.3.1/../../../../arm-none-eabi/lib/thumb/v6-m/nofp\libc_nano.a(lib_a-memcpy-stub.o)
 .ARM.attributes
                0x0000000000000384       0x2c d:/soft/stm32cubeide/stm32cubeide/plugins/com.st.stm32cube.ide.mcu.externaltools.gnu-tools-for-stm32.10.3-2021.10.win32_1.0.0.202111181127/tools/bin/../lib/gcc/arm-none-eabi/10.3.1/../../../../arm-none-eabi/lib/thumb/v6-m/nofp\libc_nano.a(lib_a-memset.o)
 .ARM.attributes
                0x00000000000003b0       0x1e d:/soft/stm32cubeide/stm32cubeide/plugins/com.st.stm32cube.ide.mcu.externaltools.gnu-tools-for-stm32.10.3-2021.10.win32_1.0.0.202111181127/tools/bin/../lib/gcc/arm-none-eabi/10.3.1/thumb/v6-m/nofp\libgcc.a(_udivsi3.o)
 .ARM.attributes
                0x00000000000003ce       0x1e d:/soft/stm32cubeide/stm32cubeide/plugins/com.st.stm32cube.ide.mcu.externaltools.gnu-tools-for-stm32.10.3-2021.10.win32_1.0.0.202111181127/tools/bin/../lib/gcc/arm-none-eabi/10.3.1/thumb/v6-m/nofp\libgcc.a(_divsi3.o)
 .ARM.attributes
                0x00000000000003ec       0x1e d:/soft/stm32cubeide/stm32cubeide/plugins/com.st.stm32cube.ide.mcu.externaltools.gnu-tools-for-stm32.10.3-2021.10.win32_1.0.0.202111181127/tools/bin/../lib/gcc/arm-none-eabi/10.3.1/thumb/v6-m/nofp\libgcc.a(_dvmd_tls.o)
 .ARM.attributes
                0x000000000000040a       0x1e d:/soft/stm32cubeide/stm32cubeide/plugins/com.st.stm32cube.ide.mcu.externaltools.gnu-tools-for-stm32.10.3-2021.10.win32_1.0.0.202111181127/tools/bin/../lib/gcc/arm-none-eabi/10.3.1/thumb/v6-m/nofp/crtn.o
OUTPUT(MS_Wireless.elf elf32-littlearm)
LOAD linker stubs
LOAD d:/soft/stm32cubeide/stm32cubeide/plugins/com.st.stm32cube.ide.mcu.externaltools.gnu-tools-for-stm32.10.3-2021.10.win32_1.0.0.202111181127/tools/bin/../lib/gcc/arm-none-eabi/10.3.1/../../../../arm-none-eabi/lib/thumb/v6-m/nofp\libc.a
LOAD d:/soft/stm32cubeide/stm32cubeide/plugins/com.st.stm32cube.ide.mcu.externaltools.gnu-tools-for-stm32.10.3-2021.10.win32_1.0.0.202111181127/tools/bin/../lib/gcc/arm-none-eabi/10.3.1/../../../../arm-none-eabi/lib/thumb/v6-m/nofp\libm.a
LOAD d:/soft/stm32cubeide/stm32cubeide/plugins/com.st.stm32cube.ide.mcu.externaltools.gnu-tools-for-stm32.10.3-2021.10.win32_1.0.0.202111181127/tools/bin/../lib/gcc/arm-none-eabi/10.3.1/thumb/v6-m/nofp\libgcc.a

.debug_info     0x0000000000000000    0x1154d
 .debug_info    0x0000000000000000     0x1b65 ./Core/Src/main.o
 .debug_info    0x0000000000001b65     0x13f9 ./Core/Src/stm32g0xx_hal_msp.o
 .debug_info    0x0000000000002f5e      0xbb7 ./Core/Src/stm32g0xx_it.o
 .debug_info    0x0000000000003b15      0x34d ./Core/Src/system_stm32g0xx.o
 .debug_info    0x0000000000003e62       0x22 ./Core/Startup/startup_stm32g030f6px.o
 .debug_info    0x0000000000003e84      0x94b ./Drivers/STM32G0xx_HAL_Driver/Src/stm32g0xx_hal.o
 .debug_info    0x00000000000047cf      0x8dd ./Drivers/STM32G0xx_HAL_Driver/Src/stm32g0xx_hal_cortex.o
 .debug_info    0x00000000000050ac      0x8c8 ./Drivers/STM32G0xx_HAL_Driver/Src/stm32g0xx_hal_dma.o
 .debug_info    0x0000000000005974      0x5d7 ./Drivers/STM32G0xx_HAL_Driver/Src/stm32g0xx_hal_gpio.o
 .debug_info    0x0000000000005f4b     0x224b ./Drivers/STM32G0xx_HAL_Driver/Src/stm32g0xx_hal_i2c.o
 .debug_info    0x0000000000008196      0xa65 ./Drivers/STM32G0xx_HAL_Driver/Src/stm32g0xx_hal_i2c_ex.o
 .debug_info    0x0000000000008bfb      0x4e8 ./Drivers/STM32G0xx_HAL_Driver/Src/stm32g0xx_hal_pwr_ex.o
 .debug_info    0x00000000000090e3      0xb16 ./Drivers/STM32G0xx_HAL_Driver/Src/stm32g0xx_hal_rcc.o
 .debug_info    0x0000000000009bf9      0x7d0 ./Drivers/STM32G0xx_HAL_Driver/Src/stm32g0xx_hal_rcc_ex.o
 .debug_info    0x000000000000a3c9     0x1879 ./Drivers/STM32G0xx_HAL_Driver/Src/stm32g0xx_hal_spi.o
 .debug_info    0x000000000000bc42     0x492d ./Drivers/STM32G0xx_HAL_Driver/Src/stm32g0xx_hal_uart.o
 .debug_info    0x000000000001056f      0xfde ./Drivers/STM32G0xx_HAL_Driver/Src/stm32g0xx_hal_uart_ex.o

.debug_abbrev   0x0000000000000000     0x24e4
 .debug_abbrev  0x0000000000000000      0x3b6 ./Core/Src/main.o
 .debug_abbrev  0x00000000000003b6      0x23f ./Core/Src/stm32g0xx_hal_msp.o
 .debug_abbrev  0x00000000000005f5      0x1a5 ./Core/Src/stm32g0xx_it.o
 .debug_abbrev  0x000000000000079a      0x116 ./Core/Src/system_stm32g0xx.o
 .debug_abbrev  0x00000000000008b0       0x12 ./Core/Startup/startup_stm32g030f6px.o
 .debug_abbrev  0x00000000000008c2      0x2a9 ./Drivers/STM32G0xx_HAL_Driver/Src/stm32g0xx_hal.o
 .debug_abbrev  0x0000000000000b6b      0x29f ./Drivers/STM32G0xx_HAL_Driver/Src/stm32g0xx_hal_cortex.o
 .debug_abbrev  0x0000000000000e0a      0x1db ./Drivers/STM32G0xx_HAL_Driver/Src/stm32g0xx_hal_dma.o
 .debug_abbrev  0x0000000000000fe5      0x1b9 ./Drivers/STM32G0xx_HAL_Driver/Src/stm32g0xx_hal_gpio.o
 .debug_abbrev  0x000000000000119e      0x27e ./Drivers/STM32G0xx_HAL_Driver/Src/stm32g0xx_hal_i2c.o
 .debug_abbrev  0x000000000000141c      0x1d7 ./Drivers/STM32G0xx_HAL_Driver/Src/stm32g0xx_hal_i2c_ex.o
 .debug_abbrev  0x00000000000015f3      0x1d1 ./Drivers/STM32G0xx_HAL_Driver/Src/stm32g0xx_hal_pwr_ex.o
 .debug_abbrev  0x00000000000017c4      0x2a3 ./Drivers/STM32G0xx_HAL_Driver/Src/stm32g0xx_hal_rcc.o
 .debug_abbrev  0x0000000000001a67      0x21a ./Drivers/STM32G0xx_HAL_Driver/Src/stm32g0xx_hal_rcc_ex.o
 .debug_abbrev  0x0000000000001c81      0x27e ./Drivers/STM32G0xx_HAL_Driver/Src/stm32g0xx_hal_spi.o
 .debug_abbrev  0x0000000000001eff      0x310 ./Drivers/STM32G0xx_HAL_Driver/Src/stm32g0xx_hal_uart.o
 .debug_abbrev  0x000000000000220f      0x2d5 ./Drivers/STM32G0xx_HAL_Driver/Src/stm32g0xx_hal_uart_ex.o

.debug_aranges  0x0000000000000000      0xd70
 .debug_aranges
                0x0000000000000000       0x90 ./Core/Src/main.o
 .debug_aranges
                0x0000000000000090       0x50 ./Core/Src/stm32g0xx_hal_msp.o
 .debug_aranges
                0x00000000000000e0       0x68 ./Core/Src/stm32g0xx_it.o
 .debug_aranges
                0x0000000000000148       0x28 ./Core/Src/system_stm32g0xx.o
 .debug_aranges
                0x0000000000000170       0x28 ./Core/Startup/startup_stm32g030f6px.o
 .debug_aranges
                0x0000000000000198      0x100 ./Drivers/STM32G0xx_HAL_Driver/Src/stm32g0xx_hal.o
 .debug_aranges
                0x0000000000000298       0xd8 ./Drivers/STM32G0xx_HAL_Driver/Src/stm32g0xx_hal_cortex.o
 .debug_aranges
                0x0000000000000370       0x90 ./Drivers/STM32G0xx_HAL_Driver/Src/stm32g0xx_hal_dma.o
 .debug_aranges
                0x0000000000000400       0x60 ./Drivers/STM32G0xx_HAL_Driver/Src/stm32g0xx_hal_gpio.o
 .debug_aranges
                0x0000000000000460      0x290 ./Drivers/STM32G0xx_HAL_Driver/Src/stm32g0xx_hal_i2c.o
 .debug_aranges
                0x00000000000006f0       0x48 ./Drivers/STM32G0xx_HAL_Driver/Src/stm32g0xx_hal_i2c_ex.o
 .debug_aranges
                0x0000000000000738       0x98 ./Drivers/STM32G0xx_HAL_Driver/Src/stm32g0xx_hal_pwr_ex.o
 .debug_aranges
                0x00000000000007d0       0xa0 ./Drivers/STM32G0xx_HAL_Driver/Src/stm32g0xx_hal_rcc.o
 .debug_aranges
                0x0000000000000870       0x40 ./Drivers/STM32G0xx_HAL_Driver/Src/stm32g0xx_hal_rcc_ex.o
 .debug_aranges
                0x00000000000008b0      0x1d8 ./Drivers/STM32G0xx_HAL_Driver/Src/stm32g0xx_hal_spi.o
 .debug_aranges
                0x0000000000000a88      0x248 ./Drivers/STM32G0xx_HAL_Driver/Src/stm32g0xx_hal_uart.o
 .debug_aranges
                0x0000000000000cd0       0xa0 ./Drivers/STM32G0xx_HAL_Driver/Src/stm32g0xx_hal_uart_ex.o

.debug_ranges   0x0000000000000000      0xc98
 .debug_ranges  0x0000000000000000       0x80 ./Core/Src/main.o
 .debug_ranges  0x0000000000000080       0x40 ./Core/Src/stm32g0xx_hal_msp.o
 .debug_ranges  0x00000000000000c0       0x58 ./Core/Src/stm32g0xx_it.o
 .debug_ranges  0x0000000000000118       0x18 ./Core/Src/system_stm32g0xx.o
 .debug_ranges  0x0000000000000130       0x20 ./Core/Startup/startup_stm32g030f6px.o
 .debug_ranges  0x0000000000000150       0xf0 ./Drivers/STM32G0xx_HAL_Driver/Src/stm32g0xx_hal.o
 .debug_ranges  0x0000000000000240       0xc8 ./Drivers/STM32G0xx_HAL_Driver/Src/stm32g0xx_hal_cortex.o
 .debug_ranges  0x0000000000000308       0x80 ./Drivers/STM32G0xx_HAL_Driver/Src/stm32g0xx_hal_dma.o
 .debug_ranges  0x0000000000000388       0x50 ./Drivers/STM32G0xx_HAL_Driver/Src/stm32g0xx_hal_gpio.o
 .debug_ranges  0x00000000000003d8      0x280 ./Drivers/STM32G0xx_HAL_Driver/Src/stm32g0xx_hal_i2c.o
 .debug_ranges  0x0000000000000658       0x38 ./Drivers/STM32G0xx_HAL_Driver/Src/stm32g0xx_hal_i2c_ex.o
 .debug_ranges  0x0000000000000690       0x88 ./Drivers/STM32G0xx_HAL_Driver/Src/stm32g0xx_hal_pwr_ex.o
 .debug_ranges  0x0000000000000718       0x90 ./Drivers/STM32G0xx_HAL_Driver/Src/stm32g0xx_hal_rcc.o
 .debug_ranges  0x00000000000007a8       0x30 ./Drivers/STM32G0xx_HAL_Driver/Src/stm32g0xx_hal_rcc_ex.o
 .debug_ranges  0x00000000000007d8      0x1c8 ./Drivers/STM32G0xx_HAL_Driver/Src/stm32g0xx_hal_spi.o
 .debug_ranges  0x00000000000009a0      0x268 ./Drivers/STM32G0xx_HAL_Driver/Src/stm32g0xx_hal_uart.o
 .debug_ranges  0x0000000000000c08       0x90 ./Drivers/STM32G0xx_HAL_Driver/Src/stm32g0xx_hal_uart_ex.o

.debug_macro    0x0000000000000000    0x15783
 .debug_macro   0x0000000000000000      0x3f2 ./Core/Src/main.o
 .debug_macro   0x00000000000003f2      0xa4e ./Core/Src/main.o
 .debug_macro   0x0000000000000e40      0x123 ./Core/Src/main.o
 .debug_macro   0x0000000000000f63       0x2e ./Core/Src/main.o
 .debug_macro   0x0000000000000f91       0x28 ./Core/Src/main.o
 .debug_macro   0x0000000000000fb9       0x22 ./Core/Src/main.o
 .debug_macro   0x0000000000000fdb       0x8e ./Core/Src/main.o
 .debug_macro   0x0000000000001069       0x51 ./Core/Src/main.o
 .debug_macro   0x00000000000010ba      0x103 ./Core/Src/main.o
 .debug_macro   0x00000000000011bd       0x6a ./Core/Src/main.o
 .debug_macro   0x0000000000001227      0x1df ./Core/Src/main.o
 .debug_macro   0x0000000000001406       0x1c ./Core/Src/main.o
 .debug_macro   0x0000000000001422       0x22 ./Core/Src/main.o
 .debug_macro   0x0000000000001444       0xd1 ./Core/Src/main.o
 .debug_macro   0x0000000000001515      0x4da ./Core/Src/main.o
 .debug_macro   0x00000000000019ef      0x11f ./Core/Src/main.o
 .debug_macro   0x0000000000001b0e     0x9e87 ./Core/Src/main.o
 .debug_macro   0x000000000000b995       0x66 ./Core/Src/main.o
 .debug_macro   0x000000000000b9fb     0x34e5 ./Core/Src/main.o
 .debug_macro   0x000000000000eee0      0x174 ./Core/Src/main.o
 .debug_macro   0x000000000000f054       0x5c ./Core/Src/main.o
 .debug_macro   0x000000000000f0b0      0x485 ./Core/Src/main.o
 .debug_macro   0x000000000000f535      0xdce ./Core/Src/main.o
 .debug_macro   0x0000000000010303      0x106 ./Core/Src/main.o
 .debug_macro   0x0000000000010409      0x1d0 ./Core/Src/main.o
 .debug_macro   0x00000000000105d9       0xff ./Core/Src/main.o
 .debug_macro   0x00000000000106d8      0x33c ./Core/Src/main.o
 .debug_macro   0x0000000000010a14      0x202 ./Core/Src/main.o
 .debug_macro   0x0000000000010c16      0x2c7 ./Core/Src/main.o
 .debug_macro   0x0000000000010edd      0x198 ./Core/Src/main.o
 .debug_macro   0x0000000000011075       0x43 ./Core/Src/main.o
 .debug_macro   0x00000000000110b8      0x1f1 ./Core/Src/main.o
 .debug_macro   0x00000000000112a9      0x1d7 ./Core/Src/main.o
 .debug_macro   0x0000000000011480      0x2a3 ./Core/Src/main.o
 .debug_macro   0x0000000000011723       0x28 ./Core/Src/main.o
 .debug_macro   0x000000000001174b       0xcf ./Core/Src/main.o
 .debug_macro   0x000000000001181a      0x22c ./Core/Src/main.o
 .debug_macro   0x0000000000011a46       0x67 ./Core/Src/main.o
 .debug_macro   0x0000000000011aad       0xa5 ./Core/Src/main.o
 .debug_macro   0x0000000000011b52       0xff ./Core/Src/main.o
 .debug_macro   0x0000000000011c51      0x10d ./Core/Src/main.o
 .debug_macro   0x0000000000011d5e      0x2fe ./Core/Src/main.o
 .debug_macro   0x000000000001205c      0x67e ./Core/Src/main.o
 .debug_macro   0x00000000000126da       0xa6 ./Core/Src/main.o
 .debug_macro   0x0000000000012780      0x412 ./Core/Src/main.o
 .debug_macro   0x0000000000012b92       0x52 ./Core/Src/main.o
 .debug_macro   0x0000000000012be4       0x52 ./Core/Src/main.o
 .debug_macro   0x0000000000012c36       0x18 ./Core/Src/main.o
 .debug_macro   0x0000000000012c4e       0x3c ./Core/Src/main.o
 .debug_macro   0x0000000000012c8a       0x34 ./Core/Src/main.o
 .debug_macro   0x0000000000012cbe       0x16 ./Core/Src/main.o
 .debug_macro   0x0000000000012cd4       0x35 ./Core/Src/main.o
 .debug_macro   0x0000000000012d09      0x341 ./Core/Src/main.o
 .debug_macro   0x000000000001304a       0x10 ./Core/Src/main.o
 .debug_macro   0x000000000001305a       0x16 ./Core/Src/main.o
 .debug_macro   0x0000000000013070       0x43 ./Core/Src/main.o
 .debug_macro   0x00000000000130b3       0x34 ./Core/Src/main.o
 .debug_macro   0x00000000000130e7       0x10 ./Core/Src/main.o
 .debug_macro   0x00000000000130f7       0x58 ./Core/Src/main.o
 .debug_macro   0x000000000001314f       0x71 ./Core/Src/main.o
 .debug_macro   0x00000000000131c0       0x1c ./Core/Src/main.o
 .debug_macro   0x00000000000131dc      0x12a ./Core/Src/main.o
 .debug_macro   0x0000000000013306       0x10 ./Core/Src/main.o
 .debug_macro   0x0000000000013316       0x1c ./Core/Src/main.o
 .debug_macro   0x0000000000013332       0x52 ./Core/Src/main.o
 .debug_macro   0x0000000000013384       0x22 ./Core/Src/main.o
 .debug_macro   0x00000000000133a6       0x10 ./Core/Src/main.o
 .debug_macro   0x00000000000133b6       0x52 ./Core/Src/main.o
 .debug_macro   0x0000000000013408       0xd5 ./Core/Src/main.o
 .debug_macro   0x00000000000134dd       0x1c ./Core/Src/main.o
 .debug_macro   0x00000000000134f9       0x3d ./Core/Src/main.o
 .debug_macro   0x0000000000013536       0x16 ./Core/Src/main.o
 .debug_macro   0x000000000001354c      0x145 ./Core/Src/main.o
 .debug_macro   0x0000000000013691      0x119 ./Core/Src/main.o
 .debug_macro   0x00000000000137aa       0x16 ./Core/Src/main.o
 .debug_macro   0x00000000000137c0       0x20 ./Core/Src/main.o
 .debug_macro   0x00000000000137e0       0x16 ./Core/Src/main.o
 .debug_macro   0x00000000000137f6       0x16 ./Core/Src/main.o
 .debug_macro   0x000000000001380c       0x29 ./Core/Src/main.o
 .debug_macro   0x0000000000013835      0x208 ./Core/Src/stm32g0xx_hal_msp.o
 .debug_macro   0x0000000000013a3d      0x212 ./Core/Src/stm32g0xx_it.o
 .debug_macro   0x0000000000013c4f      0x1f9 ./Core/Src/system_stm32g0xx.o
 .debug_macro   0x0000000000013e48      0x217 ./Drivers/STM32G0xx_HAL_Driver/Src/stm32g0xx_hal.o
 .debug_macro   0x000000000001405f      0x1f9 ./Drivers/STM32G0xx_HAL_Driver/Src/stm32g0xx_hal_cortex.o
 .debug_macro   0x0000000000014258      0x1f9 ./Drivers/STM32G0xx_HAL_Driver/Src/stm32g0xx_hal_dma.o
 .debug_macro   0x0000000000014451      0x200 ./Drivers/STM32G0xx_HAL_Driver/Src/stm32g0xx_hal_gpio.o
 .debug_macro   0x0000000000014651      0x2be ./Drivers/STM32G0xx_HAL_Driver/Src/stm32g0xx_hal_i2c.o
 .debug_macro   0x000000000001490f      0x1f9 ./Drivers/STM32G0xx_HAL_Driver/Src/stm32g0xx_hal_i2c_ex.o
 .debug_macro   0x0000000000014b08      0x20b ./Drivers/STM32G0xx_HAL_Driver/Src/stm32g0xx_hal_pwr_ex.o
 .debug_macro   0x0000000000014d13      0x235 ./Drivers/STM32G0xx_HAL_Driver/Src/stm32g0xx_hal_rcc.o
 .debug_macro   0x0000000000014f48      0x211 ./Drivers/STM32G0xx_HAL_Driver/Src/stm32g0xx_hal_rcc_ex.o
 .debug_macro   0x0000000000015159      0x201 ./Drivers/STM32G0xx_HAL_Driver/Src/stm32g0xx_hal_spi.o
 .debug_macro   0x000000000001535a      0x224 ./Drivers/STM32G0xx_HAL_Driver/Src/stm32g0xx_hal_uart.o
 .debug_macro   0x000000000001557e      0x205 ./Drivers/STM32G0xx_HAL_Driver/Src/stm32g0xx_hal_uart_ex.o

.debug_line     0x0000000000000000    0x11539
 .debug_line    0x0000000000000000      0xe8b ./Core/Src/main.o
 .debug_line    0x0000000000000e8b      0x89d ./Core/Src/stm32g0xx_hal_msp.o
 .debug_line    0x0000000000001728      0x80b ./Core/Src/stm32g0xx_it.o
 .debug_line    0x0000000000001f33      0x78e ./Core/Src/system_stm32g0xx.o
 .debug_line    0x00000000000026c1       0x89 ./Core/Startup/startup_stm32g030f6px.o
 .debug_line    0x000000000000274a      0xa49 ./Drivers/STM32G0xx_HAL_Driver/Src/stm32g0xx_hal.o
 .debug_line    0x0000000000003193      0xb45 ./Drivers/STM32G0xx_HAL_Driver/Src/stm32g0xx_hal_cortex.o
 .debug_line    0x0000000000003cd8      0xd65 ./Drivers/STM32G0xx_HAL_Driver/Src/stm32g0xx_hal_dma.o
 .debug_line    0x0000000000004a3d      0xb2f ./Drivers/STM32G0xx_HAL_Driver/Src/stm32g0xx_hal_gpio.o
 .debug_line    0x000000000000556c     0x32ca ./Drivers/STM32G0xx_HAL_Driver/Src/stm32g0xx_hal_i2c.o
 .debug_line    0x0000000000008836      0x939 ./Drivers/STM32G0xx_HAL_Driver/Src/stm32g0xx_hal_i2c_ex.o
 .debug_line    0x000000000000916f      0x961 ./Drivers/STM32G0xx_HAL_Driver/Src/stm32g0xx_hal_pwr_ex.o
 .debug_line    0x0000000000009ad0      0xeda ./Drivers/STM32G0xx_HAL_Driver/Src/stm32g0xx_hal_rcc.o
 .debug_line    0x000000000000a9aa      0xa9b ./Drivers/STM32G0xx_HAL_Driver/Src/stm32g0xx_hal_rcc_ex.o
 .debug_line    0x000000000000b445     0x1eab ./Drivers/STM32G0xx_HAL_Driver/Src/stm32g0xx_hal_spi.o
 .debug_line    0x000000000000d2f0     0x3446 ./Drivers/STM32G0xx_HAL_Driver/Src/stm32g0xx_hal_uart.o
 .debug_line    0x0000000000010736      0xe03 ./Drivers/STM32G0xx_HAL_Driver/Src/stm32g0xx_hal_uart_ex.o

.debug_str      0x0000000000000000    0x8489e
 .debug_str     0x0000000000000000    0x81503 ./Core/Src/main.o
                                      0x81b59 (size before relaxing)
 .debug_str     0x0000000000081503      0x193 ./Core/Src/stm32g0xx_hal_msp.o
                                      0x7d109 (size before relaxing)
 .debug_str     0x0000000000081696      0x154 ./Core/Src/stm32g0xx_it.o
                                      0x7cc4d (size before relaxing)
 .debug_str     0x00000000000817ea       0x8e ./Core/Src/system_stm32g0xx.o
                                      0x7c31c (size before relaxing)
 .debug_str     0x0000000000081878       0x36 ./Core/Startup/startup_stm32g030f6px.o
                                         0x85 (size before relaxing)
 .debug_str     0x00000000000818ae      0x46a ./Drivers/STM32G0xx_HAL_Driver/Src/stm32g0xx_hal.o
                                      0x7c9a4 (size before relaxing)
 .debug_str     0x0000000000081d18      0x233 ./Drivers/STM32G0xx_HAL_Driver/Src/stm32g0xx_hal_cortex.o
                                      0x7c733 (size before relaxing)
 .debug_str     0x0000000000081f4b      0x288 ./Drivers/STM32G0xx_HAL_Driver/Src/stm32g0xx_hal_dma.o
                                      0x7c7b6 (size before relaxing)
 .debug_str     0x00000000000821d3      0x13d ./Drivers/STM32G0xx_HAL_Driver/Src/stm32g0xx_hal_gpio.o
                                      0x7c451 (size before relaxing)
 .debug_str     0x0000000000082310      0xd0d ./Drivers/STM32G0xx_HAL_Driver/Src/stm32g0xx_hal_i2c.o
                                      0x7d651 (size before relaxing)
 .debug_str     0x000000000008301d       0xb8 ./Drivers/STM32G0xx_HAL_Driver/Src/stm32g0xx_hal_i2c_ex.o
                                      0x7c96f (size before relaxing)
 .debug_str     0x00000000000830d5      0x221 ./Drivers/STM32G0xx_HAL_Driver/Src/stm32g0xx_hal_pwr_ex.o
                                      0x7c570 (size before relaxing)
 .debug_str     0x00000000000832f6      0x34c ./Drivers/STM32G0xx_HAL_Driver/Src/stm32g0xx_hal_rcc.o
                                      0x7c90d (size before relaxing)
 .debug_str     0x0000000000083642      0x185 ./Drivers/STM32G0xx_HAL_Driver/Src/stm32g0xx_hal_rcc_ex.o
                                      0x7c658 (size before relaxing)
 .debug_str     0x00000000000837c7      0x552 ./Drivers/STM32G0xx_HAL_Driver/Src/stm32g0xx_hal_spi.o
                                      0x7cd02 (size before relaxing)
 .debug_str     0x0000000000083d19      0x951 ./Drivers/STM32G0xx_HAL_Driver/Src/stm32g0xx_hal_uart.o
                                      0x7d2bf (size before relaxing)
 .debug_str     0x000000000008466a      0x234 ./Drivers/STM32G0xx_HAL_Driver/Src/stm32g0xx_hal_uart_ex.o
                                      0x7cb64 (size before relaxing)

.comment        0x0000000000000000       0x50
 .comment       0x0000000000000000       0x50 ./Core/Src/main.o
                                         0x51 (size before relaxing)
 .comment       0x0000000000000050       0x51 ./Core/Src/stm32g0xx_hal_msp.o
 .comment       0x0000000000000050       0x51 ./Core/Src/stm32g0xx_it.o
 .comment       0x0000000000000050       0x51 ./Core/Src/system_stm32g0xx.o
 .comment       0x0000000000000050       0x51 ./Drivers/STM32G0xx_HAL_Driver/Src/stm32g0xx_hal.o
 .comment       0x0000000000000050       0x51 ./Drivers/STM32G0xx_HAL_Driver/Src/stm32g0xx_hal_cortex.o
 .comment       0x0000000000000050       0x51 ./Drivers/STM32G0xx_HAL_Driver/Src/stm32g0xx_hal_dma.o
 .comment       0x0000000000000050       0x51 ./Drivers/STM32G0xx_HAL_Driver/Src/stm32g0xx_hal_gpio.o
 .comment       0x0000000000000050       0x51 ./Drivers/STM32G0xx_HAL_Driver/Src/stm32g0xx_hal_i2c.o
 .comment       0x0000000000000050       0x51 ./Drivers/STM32G0xx_HAL_Driver/Src/stm32g0xx_hal_i2c_ex.o
 .comment       0x0000000000000050       0x51 ./Drivers/STM32G0xx_HAL_Driver/Src/stm32g0xx_hal_pwr_ex.o
 .comment       0x0000000000000050       0x51 ./Drivers/STM32G0xx_HAL_Driver/Src/stm32g0xx_hal_rcc.o
 .comment       0x0000000000000050       0x51 ./Drivers/STM32G0xx_HAL_Driver/Src/stm32g0xx_hal_rcc_ex.o
 .comment       0x0000000000000050       0x51 ./Drivers/STM32G0xx_HAL_Driver/Src/stm32g0xx_hal_spi.o
 .comment       0x0000000000000050       0x51 ./Drivers/STM32G0xx_HAL_Driver/Src/stm32g0xx_hal_uart.o
 .comment       0x0000000000000050       0x51 ./Drivers/STM32G0xx_HAL_Driver/Src/stm32g0xx_hal_uart_ex.o

.debug_frame    0x0000000000000000     0x3040
 .debug_frame   0x0000000000000000      0x1e0 ./Core/Src/main.o
 .debug_frame   0x00000000000001e0       0xf0 ./Core/Src/stm32g0xx_hal_msp.o
 .debug_frame   0x00000000000002d0      0x128 ./Core/Src/stm32g0xx_it.o
 .debug_frame   0x00000000000003f8       0x4c ./Core/Src/system_stm32g0xx.o
 .debug_frame   0x0000000000000444      0x360 ./Drivers/STM32G0xx_HAL_Driver/Src/stm32g0xx_hal.o
 .debug_frame   0x00000000000007a4      0x2fc ./Drivers/STM32G0xx_HAL_Driver/Src/stm32g0xx_hal_cortex.o
 .debug_frame   0x0000000000000aa0      0x1f0 ./Drivers/STM32G0xx_HAL_Driver/Src/stm32g0xx_hal_dma.o
 .debug_frame   0x0000000000000c90      0x130 ./Drivers/STM32G0xx_HAL_Driver/Src/stm32g0xx_hal_gpio.o
 .debug_frame   0x0000000000000dc0      0xa24 ./Drivers/STM32G0xx_HAL_Driver/Src/stm32g0xx_hal_i2c.o
 .debug_frame   0x00000000000017e4       0xd0 ./Drivers/STM32G0xx_HAL_Driver/Src/stm32g0xx_hal_i2c_ex.o
 .debug_frame   0x00000000000018b4      0x1f4 ./Drivers/STM32G0xx_HAL_Driver/Src/stm32g0xx_hal_pwr_ex.o
 .debug_frame   0x0000000000001aa8      0x214 ./Drivers/STM32G0xx_HAL_Driver/Src/stm32g0xx_hal_rcc.o
 .debug_frame   0x0000000000001cbc       0xb0 ./Drivers/STM32G0xx_HAL_Driver/Src/stm32g0xx_hal_rcc_ex.o
 .debug_frame   0x0000000000001d6c      0x710 ./Drivers/STM32G0xx_HAL_Driver/Src/stm32g0xx_hal_spi.o
 .debug_frame   0x000000000000247c      0x8d4 ./Drivers/STM32G0xx_HAL_Driver/Src/stm32g0xx_hal_uart.o
 .debug_frame   0x0000000000002d50      0x23c ./Drivers/STM32G0xx_HAL_Driver/Src/stm32g0xx_hal_uart_ex.o
 .debug_frame   0x0000000000002f8c       0x2c d:/soft/stm32cubeide/stm32cubeide/plugins/com.st.stm32cube.ide.mcu.externaltools.gnu-tools-for-stm32.10.3-2021.10.win32_1.0.0.202111181127/tools/bin/../lib/gcc/arm-none-eabi/10.3.1/../../../../arm-none-eabi/lib/thumb/v6-m/nofp\libc_nano.a(lib_a-init.o)
 .debug_frame   0x0000000000002fb8       0x28 d:/soft/stm32cubeide/stm32cubeide/plugins/com.st.stm32cube.ide.mcu.externaltools.gnu-tools-for-stm32.10.3-2021.10.win32_1.0.0.202111181127/tools/bin/../lib/gcc/arm-none-eabi/10.3.1/../../../../arm-none-eabi/lib/thumb/v6-m/nofp\libc_nano.a(lib_a-memcpy-stub.o)
 .debug_frame   0x0000000000002fe0       0x20 d:/soft/stm32cubeide/stm32cubeide/plugins/com.st.stm32cube.ide.mcu.externaltools.gnu-tools-for-stm32.10.3-2021.10.win32_1.0.0.202111181127/tools/bin/../lib/gcc/arm-none-eabi/10.3.1/../../../../arm-none-eabi/lib/thumb/v6-m/nofp\libc_nano.a(lib_a-memset.o)
 .debug_frame   0x0000000000003000       0x20 d:/soft/stm32cubeide/stm32cubeide/plugins/com.st.stm32cube.ide.mcu.externaltools.gnu-tools-for-stm32.10.3-2021.10.win32_1.0.0.202111181127/tools/bin/../lib/gcc/arm-none-eabi/10.3.1/thumb/v6-m/nofp\libgcc.a(_udivsi3.o)
 .debug_frame   0x0000000000003020       0x20 d:/soft/stm32cubeide/stm32cubeide/plugins/com.st.stm32cube.ide.mcu.externaltools.gnu-tools-for-stm32.10.3-2021.10.win32_1.0.0.202111181127/tools/bin/../lib/gcc/arm-none-eabi/10.3.1/thumb/v6-m/nofp\libgcc.a(_divsi3.o)
