../Core/Src/main.c:105:6:Delay_us	16	static
../Core/Src/main.c:111:6:StructsInit	4	static
../Core/Src/main.c:115:9:TransmitRadio	32	static
../Core/Src/main.c:130:9:GetAllGPS	64	dynamic
../Core/Src/main.c:153:9:GetGPS	48	static
../Core/Src/main.c:172:6:HealthMonitor	8	static
../Core/Src/main.c:201:6:GetData	40	static
../Core/Src/main.c:257:6:SendData	80	static
../Core/Src/main.c:278:10:CheckForFiles	72	dynamic
../Core/Src/main.c:300:6:WriteOnSD	64	dynamic
../Core/Src/main.c:319:5:main	8	static
../Core/Src/main.c:394:6:SystemClock_Config	88	static
../Core/Src/main.c:440:13:MX_ADC1_Init	24	static
../Core/Src/main.c:510:13:MX_I2C1_Init	8	static
../Core/Src/main.c:544:13:MX_SPI1_Init	8	static
../Core/Src/main.c:582:13:MX_TIM2_Init	32	static
../Core/Src/main.c:627:13:MX_TIM11_Init	8	static
../Core/Src/main.c:658:13:MX_USART2_UART_Init	8	static
../Core/Src/main.c:689:13:MX_DMA_Init	16	static
../Core/Src/main.c:707:13:MX_GPIO_Init	48	static
../Core/Src/main.c:757:6:HAL_SYSTICK_Callback	4	static
../Core/Src/main.c:783:7:ADC_ConvertVBat	16	static
../Core/Src/main.c:786:7:ADC_Convert_IDS	16	static
../Core/Src/main.c:789:7:ADC_Convert_ICH	16	static
../Core/Src/main.c:798:6:Error_Handler	4	static,ignoring_inline_asm
