../Core/Src/main.c:140:6:HAL_SYSTICK_Callback	8	static
../Core/Src/main.c:144:9:XOR	16	static
../Core/Src/main.c:148:6:ProcessCMD	48	static
../Core/Src/main.c:206:6:HAL_UARTEx_RxEventCallback	32	static
../Core/Src/main.c:253:5:main	24	static
../Core/Src/main.c:324:6:SystemClock_Config	88	static
../Core/Src/main.c:365:13:MX_I2C2_Init	8	static
../Core/Src/main.c:412:13:MX_SPI1_Init	8	static
../Core/Src/main.c:452:13:MX_USART1_UART_Init	8	static
../Core/Src/main.c:500:13:MX_USART2_UART_Init	8	static
../Core/Src/main.c:534:13:MX_DMA_Init	16	static
../Core/Src/main.c:555:13:MX_GPIO_Init	48	static
../Core/Src/main.c:594:10:parse	72	static
../Core/Src/main.c:660:9:GNSS_decoder	40	static
../Core/Src/main.c:731:6:Error_Handler	8	static,ignoring_inline_asm
